Archive member included to satisfy reference by file (symbol)

c:/program files (x86)/atollic/truestudio for stm32 9.3.0/armtools/bin/../lib/gcc/arm-atollic-eabi/6.3.1/../../../../arm-atollic-eabi/lib/armv7-m\libc_nano.a(lib_a-errno.o)
                              Src\syscalls.o (__errno)
c:/program files (x86)/atollic/truestudio for stm32 9.3.0/armtools/bin/../lib/gcc/arm-atollic-eabi/6.3.1/../../../../arm-atollic-eabi/lib/armv7-m\libc_nano.a(lib_a-exit.o)
                              Src\main.o (exit)
c:/program files (x86)/atollic/truestudio for stm32 9.3.0/armtools/bin/../lib/gcc/arm-atollic-eabi/6.3.1/../../../../arm-atollic-eabi/lib/armv7-m\libc_nano.a(lib_a-impure.o)
                              c:/program files (x86)/atollic/truestudio for stm32 9.3.0/armtools/bin/../lib/gcc/arm-atollic-eabi/6.3.1/../../../../arm-atollic-eabi/lib/armv7-m\libc_nano.a(lib_a-exit.o) (_global_impure_ptr)
c:/program files (x86)/atollic/truestudio for stm32 9.3.0/armtools/bin/../lib/gcc/arm-atollic-eabi/6.3.1/../../../../arm-atollic-eabi/lib/armv7-m\libc_nano.a(lib_a-init.o)
                              startup\startup_stm32l100xc.o (__libc_init_array)
c:/program files (x86)/atollic/truestudio for stm32 9.3.0/armtools/bin/../lib/gcc/arm-atollic-eabi/6.3.1/../../../../arm-atollic-eabi/lib/armv7-m\libc_nano.a(lib_a-malloc.o)
                              Src\main.o (malloc)
c:/program files (x86)/atollic/truestudio for stm32 9.3.0/armtools/bin/../lib/gcc/arm-atollic-eabi/6.3.1/../../../../arm-atollic-eabi/lib/armv7-m\libc_nano.a(lib_a-memset.o)
                              Src\adc.o (memset)
c:/program files (x86)/atollic/truestudio for stm32 9.3.0/armtools/bin/../lib/gcc/arm-atollic-eabi/6.3.1/../../../../arm-atollic-eabi/lib/armv7-m\libc_nano.a(lib_a-nano-freer.o)
                              c:/program files (x86)/atollic/truestudio for stm32 9.3.0/armtools/bin/../lib/gcc/arm-atollic-eabi/6.3.1/../../../../arm-atollic-eabi/lib/armv7-m\libc_nano.a(lib_a-malloc.o) (_free_r)
c:/program files (x86)/atollic/truestudio for stm32 9.3.0/armtools/bin/../lib/gcc/arm-atollic-eabi/6.3.1/../../../../arm-atollic-eabi/lib/armv7-m\libc_nano.a(lib_a-nano-mallocr.o)
                              c:/program files (x86)/atollic/truestudio for stm32 9.3.0/armtools/bin/../lib/gcc/arm-atollic-eabi/6.3.1/../../../../arm-atollic-eabi/lib/armv7-m\libc_nano.a(lib_a-malloc.o) (_malloc_r)
c:/program files (x86)/atollic/truestudio for stm32 9.3.0/armtools/bin/../lib/gcc/arm-atollic-eabi/6.3.1/../../../../arm-atollic-eabi/lib/armv7-m\libc_nano.a(lib_a-rand.o)
                              Src\sim7020.o (rand)
c:/program files (x86)/atollic/truestudio for stm32 9.3.0/armtools/bin/../lib/gcc/arm-atollic-eabi/6.3.1/../../../../arm-atollic-eabi/lib/armv7-m\libc_nano.a(lib_a-sbrkr.o)
                              c:/program files (x86)/atollic/truestudio for stm32 9.3.0/armtools/bin/../lib/gcc/arm-atollic-eabi/6.3.1/../../../../arm-atollic-eabi/lib/armv7-m\libc_nano.a(lib_a-nano-mallocr.o) (_sbrk_r)
c:/program files (x86)/atollic/truestudio for stm32 9.3.0/armtools/bin/../lib/gcc/arm-atollic-eabi/6.3.1/../../../../arm-atollic-eabi/lib/armv7-m\libc_nano.a(lib_a-snprintf.o)
                              Src\main.o (snprintf)
c:/program files (x86)/atollic/truestudio for stm32 9.3.0/armtools/bin/../lib/gcc/arm-atollic-eabi/6.3.1/../../../../arm-atollic-eabi/lib/armv7-m\libc_nano.a(lib_a-sprintf.o)
                              Src\main.o (sprintf)
c:/program files (x86)/atollic/truestudio for stm32 9.3.0/armtools/bin/../lib/gcc/arm-atollic-eabi/6.3.1/../../../../arm-atollic-eabi/lib/armv7-m\libc_nano.a(lib_a-strcat.o)
                              Src\main.o (strcat)
c:/program files (x86)/atollic/truestudio for stm32 9.3.0/armtools/bin/../lib/gcc/arm-atollic-eabi/6.3.1/../../../../arm-atollic-eabi/lib/armv7-m\libc_nano.a(lib_a-strcpy.o)
                              Src\main.o (strcpy)
c:/program files (x86)/atollic/truestudio for stm32 9.3.0/armtools/bin/../lib/gcc/arm-atollic-eabi/6.3.1/../../../../arm-atollic-eabi/lib/armv7-m\libc_nano.a(lib_a-strlen.o)
                              Src\main.o (strlen)
c:/program files (x86)/atollic/truestudio for stm32 9.3.0/armtools/bin/../lib/gcc/arm-atollic-eabi/6.3.1/../../../../arm-atollic-eabi/lib/armv7-m\libc_nano.a(lib_a-mlock.o)
                              c:/program files (x86)/atollic/truestudio for stm32 9.3.0/armtools/bin/../lib/gcc/arm-atollic-eabi/6.3.1/../../../../arm-atollic-eabi/lib/armv7-m\libc_nano.a(lib_a-nano-freer.o) (__malloc_lock)
c:/program files (x86)/atollic/truestudio for stm32 9.3.0/armtools/bin/../lib/gcc/arm-atollic-eabi/6.3.1/../../../../arm-atollic-eabi/lib/armv7-m\libc_nano.a(lib_a-nano-svfprintf.o)
                              c:/program files (x86)/atollic/truestudio for stm32 9.3.0/armtools/bin/../lib/gcc/arm-atollic-eabi/6.3.1/../../../../arm-atollic-eabi/lib/armv7-m\libc_nano.a(lib_a-snprintf.o) (_svfprintf_r)
[...]
Memory Configuration

Name             Origin             Length             Attributes
RAM              0x20000000         0x00004000         xrw
FLASH            0x08000000         0x00040000         xr
*default*        0x00000000         0xffffffff

Linker script and memory map

LOAD c:/program files (x86)/atollic/truestudio for stm32 9.3.0/armtools/bin/../lib/gcc/arm-atollic-eabi/6.3.1/armv7-m/crti.o
LOAD c:/program files (x86)/atollic/truestudio for stm32 9.3.0/armtools/bin/../lib/gcc/arm-atollic-eabi/6.3.1/armv7-m/crtbegin.o
LOAD Drivers\STM32L1xx_HAL_Driver\Src\stm32l1xx_hal.o
LOAD Drivers\STM32L1xx_HAL_Driver\Src\stm32l1xx_hal_adc.o
LOAD Drivers\STM32L1xx_HAL_Driver\Src\stm32l1xx_hal_adc_ex.o
LOAD Drivers\STM32L1xx_HAL_Driver\Src\stm32l1xx_hal_cortex.o
LOAD Drivers\STM32L1xx_HAL_Driver\Src\stm32l1xx_hal_dma.o
LOAD Drivers\STM32L1xx_HAL_Driver\Src\stm32l1xx_hal_flash.o
LOAD Drivers\STM32L1xx_HAL_Driver\Src\stm32l1xx_hal_flash_ex.o
LOAD Drivers\STM32L1xx_HAL_Driver\Src\stm32l1xx_hal_flash_ramfunc.o
LOAD Drivers\STM32L1xx_HAL_Driver\Src\stm32l1xx_hal_gpio.o
LOAD Drivers\STM32L1xx_HAL_Driver\Src\stm32l1xx_hal_i2c.o
LOAD Drivers\STM32L1xx_HAL_Driver\Src\stm32l1xx_hal_pwr.o
LOAD Drivers\STM32L1xx_HAL_Driver\Src\stm32l1xx_hal_pwr_ex.o
LOAD Drivers\STM32L1xx_HAL_Driver\Src\stm32l1xx_hal_rcc.o
LOAD Drivers\STM32L1xx_HAL_Driver\Src\stm32l1xx_hal_rcc_ex.o
LOAD Drivers\STM32L1xx_HAL_Driver\Src\stm32l1xx_hal_rtc.o
LOAD Drivers\STM32L1xx_HAL_Driver\Src\stm32l1xx_hal_rtc_ex.o
LOAD Drivers\STM32L1xx_HAL_Driver\Src\stm32l1xx_hal_tim.o
LOAD Drivers\STM32L1xx_HAL_Driver\Src\stm32l1xx_hal_tim_ex.o
LOAD Drivers\STM32L1xx_HAL_Driver\Src\stm32l1xx_hal_uart.o
LOAD Src\adc.o
LOAD Src\bh1750.o
LOAD Src\dma.o
LOAD Src\filter_sred.o
LOAD Src\gpio.o
LOAD Src\i2c.o
LOAD Src\main.o
LOAD Src\rtc.o
LOAD Src\sim7020.o
LOAD Src\stm32l1xx_hal_msp.o
LOAD Src\stm32l1xx_it.o
LOAD Src\syscalls.o
LOAD Src\system_stm32l1xx.o
LOAD Src\troykaI2CHub.o
LOAD Src\usart.o
LOAD startup\startup_stm32l100xc.o
                0x00000080                malloc_getpagesize_P = 0x80
START GROUP
LOAD c:/program files (x86)/atollic/truestudio for stm32 9.3.0/armtools/bin/../lib/gcc/arm-atollic-eabi/6.3.1/../../../../arm-atollic-eabi/lib/armv7-m\libc_nano.a
LOAD c:/program files (x86)/atollic/truestudio for stm32 9.3.0/armtools/bin/../lib/gcc/arm-atollic-eabi/6.3.1/../../../../arm-atollic-eabi/lib/armv7-m\libm.a
END GROUP
START GROUP
LOAD c:/program files (x86)/atollic/truestudio for stm32 9.3.0/armtools/bin/../lib/gcc/arm-atollic-eabi/6.3.1/armv7-m\libgcc.a
LOAD c:/program files (x86)/atollic/truestudio for stm32 9.3.0/armtools/bin/../lib/gcc/arm-atollic-eabi/6.3.1/../../../../arm-atollic-eabi/lib/armv7-m\libc_nano.a
END GROUP
START GROUP
LOAD c:/program files (x86)/atollic/truestudio for stm32 9.3.0/armtools/bin/../lib/gcc/arm-atollic-eabi/6.3.1/armv7-m\libgcc.a
LOAD c:/program files (x86)/atollic/truestudio for stm32 9.3.0/armtools/bin/../lib/gcc/arm-atollic-eabi/6.3.1/../../../../arm-atollic-eabi/lib/armv7-m\libc_nano.a
LOAD c:/program files (x86)/atollic/truestudio for stm32 9.3.0/armtools/bin/../lib/gcc/arm-atollic-eabi/6.3.1/../../../../arm-atollic-eabi/lib/armv7-m\libnosys.a
END GROUP
START GROUP
LOAD c:/program files (x86)/atollic/truestudio for stm32 9.3.0/armtools/bin/../lib/gcc/arm-atollic-eabi/6.3.1/armv7-m\libgcc.a
LOAD c:/program files (x86)/atollic/truestudio for stm32 9.3.0/armtools/bin/../lib/gcc/arm-atollic-eabi/6.3.1/../../../../arm-atollic-eabi/lib/armv7-m\libc_nano.a
LOAD c:/program files (x86)/atollic/truestudio for stm32 9.3.0/armtools/bin/../lib/gcc/arm-atollic-eabi/6.3.1/../../../../arm-atollic-eabi/lib/armv7-m\libnosys.a
END GROUP
LOAD c:/program files (x86)/atollic/truestudio for stm32 9.3.0/armtools/bin/../lib/gcc/arm-atollic-eabi/6.3.1/armv7-m/crtend.o
LOAD c:/program files (x86)/atollic/truestudio for stm32 9.3.0/armtools/bin/../lib/gcc/arm-atollic-eabi/6.3.1/armv7-m/crtn.o
                0x20004000                _estack = 0x20004000
                0x00000200                _Min_Heap_Size = 0x200
                0x00000400                _Min_Stack_Size = 0x400

.isr_vector     0x08000000      0x13c
                0x08000000                . = ALIGN (0x4)
 *(.isr_vector)
 .isr_vector    0x08000000      0x13c startup\startup_stm32l100xc.o
                0x08000000                g_pfnVectors
                0x0800013c                . = ALIGN (0x4)

.text           0x08000140     0x670c
                0x08000140                . = ALIGN (0x4)
 *(.text)
 .text          0x08000140       0x40 c:/program files (x86)/atollic/truestudio for stm32 9.3.0/armtools/bin/../lib/gcc/arm-atollic-eabi/6.3.1/armv7-m/crtbegin.o
 .text          0x08000180       0x10 c:/program files (x86)/atollic/truestudio for stm32 9.3.0/armtools/bin/../lib/gcc/arm-atollic-eabi/6.3.1/../../../../arm-atollic-eabi/lib/armv7-m\libc_nano.a(lib_a-strlen.o)
                0x08000180                strlen
 .text          0x08000190      0x370 c:/program files (x86)/atollic/truestudio for stm32 9.3.0/armtools/bin/../lib/gcc/arm-atollic-eabi/6.3.1/armv7-m\libgcc.a(_arm_addsubdf3.o)
                0x08000190                __aeabi_drsub
                0x08000198                __aeabi_dsub
                0x08000198                __subdf3
                0x0800019c                __aeabi_dadd
                0x0800019c                __adddf3
                0x08000414                __floatunsidf
                0x08000414                __aeabi_ui2d
                0x08000434                __floatsidf
                0x08000434                __aeabi_i2d
                0x08000458                __aeabi_f2d
                0x08000458                __extendsfdf2
                0x08000494                __floatundidf
                0x08000494                __aeabi_ul2d
                0x080004a4                __floatdidf
                0x080004a4                __aeabi_l2d
 .text          0x08000500      0x424 c:/program files (x86)/atollic/truestudio for stm32 9.3.0/armtools/bin/../lib/gcc/arm-atollic-eabi/6.3.1/armv7-m\libgcc.a(_arm_muldivdf3.o)
                0x08000500                __aeabi_dmul
                0x08000500                __muldf3
                0x08000754                __divdf3
                0x08000754                __aeabi_ddiv
 .text          0x08000924      0x110 c:/program files (x86)/atollic/truestudio for stm32 9.3.0/armtools/bin/../lib/gcc/arm-atollic-eabi/6.3.1/armv7-m\libgcc.a(_arm_cmpdf2.o)
                0x08000924                __gtdf2
                0x08000924                __gedf2
                0x0800092c                __ltdf2
                0x0800092c                __ledf2
                0x08000934                __nedf2
                0x08000934                __eqdf2
                0x08000934                __cmpdf2
                0x080009b0                __aeabi_cdrcmple
                0x080009c0                __aeabi_cdcmpeq
                0x080009c0                __aeabi_cdcmple
                0x080009d0                __aeabi_dcmpeq
                0x080009e4                __aeabi_dcmplt
                0x080009f8                __aeabi_dcmple
                0x08000a0c                __aeabi_dcmpge
                0x08000a20                __aeabi_dcmpgt
 .text          0x08000a34      0x21c c:/program files (x86)/atollic/truestudio for stm32 9.3.0/armtools/bin/../lib/gcc/arm-atollic-eabi/6.3.1/armv7-m\libgcc.a(_arm_addsubsf3.o)
                0x08000a34                __aeabi_frsub
                0x08000a3c                __subsf3
                0x08000a3c                __aeabi_fsub
                0x08000a40                __aeabi_fadd
                0x08000a40                __addsf3
                0x08000ba0                __aeabi_ui2f
                0x08000ba0                __floatunsisf
                0x08000ba8                __aeabi_i2f
                0x08000ba8                __floatsisf
                0x08000bc4                __aeabi_ul2f
                0x08000bc4                __floatundisf
                0x08000bd4                __aeabi_l2f
                0x08000bd4                __floatdisf
 .text          0x08000c50      0x2a0 c:/program files (x86)/atollic/truestudio for stm32 9.3.0/armtools/bin/../lib/gcc/arm-atollic-eabi/6.3.1/armv7-m\libgcc.a(_arm_muldivsf3.o)
                0x08000c50                __mulsf3
                0x08000c50                __aeabi_fmul
                0x08000db8                __aeabi_fdiv
                0x08000db8                __divsf3
 .text          0x08000ef0       0x4c c:/program files (x86)/atollic/truestudio for stm32 9.3.0/armtools/bin/../lib/gcc/arm-atollic-eabi/6.3.1/armv7-m\libgcc.a(_arm_fixsfsi.o)
                0x08000ef0                __aeabi_f2iz
                0x08000ef0                __fixsfsi
 *(.text*)
 .text.HAL_InitTick
                0x08000f3c       0x28 Drivers\STM32L1xx_HAL_Driver\Src\stm32l1xx_hal.o
                0x08000f3c                HAL_InitTick
 .text.HAL_Init
                0x08000f64       0x16 Drivers\STM32L1xx_HAL_Driver\Src\stm32l1xx_hal.o
                0x08000f64                HAL_Init
 *fill*         0x08000f7a        0x2 
 .text.HAL_IncTick
                0x08000f7c       0x10 Drivers\STM32L1xx_HAL_Driver\Src\stm32l1xx_hal.o
                0x08000f7c                HAL_IncTick
 .text.HAL_GetTick
                0x08000f8c        0xc Drivers\STM32L1xx_HAL_Driver\Src\stm32l1xx_hal.o
                0x08000f8c                HAL_GetTick
 .text.HAL_Delay
                0x08000f98       0x1a Drivers\STM32L1xx_HAL_Driver\Src\stm32l1xx_hal.o
                0x08000f98                HAL_Delay
 *fill*         0x08000fb2        0x2 
 .text.HAL_ADC_Init
                0x08000fb4      0x17c Drivers\STM32L1xx_HAL_Driver\Src\stm32l1xx_hal_adc.o
                0x08000fb4                HAL_ADC_Init
 .text.HAL_ADC_ConvCpltCallback
                0x08001130        0x2 Drivers\STM32L1xx_HAL_Driver\Src\stm32l1xx_hal_adc.o
                0x08001130                HAL_ADC_ConvCpltCallback
 .text.ADC_DMAConvCplt
                0x08001132       0x60 Drivers\STM32L1xx_HAL_Driver\Src\stm32l1xx_hal_adc.o
 .text.HAL_ADC_ConvHalfCpltCallback
                0x08001192        0x2 Drivers\STM32L1xx_HAL_Driver\Src\stm32l1xx_hal_adc.o
                0x08001192                HAL_ADC_ConvHalfCpltCallback
 .text.ADC_DMAHalfConvCplt
                0x08001194        0xa Drivers\STM32L1xx_HAL_Driver\Src\stm32l1xx_hal_adc.o
 .text.HAL_ADC_ErrorCallback
                0x0800119e        0x2 Drivers\STM32L1xx_HAL_Driver\Src\stm32l1xx_hal_adc.o
                0x0800119e                HAL_ADC_ErrorCallback
 .text.ADC_DMAError
                0x080011a0       0x1a Drivers\STM32L1xx_HAL_Driver\Src\stm32l1xx_hal_adc.o
 *fill*         0x080011ba        0x2 
 .text.HAL_ADC_ConfigChannel
                0x080011bc      0x158 Drivers\STM32L1xx_HAL_Driver\Src\stm32l1xx_hal_adc.o
                0x080011bc                HAL_ADC_ConfigChannel
 .text.ADC_Enable
                0x08001314       0x74 Drivers\STM32L1xx_HAL_Driver\Src\stm32l1xx_hal_adc.o
                0x08001314                ADC_Enable
 .text.HAL_ADC_Start_DMA
                0x08001388       0xc0 Drivers\STM32L1xx_HAL_Driver\Src\stm32l1xx_hal_adc.o
                0x08001388                HAL_ADC_Start_DMA
 .text.ADC_ConversionStop_Disable
                0x08001448       0x44 Drivers\STM32L1xx_HAL_Driver\Src\stm32l1xx_hal_adc.o
                0x08001448                ADC_ConversionStop_Disable
 .text.HAL_ADC_Stop_DMA
                0x0800148c       0x56 Drivers\STM32L1xx_HAL_Driver\Src\stm32l1xx_hal_adc.o
                0x0800148c                HAL_ADC_Stop_DMA
 *fill*         0x080014e2        0x2 
 .text.HAL_NVIC_SetPriorityGrouping
                0x080014e4       0x24 Drivers\STM32L1xx_HAL_Driver\Src\stm32l1xx_hal_cortex.o
                0x080014e4                HAL_NVIC_SetPriorityGrouping
 .text.HAL_NVIC_SetPriority
                0x08001508       0x68 Drivers\STM32L1xx_HAL_Driver\Src\stm32l1xx_hal_cortex.o
                0x08001508                HAL_NVIC_SetPriority
 .text.HAL_NVIC_EnableIRQ
                0x08001570       0x18 Drivers\STM32L1xx_HAL_Driver\Src\stm32l1xx_hal_cortex.o
                0x08001570                HAL_NVIC_EnableIRQ
 .text.HAL_SYSTICK_Config
                0x08001588       0x2c Drivers\STM32L1xx_HAL_Driver\Src\stm32l1xx_hal_cortex.o
                0x08001588                HAL_SYSTICK_Config
 .text.HAL_DMA_Init
                0x080015b4       0x90 Drivers\STM32L1xx_HAL_Driver\Src\stm32l1xx_hal_dma.o
                0x080015b4                HAL_DMA_Init
 .text.HAL_DMA_Start_IT
                0x08001644       0x7c Drivers\STM32L1xx_HAL_Driver\Src\stm32l1xx_hal_dma.o
                0x08001644                HAL_DMA_Start_IT
 .text.HAL_DMA_Abort
                0x080016c0       0x2c Drivers\STM32L1xx_HAL_Driver\Src\stm32l1xx_hal_dma.o
                0x080016c0                HAL_DMA_Abort
 .text.HAL_DMA_IRQHandler
                0x080016ec       0x90 Drivers\STM32L1xx_HAL_Driver\Src\stm32l1xx_hal_dma.o
                0x080016ec                HAL_DMA_IRQHandler
 .text.HAL_GPIO_Init
                0x0800177c      0x178 Drivers\STM32L1xx_HAL_Driver\Src\stm32l1xx_hal_gpio.o
                0x0800177c                HAL_GPIO_Init
 .text.HAL_GPIO_ReadPin
                0x080018f4        0xc Drivers\STM32L1xx_HAL_Driver\Src\stm32l1xx_hal_gpio.o
                0x080018f4                HAL_GPIO_ReadPin
 .text.HAL_GPIO_WritePin
                0x08001900        0xa Drivers\STM32L1xx_HAL_Driver\Src\stm32l1xx_hal_gpio.o
                0x08001900                HAL_GPIO_WritePin
 .text.I2C_IsAcknowledgeFailed
                0x0800190a       0x2a Drivers\STM32L1xx_HAL_Driver\Src\stm32l1xx_hal_i2c.o
 .text.I2C_WaitOnMasterAddressFlagUntilTimeout
                0x08001934       0x80 Drivers\STM32L1xx_HAL_Driver\Src\stm32l1xx_hal_i2c.o
 .text.I2C_WaitOnFlagUntilTimeout
                0x080019b4       0x5c Drivers\STM32L1xx_HAL_Driver\Src\stm32l1xx_hal_i2c.o
 .text.I2C_WaitOnTXEFlagUntilTimeout
                0x08001a10       0x4c Drivers\STM32L1xx_HAL_Driver\Src\stm32l1xx_hal_i2c.o
 .text.I2C_WaitOnRXNEFlagUntilTimeout
                0x08001a5c       0x5a Drivers\STM32L1xx_HAL_Driver\Src\stm32l1xx_hal_i2c.o
 .text.I2C_WaitOnBTFFlagUntilTimeout
                0x08001ab6       0x4c Drivers\STM32L1xx_HAL_Driver\Src\stm32l1xx_hal_i2c.o
 *fill*         0x08001b02        0x2 
 .text.HAL_I2C_Init
                0x08001b04      0x11c Drivers\STM32L1xx_HAL_Driver\Src\stm32l1xx_hal_i2c.o
                0x08001b04                HAL_I2C_Init
 .text.HAL_I2C_Master_Transmit
                0x08001c20      0x1ac Drivers\STM32L1xx_HAL_Driver\Src\stm32l1xx_hal_i2c.o
                0x08001c20                HAL_I2C_Master_Transmit
 .text.HAL_I2C_Master_Receive
                0x08001dcc      0x2f0 Drivers\STM32L1xx_HAL_Driver\Src\stm32l1xx_hal_i2c.o
                0x08001dcc                HAL_I2C_Master_Receive
 .text.HAL_I2C_IsDeviceReady
                0x080020bc      0x148 Drivers\STM32L1xx_HAL_Driver\Src\stm32l1xx_hal_i2c.o
                0x080020bc                HAL_I2C_IsDeviceReady
 .text.RCC_SetFlashLatencyFromMSIRange
                0x08002204       0x80 Drivers\STM32L1xx_HAL_Driver\Src\stm32l1xx_hal_rcc.o
 .text.HAL_RCC_OscConfig
                0x08002284      0x6a8 Drivers\STM32L1xx_HAL_Driver\Src\stm32l1xx_hal_rcc.o
                0x08002284                HAL_RCC_OscConfig
 .text.HAL_RCC_GetSysClockFreq
                0x0800292c       0x8c Drivers\STM32L1xx_HAL_Driver\Src\stm32l1xx_hal_rcc.o
                0x0800292c                HAL_RCC_GetSysClockFreq
 .text.HAL_RCC_ClockConfig
                0x080029b8      0x1bc Drivers\STM32L1xx_HAL_Driver\Src\stm32l1xx_hal_rcc.o
                0x080029b8                HAL_RCC_ClockConfig
 .text.HAL_RCC_GetPCLK1Freq
                0x08002b74       0x30 Drivers\STM32L1xx_HAL_Driver\Src\stm32l1xx_hal_rcc.o
                0x08002b74                HAL_RCC_GetPCLK1Freq
 .text.HAL_RCC_GetPCLK2Freq
                0x08002ba4       0x30 Drivers\STM32L1xx_HAL_Driver\Src\stm32l1xx_hal_rcc.o
                0x08002ba4                HAL_RCC_GetPCLK2Freq
 .text.HAL_RCCEx_PeriphCLKConfig
                0x08002bd4      0x15c Drivers\STM32L1xx_HAL_Driver\Src\stm32l1xx_hal_rcc_ex.o
                0x08002bd4                HAL_RCCEx_PeriphCLKConfig
 .text.RTC_EnterInitMode
                0x08002d30       0x34 Drivers\STM32L1xx_HAL_Driver\Src\stm32l1xx_hal_rtc.o
                0x08002d30                RTC_EnterInitMode
 .text.HAL_RTC_Init
                0x08002d64       0x84 Drivers\STM32L1xx_HAL_Driver\Src\stm32l1xx_hal_rtc.o
                0x08002d64                HAL_RTC_Init
 .text.RTC_ByteToBcd2
                0x08002de8       0x16 Drivers\STM32L1xx_HAL_Driver\Src\stm32l1xx_hal_rtc.o
                0x08002de8                RTC_ByteToBcd2
 .text.HAL_RTC_SetTime
                0x08002dfe       0xd0 Drivers\STM32L1xx_HAL_Driver\Src\stm32l1xx_hal_rtc.o
                0x08002dfe                HAL_RTC_SetTime
 .text.HAL_RTC_SetDate
                0x08002ece       0xb2 Drivers\STM32L1xx_HAL_Driver\Src\stm32l1xx_hal_rtc.o
                0x08002ece                HAL_RTC_SetDate
 .text.RTC_Bcd2ToByte
                0x08002f80       0x10 Drivers\STM32L1xx_HAL_Driver\Src\stm32l1xx_hal_rtc.o
                0x08002f80                RTC_Bcd2ToByte
 .text.HAL_RTC_GetDate
                0x08002f90       0x40 Drivers\STM32L1xx_HAL_Driver\Src\stm32l1xx_hal_rtc.o
                0x08002f90                HAL_RTC_GetDate
 .text.HAL_RTC_GetTime
                0x08002fd0       0x54 Drivers\STM32L1xx_HAL_Driver\Src\stm32l1xx_hal_rtc_ex.o
                0x08002fd0                HAL_RTC_GetTime
 .text.HAL_RTC_WaitForSynchro
                0x08003024       0x36 Drivers\STM32L1xx_HAL_Driver\Src\stm32l1xx_hal_rtc_ex.o
                0x08003024                HAL_RTC_WaitForSynchro
 *fill*         0x0800305a        0x2 
 .text.UART_SetConfig
                0x0800305c      0x244 Drivers\STM32L1xx_HAL_Driver\Src\stm32l1xx_hal_uart.o
 .text.UART_WaitOnFlagUntilTimeout.constprop.1
                0x080032a0       0x60 Drivers\STM32L1xx_HAL_Driver\Src\stm32l1xx_hal_uart.o
 .text.HAL_UART_Init
                0x08003300       0x58 Drivers\STM32L1xx_HAL_Driver\Src\stm32l1xx_hal_uart.o
                0x08003300                HAL_UART_Init
 .text.HAL_UART_Transmit
                0x08003358       0xb6 Drivers\STM32L1xx_HAL_Driver\Src\stm32l1xx_hal_uart.o
                0x08003358                HAL_UART_Transmit
 .text.HAL_UART_Receive_IT
                0x0800340e       0x64 Drivers\STM32L1xx_HAL_Driver\Src\stm32l1xx_hal_uart.o
                0x0800340e                HAL_UART_Receive_IT
 .text.HAL_UART_TxCpltCallback
                0x08003472        0x2 Drivers\STM32L1xx_HAL_Driver\Src\stm32l1xx_hal_uart.o
                0x08003472                HAL_UART_TxCpltCallback
 .text.HAL_UART_ErrorCallback
                0x08003474        0x2 Drivers\STM32L1xx_HAL_Driver\Src\stm32l1xx_hal_uart.o
                0x08003474                HAL_UART_ErrorCallback
 .text.HAL_UART_IRQHandler
                0x08003476      0x188 Drivers\STM32L1xx_HAL_Driver\Src\stm32l1xx_hal_uart.o
                0x08003476                HAL_UART_IRQHandler
 *fill*         0x080035fe        0x2 
 .text.MX_ADC_Init
                0x08003600       0xac Src\adc.o
                0x08003600                MX_ADC_Init
 .text.HAL_ADC_MspInit
                0x080036ac       0xbc Src\adc.o
                0x080036ac                HAL_ADC_MspInit
 .text.BH1750_SetMtreg.part.0
                0x08003768       0x44 Src\bh1750.o
 .text.BH1750_Reset
                0x080037ac       0x2c Src\bh1750.o
                0x080037ac                BH1750_Reset
 .text.BH1750_Init
                0x080037d8       0x24 Src\bh1750.o
                0x080037d8                BH1750_Init
 .text.BH1750_PowerState
                0x080037fc       0x30 Src\bh1750.o
                0x080037fc                BH1750_PowerState
 .text.BH1750_SetMode
                0x0800382c       0x44 Src\bh1750.o
                0x0800382c                BH1750_SetMode
 .text.BH1750_ReadLight
                0x08003870       0x88 Src\bh1750.o
                0x08003870                BH1750_ReadLight
 .text.MX_DMA_Init
                0x080038f8       0x30 Src\dma.o
                0x080038f8                MX_DMA_Init
 .text.filter_sred
                0x08003928       0x80 Src\filter_sred.o
                0x08003928                filter_sred
 .text.MX_GPIO_Init
                0x080039a8      0x174 Src\gpio.o
                0x080039a8                MX_GPIO_Init
 .text.MX_I2C1_Init
                0x08003b1c       0x40 Src\i2c.o
                0x08003b1c                MX_I2C1_Init
 .text.HAL_I2C_MspInit
                0x08003b5c       0x6c Src\i2c.o
                0x08003b5c                HAL_I2C_MspInit
 .text.getDateTime
                0x08003bc8       0x78 Src\main.o
                0x08003bc8                getDateTime
 .text.RTC_Set  0x08003c40       0x68 Src\main.o
                0x08003c40                RTC_Set
 .text.batKey1Handler
                0x08003ca8       0x1c Src\main.o
                0x08003ca8                batKey1Handler
 .text.batKey2Handler
                0x08003cc4       0x1c Src\main.o
                0x08003cc4                batKey2Handler
 .text.key3VBusHandler
                0x08003ce0       0x1c Src\main.o
                0x08003ce0                key3VBusHandler
 .text.adcRead  0x08003cfc       0xb8 Src\main.o
                0x08003cfc                adcRead
 .text.readLs   0x08003db4       0xec Src\main.o
                0x08003db4                readLs
 .text.readRain
                0x08003ea0       0xa4 Src\main.o
                0x08003ea0                readRain
 *fill*         0x08003f44        0x4 
 .text.calculateVBat0
                0x08003f48       0x8c Src\main.o
                0x08003f48                calculateVBat0
 *fill*         0x08003fd4        0x4 
 .text.calculateVBat1
                0x08003fd8       0x8c Src\main.o
                0x08003fd8                calculateVBat1
 .text.I2C_Scan
                0x08004064       0xa0 Src\main.o
                0x08004064                I2C_Scan
 .text.leftFarmPositionControl
                0x08004104       0x5c Src\main.o
                0x08004104                leftFarmPositionControl
 .text.rightFarmPositionControl
                0x08004160       0x5c Src\main.o
                0x08004160                rightFarmPositionControl
 .text.liftPositionControl
                0x080041bc       0x5c Src\main.o
                0x080041bc                liftPositionControl
 .text.refreshStateControl
                0x08004218       0x24 Src\main.o
                0x08004218                refreshStateControl
 .text.sunTrackControl
                0x0800423c       0xd0 Src\main.o
                0x0800423c                sunTrackControl
 .text.mechWakeUpControl
                0x0800430c       0x50 Src\main.o
                0x0800430c                mechWakeUpControl
 .text.mechSleepControl
                0x0800435c       0x8c Src\main.o
                0x0800435c                mechSleepControl
 .text.motor0Handler
                0x080043e8       0x58 Src\main.o
                0x080043e8                motor0Handler
 .text.motor1Handler
                0x08004440       0x54 Src\main.o
                0x08004440                motor1Handler
 .text.motor2Handler
                0x08004494       0x5c Src\main.o
                0x08004494                motor2Handler
 .text.motor3Handler
                0x080044f0       0x5c Src\main.o
                0x080044f0                motor3Handler
 .text.motor4Handler
                0x0800454c       0x60 Src\main.o
                0x0800454c                motor4Handler
 .text.motor5Handler
                0x080045ac       0x5c Src\main.o
                0x080045ac                motor5Handler
 .text.endstop0Control
                0x08004608       0x30 Src\main.o
                0x08004608                endstop0Control
 .text.endstop1Control
                0x08004638       0x30 Src\main.o
                0x08004638                endstop1Control
 .text.endstop2Control
                0x08004668       0x30 Src\main.o
                0x08004668                endstop2Control
 .text.endstop00Handler
                0x08004698       0x28 Src\main.o
                0x08004698                endstop00Handler
 .text.endstop01Handler
                0x080046c0       0x28 Src\main.o
                0x080046c0                endstop01Handler
 .text.endstop10Handler
                0x080046e8       0x28 Src\main.o
                0x080046e8                endstop10Handler
 .text.endstop11Handler
                0x08004710       0x28 Src\main.o
                0x08004710                endstop11Handler
 .text.endstop20Handler
                0x08004738       0x28 Src\main.o
                0x08004738                endstop20Handler
 .text.endstop21Handler
                0x08004760       0x28 Src\main.o
                0x08004760                endstop21Handler
 .text.endstop30Handler
                0x08004788       0x2c Src\main.o
                0x08004788                endstop30Handler
 .text.endstop31Handler
                0x080047b4       0x2c Src\main.o
                0x080047b4                endstop31Handler
 .text.buttonsHandler
                0x080047e0       0x5c Src\main.o
                0x080047e0                buttonsHandler
 .text.relictMqttReportEstop
                0x0800483c      0x180 Src\main.o
                0x0800483c                relictMqttReportEstop
 .text.relictMqttReportMechState
                0x080049bc      0x178 Src\main.o
                0x080049bc                relictMqttReportMechState
 .text.relictMqttReportHandler
                0x08004b34       0x28 Src\main.o
                0x08004b34                relictMqttReportHandler
 .text.SystemClock_Config
                0x08004b5c       0x80 Src\main.o
                0x08004b5c                SystemClock_Config
 .text.startup.main
                0x08004bdc      0x1d4 Src\main.o
                0x08004bdc                main
 .text.HAL_UART_RxCpltCallback
                0x08004db0       0xa8 Src\main.o
                0x08004db0                HAL_UART_RxCpltCallback
 .text.Error_Handler
                0x08004e58        0x2 Src\main.o
                0x08004e58                Error_Handler
 *fill*         0x08004e5a        0x2 
 .text.MX_RTC_Init
                0x08004e5c       0x8c Src\rtc.o
                0x08004e5c                MX_RTC_Init
 .text.HAL_RTC_MspInit
                0x08004ee8       0x28 Src\rtc.o
                0x08004ee8                HAL_RTC_MspInit
 .text.generateRandomClientID
                0x08004f10       0x8c Src\sim7020.o
                0x08004f10                generateRandomClientID
 .text.sim7020_init
                0x08004f9c       0x14 Src\sim7020.o
                0x08004f9c                sim7020_init
 .text.sim7020_powerCycle
                0x08004fb0       0xb8 Src\sim7020.o
                0x08004fb0                sim7020_powerCycle
 .text.sim7020_dtr
                0x08005068       0x9c Src\sim7020.o
                0x08005068                sim7020_dtr
 .text.writecommand
                0x08005104       0xf4 Src\sim7020.o
                0x08005104                writecommand
 .text.runscript
                0x080051f8       0x68 Src\sim7020.o
                0x080051f8                runscript
 .text.sim7020_readimei
                0x08005260       0x74 Src\sim7020.o
                0x08005260                sim7020_readimei
 .text.sim7020_readmfr
                0x080052d4       0x78 Src\sim7020.o
                0x080052d4                sim7020_readmfr
 .text.sim7020_readcicc
                0x0800534c       0x74 Src\sim7020.o
                0x0800534c                sim7020_readcicc
 .text.sim7020_readmodel
                0x080053c0       0x88 Src\sim7020.o
                0x080053c0                sim7020_readmodel
 .text.sim7020_NBcops
                0x08005448       0x84 Src\sim7020.o
                0x08005448                sim7020_NBcops
 .text.sim7020_NBcsq
                0x080054cc       0x88 Src\sim7020.o
                0x080054cc                sim7020_NBcsq
 .text.sim7020_NBcmqnew
                0x08005554       0x88 Src\sim7020.o
                0x08005554                sim7020_NBcmqnew
 .text.sim7020_NBcmqcon
                0x080055dc      0x194 Src\sim7020.o
                0x080055dc                sim7020_NBcmqcon
 .text.sim7020_NBcmqdiscon
                0x08005770       0x58 Src\sim7020.o
                0x08005770                sim7020_NBcmqdiscon
 .text.sim7020_NBcpin
                0x080057c8       0x58 Src\sim7020.o
                0x080057c8                sim7020_NBcpin
 .text.sim7020_NBcmqpub
                0x08005820       0x8c Src\sim7020.o
                0x08005820                sim7020_NBcmqpub
 .text.sim7020_NBcopsUntillConnect
                0x080058ac       0x80 Src\sim7020.o
                0x080058ac                sim7020_NBcopsUntillConnect
 .text.sim7020_NBcmqnewUntillConnect
                0x0800592c       0x18 Src\sim7020.o
                0x0800592c                sim7020_NBcmqnewUntillConnect
 .text.sim7020_hardwareInfo
                0x08005944      0x26c Src\sim7020.o
                0x08005944                sim7020_hardwareInfo
 .text.HAL_MspInit
                0x08005bb0       0x44 Src\stm32l1xx_hal_msp.o
                0x08005bb0                HAL_MspInit
 .text.NMI_Handler
                0x08005bf4        0x2 Src\stm32l1xx_it.o
                0x08005bf4                NMI_Handler
 .text.HardFault_Handler
                0x08005bf6        0x2 Src\stm32l1xx_it.o
                0x08005bf6                HardFault_Handler
 .text.MemManage_Handler
                0x08005bf8        0x2 Src\stm32l1xx_it.o
                0x08005bf8                MemManage_Handler
 .text.BusFault_Handler
                0x08005bfa        0x2 Src\stm32l1xx_it.o
                0x08005bfa                BusFault_Handler
 .text.UsageFault_Handler
                0x08005bfc        0x2 Src\stm32l1xx_it.o
                0x08005bfc                UsageFault_Handler
 .text.SVC_Handler
                0x08005bfe        0x2 Src\stm32l1xx_it.o
                0x08005bfe                SVC_Handler
 .text.DebugMon_Handler
                0x08005c00        0x2 Src\stm32l1xx_it.o
                0x08005c00                DebugMon_Handler
 .text.PendSV_Handler
                0x08005c02        0x2 Src\stm32l1xx_it.o
                0x08005c02                PendSV_Handler
 .text.SysTick_Handler
                0x08005c04        0x4 Src\stm32l1xx_it.o
                0x08005c04                SysTick_Handler
 .text.DMA1_Channel1_IRQHandler
                0x08005c08        0xc Src\stm32l1xx_it.o
                0x08005c08                DMA1_Channel1_IRQHandler
 .text.USART2_IRQHandler
                0x08005c14        0xc Src\stm32l1xx_it.o
                0x08005c14                USART2_IRQHandler
 .text.USART3_IRQHandler
                0x08005c20        0xc Src\stm32l1xx_it.o
                0x08005c20                USART3_IRQHandler
 .text._sbrk    0x08005c2c       0x34 Src\syscalls.o
                0x08005c2c                _sbrk
 .text.SystemInit
                0x08005c60       0x48 Src\system_stm32l1xx.o
                0x08005c60                SystemInit
 .text.troykaI2CHub_init
                0x08005ca8        0xc Src\troykaI2CHub.o
                0x08005ca8                troykaI2CHub_init
 .text.troykaI2CHub_setBusChannel
                0x08005cb4       0x34 Src\troykaI2CHub.o
                0x08005cb4                troykaI2CHub_setBusChannel
 .text.MX_USART2_UART_Init
                0x08005ce8       0x38 Src\usart.o
                0x08005ce8                MX_USART2_UART_Init
 .text.MX_USART3_UART_Init
                0x08005d20       0x38 Src\usart.o
                0x08005d20                MX_USART3_UART_Init
 .text.HAL_UART_MspInit
                0x08005d58      0x108 Src\usart.o
                0x08005d58                HAL_UART_MspInit
 .text.Reset_Handler
                0x08005e60       0x48 startup\startup_stm32l100xc.o
                0x08005e60                Reset_Handler
 .text.Default_Handler
                0x08005ea8        0x2 startup\startup_stm32l100xc.o
                0x08005ea8                RTC_Alarm_IRQHandler
                0x08005ea8                EXTI2_IRQHandler
                0x08005ea8                COMP_ACQ_IRQHandler
                0x08005ea8                TIM10_IRQHandler
                0x08005ea8                USB_HP_IRQHandler
                0x08005ea8                TIM6_IRQHandler
                0x08005ea8                PVD_IRQHandler
                0x08005ea8                EXTI3_IRQHandler
                0x08005ea8                EXTI0_IRQHandler
                0x08005ea8                I2C2_EV_IRQHandler
                0x08005ea8                SPI1_IRQHandler
                0x08005ea8                USB_FS_WKUP_IRQHandler
                0x08005ea8                DMA2_Channel2_IRQHandler
                0x08005ea8                DMA1_Channel4_IRQHandler
                0x08005ea8                ADC1_IRQHandler
                0x08005ea8                DMA1_Channel7_IRQHandler
                0x08005ea8                LCD_IRQHandler
                0x08005ea8                TIM4_IRQHandler
                0x08005ea8                DMA2_Channel1_IRQHandler
                0x08005ea8                I2C1_EV_IRQHandler
                0x08005ea8                DMA1_Channel6_IRQHandler
                0x08005ea8                DMA2_Channel4_IRQHandler
                0x08005ea8                TIM3_IRQHandler
                0x08005ea8                RCC_IRQHandler
                0x08005ea8                Default_Handler
                0x08005ea8                EXTI15_10_IRQHandler
                0x08005ea8                TIM7_IRQHandler
                0x08005ea8                EXTI9_5_IRQHandler
                0x08005ea8                TIM9_IRQHandler
                0x08005ea8                TAMPER_STAMP_IRQHandler
                0x08005ea8                RTC_WKUP_IRQHandler
                0x08005ea8                SPI2_IRQHandler
                0x08005ea8                DMA2_Channel5_IRQHandler
                0x08005ea8                DMA1_Channel5_IRQHandler
                0x08005ea8                USB_LP_IRQHandler
                0x08005ea8                EXTI4_IRQHandler
                0x08005ea8                DMA1_Channel3_IRQHandler
                0x08005ea8                COMP_IRQHandler
                0x08005ea8                WWDG_IRQHandler
                0x08005ea8                TIM2_IRQHandler
                0x08005ea8                DAC_IRQHandler
                0x08005ea8                EXTI1_IRQHandler
                0x08005ea8                TIM11_IRQHandler
                0x08005ea8                I2C2_ER_IRQHandler
                0x08005ea8                DMA1_Channel2_IRQHandler
                0x08005ea8                FLASH_IRQHandler
                0x08005ea8                USART1_IRQHandler
                0x08005ea8                SPI3_IRQHandler
                0x08005ea8                I2C1_ER_IRQHandler
                0x08005ea8                DMA2_Channel3_IRQHandler
 *fill*         0x08005eaa        0x2 
 .text.__errno  0x08005eac        0xc c:/program files (x86)/atollic/truestudio for stm32 9.3.0/armtools/bin/../lib/gcc/arm-atollic-eabi/6.3.1/../../../../arm-atollic-eabi/lib/armv7-m\libc_nano.a(lib_a-errno.o)
                0x08005eac                __errno
 .text.__libc_init_array
                0x08005eb8       0x48 c:/program files (x86)/atollic/truestudio for stm32 9.3.0/armtools/bin/../lib/gcc/arm-atollic-eabi/6.3.1/../../../../arm-atollic-eabi/lib/armv7-m\libc_nano.a(lib_a-init.o)
                0x08005eb8                __libc_init_array
 .text.malloc   0x08005f00       0x10 c:/program files (x86)/atollic/truestudio for stm32 9.3.0/armtools/bin/../lib/gcc/arm-atollic-eabi/6.3.1/../../../../arm-atollic-eabi/lib/armv7-m\libc_nano.a(lib_a-malloc.o)
                0x08005f00                malloc
 .text.memset   0x08005f10       0x10 c:/program files (x86)/atollic/truestudio for stm32 9.3.0/armtools/bin/../lib/gcc/arm-atollic-eabi/6.3.1/../../../../arm-atollic-eabi/lib/armv7-m\libc_nano.a(lib_a-memset.o)
                0x08005f10                memset
 .text._free_r  0x08005f20       0x98 c:/program files (x86)/atollic/truestudio for stm32 9.3.0/armtools/bin/../lib/gcc/arm-atollic-eabi/6.3.1/../../../../arm-atollic-eabi/lib/armv7-m\libc_nano.a(lib_a-nano-freer.o)
                0x08005f20                _free_r
 .text._malloc_r
                0x08005fb8       0xbc c:/program files (x86)/atollic/truestudio for stm32 9.3.0/armtools/bin/../lib/gcc/arm-atollic-eabi/6.3.1/../../../../arm-atollic-eabi/lib/armv7-m\libc_nano.a(lib_a-nano-mallocr.o)
                0x08005fb8                _malloc_r
 .text.rand     0x08006074       0x74 c:/program files (x86)/atollic/truestudio for stm32 9.3.0/armtools/bin/../lib/gcc/arm-atollic-eabi/6.3.1/../../../../arm-atollic-eabi/lib/armv7-m\libc_nano.a(lib_a-rand.o)
                0x08006074                rand
 .text._sbrk_r  0x080060e8       0x20 c:/program files (x86)/atollic/truestudio for stm32 9.3.0/armtools/bin/../lib/gcc/arm-atollic-eabi/6.3.1/../../../../arm-atollic-eabi/lib/armv7-m\libc_nano.a(lib_a-sbrkr.o)
                0x080060e8                _sbrk_r
 .text.snprintf
                0x08006108       0x68 c:/program files (x86)/atollic/truestudio for stm32 9.3.0/armtools/bin/../lib/gcc/arm-atollic-eabi/6.3.1/../../../../arm-atollic-eabi/lib/armv7-m\libc_nano.a(lib_a-snprintf.o)
                0x08006108                sniprintf
                0x08006108                snprintf
 .text.strcat   0x08006170       0x1e c:/program files (x86)/atollic/truestudio for stm32 9.3.0/armtools/bin/../lib/gcc/arm-atollic-eabi/6.3.1/../../../../arm-atollic-eabi/lib/armv7-m\libc_nano.a(lib_a-strcat.o)
                0x08006170                strcat
 .text.strcpy   0x0800618e       0x10 c:/program files (x86)/atollic/truestudio for stm32 9.3.0/armtools/bin/../lib/gcc/arm-atollic-eabi/6.3.1/../../../../arm-atollic-eabi/lib/armv7-m\libc_nano.a(lib_a-strcpy.o)
                0x0800618e                strcpy
 .text.__malloc_lock
                0x0800619e        0x2 c:/program files (x86)/atollic/truestudio for stm32 9.3.0/armtools/bin/../lib/gcc/arm-atollic-eabi/6.3.1/../../../../arm-atollic-eabi/lib/armv7-m\libc_nano.a(lib_a-mlock.o)
                0x0800619e                __malloc_lock
 .text.__malloc_unlock
                0x080061a0        0x2 c:/program files (x86)/atollic/truestudio for stm32 9.3.0/armtools/bin/../lib/gcc/arm-atollic-eabi/6.3.1/../../../../arm-atollic-eabi/lib/armv7-m\libc_nano.a(lib_a-mlock.o)
                0x080061a0                __malloc_unlock
 .text.__ssputs_r
                0x080061a2       0xb6 c:/program files (x86)/atollic/truestudio for stm32 9.3.0/armtools/bin/../lib/gcc/arm-atollic-eabi/6.3.1/../../../../arm-atollic-eabi/lib/armv7-m\libc_nano.a(lib_a-nano-svfprintf.o)
                0x080061a2                __ssputs_r
 .text._svfprintf_r
                0x08006258      0x1e8 c:/program files (x86)/atollic/truestudio for stm32 9.3.0/armtools/bin/../lib/gcc/arm-atollic-eabi/6.3.1/../../../../arm-atollic-eabi/lib/armv7-m\libc_nano.a(lib_a-nano-svfprintf.o)
                0x08006258                _svfiprintf_r
                0x08006258                _svfprintf_r
 .text._printf_common
                0x08006440       0xee c:/program files (x86)/atollic/truestudio for stm32 9.3.0/armtools/bin/../lib/gcc/arm-atollic-eabi/6.3.1/../../../../arm-atollic-eabi/lib/armv7-m\libc_nano.a(lib_a-nano-vfprintf_i.o)
                0x08006440                _printf_common
 *fill*         0x0800652e        0x2 
 .text._printf_i
                0x08006530      0x240 c:/program files (x86)/atollic/truestudio for stm32 9.3.0/armtools/bin/../lib/gcc/arm-atollic-eabi/6.3.1/../../../../arm-atollic-eabi/lib/armv7-m\libc_nano.a(lib_a-nano-vfprintf_i.o)
                0x08006530                _printf_i
 .text.memchr   0x08006770       0x1c c:/program files (x86)/atollic/truestudio for stm32 9.3.0/armtools/bin/../lib/gcc/arm-atollic-eabi/6.3.1/../../../../arm-atollic-eabi/lib/armv7-m\libc_nano.a(lib_a-memchr-stub.o)
                0x08006770                memchr
 .text.memcpy   0x0800678c       0x16 c:/program files (x86)/atollic/truestudio for stm32 9.3.0/armtools/bin/../lib/gcc/arm-atollic-eabi/6.3.1/../../../../arm-atollic-eabi/lib/armv7-m\libc_nano.a(lib_a-memcpy-stub.o)
                0x0800678c                memcpy
 .text.memmove  0x080067a2       0x34 c:/program files (x86)/atollic/truestudio for stm32 9.3.0/armtools/bin/../lib/gcc/arm-atollic-eabi/6.3.1/../../../../arm-atollic-eabi/lib/armv7-m\libc_nano.a(lib_a-memmove.o)
                0x080067a2                memmove
 .text._realloc_r
                0x080067d6       0x4c c:/program files (x86)/atollic/truestudio for stm32 9.3.0/armtools/bin/../lib/gcc/arm-atollic-eabi/6.3.1/../../../../arm-atollic-eabi/lib/armv7-m\libc_nano.a(lib_a-nano-reallocr.o)
                0x080067d6                _realloc_r
 .text._malloc_usable_size_r
                0x08006822       0x12 c:/program files (x86)/atollic/truestudio for stm32 9.3.0/armtools/bin/../lib/gcc/arm-atollic-eabi/6.3.1/../../../../arm-atollic-eabi/lib/armv7-m\libc_nano.a(lib_a-nano-msizer.o)
                0x08006822                _malloc_usable_size_r
 *(.glue_7)
 .glue_7        0x08006834        0x0 linker stubs
 *(.glue_7t)
 .glue_7t       0x08006834        0x0 linker stubs
 *(.eh_frame)
 .eh_frame      0x08006834        0x0 c:/program files (x86)/atollic/truestudio for stm32 9.3.0/armtools/bin/../lib/gcc/arm-atollic-eabi/6.3.1/armv7-m/crtbegin.o
 *(.init)
 .init          0x08006834        0x4 c:/program files (x86)/atollic/truestudio for stm32 9.3.0/armtools/bin/../lib/gcc/arm-atollic-eabi/6.3.1/armv7-m/crti.o
                0x08006834                _init
 .init          0x08006838        0x8 c:/program files (x86)/atollic/truestudio for stm32 9.3.0/armtools/bin/../lib/gcc/arm-atollic-eabi/6.3.1/armv7-m/crtn.o
 *(.fini)
 .fini          0x08006840        0x4 c:/program files (x86)/atollic/truestudio for stm32 9.3.0/armtools/bin/../lib/gcc/arm-atollic-eabi/6.3.1/armv7-m/crti.o
                0x08006840                _fini
 .fini          0x08006844        0x8 c:/program files (x86)/atollic/truestudio for stm32 9.3.0/armtools/bin/../lib/gcc/arm-atollic-eabi/6.3.1/armv7-m/crtn.o
                0x0800684c                . = ALIGN (0x4)
                0x0800684c                _etext = .

.vfp11_veneer   0x0800684c        0x0
 .vfp11_veneer  0x0800684c        0x0 linker stubs

.v4_bx          0x0800684c        0x0
 .v4_bx         0x0800684c        0x0 linker stubs

.iplt           0x0800684c        0x0
 .iplt          0x0800684c        0x0 c:/program files (x86)/atollic/truestudio for stm32 9.3.0/armtools/bin/../lib/gcc/arm-atollic-eabi/6.3.1/armv7-m/crtbegin.o

.rodata         0x0800684c      0x5ec
                0x0800684c                . = ALIGN (0x4)
 *(.rodata)
 .rodata        0x0800684c       0x30 Src\main.o
 .rodata        0x0800687c        0x2 Src\sim7020.o
 *(.rodata*)
 .rodata.I2C_Scan.str1.1
                0x0800687e       0x1b Src\main.o
                                 0x1e (size before relaxing)
 .rodata.debugPrint0.str1.1
                0x08006899       0x2d Src\main.o
                                 0x30 (size before relaxing)
 .rodata.relictMqttReportEstop.str1.1
                0x080068c6       0x19 Src\main.o
 .rodata.relictMqttReportMechState.str1.1
                0x080068df       0x4c Src\main.o
 .rodata.str1.1
                0x0800692b      0x212 Src\main.o
 .rodata.generateRandomClientID.str1.1
                0x08006b3d       0x1c Src\sim7020.o
                                 0x1f (size before relaxing)
 .rodata.runscript.str1.1
                0x08006b59        0xe Src\sim7020.o
 .rodata.sim7020_NBcmqcon.str1.1
                0x08006b67       0x20 Src\sim7020.o
                                 0x26 (size before relaxing)
 .rodata.sim7020_NBcmqdiscon.str1.1
                0x08006b87       0x17 Src\sim7020.o
 .rodata.sim7020_NBcmqnew.str1.1
                0x08006b9e       0x16 Src\sim7020.o
 .rodata.sim7020_NBcmqpub.str1.1
                0x08006bb4        0xf Src\sim7020.o
 .rodata.sim7020_NBcops.str1.1
                0x08006bc3       0x11 Src\sim7020.o
 .rodata.sim7020_NBcopsUntillConnect.str1.1
                0x08006bd4        0xa Src\sim7020.o
 .rodata.sim7020_NBcpin.str1.1
                0x08006bde        0xf Src\sim7020.o
 .rodata.sim7020_NBcsq.str1.1
                0x08006bed       0x16 Src\sim7020.o
 .rodata.sim7020_dtr.str1.1
                0x08006c03       0x25 Src\sim7020.o
 .rodata.sim7020_hardwareInfo.str1.1
                0x08006c28       0x64 Src\sim7020.o
 .rodata.sim7020_powerCycle.str1.1
                0x08006c8c       0x39 Src\sim7020.o
 .rodata.sim7020_readcicc.str1.1
                0x08006cc5        0xc Src\sim7020.o
 .rodata.sim7020_readimei.str1.1
                0x08006cd1        0xc Src\sim7020.o
 .rodata.sim7020_readmfr.str1.1
                0x08006cdd        0xb Src\sim7020.o
 .rodata.sim7020_readmodel.str1.1
                0x08006ce8        0xd Src\sim7020.o
 .rodata.str1.1
                0x08006cf5       0xca Src\sim7020.o
 .rodata.writecommand.str1.1
                0x08006dbf       0x24 Src\sim7020.o
 .rodata.AHBPrescTable
                0x08006de3       0x10 Src\system_stm32l1xx.o
                0x08006de3                AHBPrescTable
 .rodata.APBPrescTable
                0x08006df3        0x8 Src\system_stm32l1xx.o
                0x08006df3                APBPrescTable
 .rodata.PLLMulTable
                0x08006dfb        0x9 Src\system_stm32l1xx.o
                0x08006dfb                PLLMulTable
 .rodata._svfprintf_r.str1.1
                0x08006e04       0x11 c:/program files (x86)/atollic/truestudio for stm32 9.3.0/armtools/bin/../lib/gcc/arm-atollic-eabi/6.3.1/../../../../arm-atollic-eabi/lib/armv7-m\libc_nano.a(lib_a-nano-svfprintf.o)
 .rodata._printf_i.str1.1
                0x08006e15       0x22 c:/program files (x86)/atollic/truestudio for stm32 9.3.0/armtools/bin/../lib/gcc/arm-atollic-eabi/6.3.1/../../../../arm-atollic-eabi/lib/armv7-m\libc_nano.a(lib_a-nano-vfprintf_i.o)
                0x08006e38                . = ALIGN (0x4)
 *fill*         0x08006e37        0x1 

.rel.dyn        0x08006e38        0x0
 .rel.iplt      0x08006e38        0x0 c:/program files (x86)/atollic/truestudio for stm32 9.3.0/armtools/bin/../lib/gcc/arm-atollic-eabi/6.3.1/armv7-m/crtbegin.o

.ARM.extab
 *(.ARM.extab* .gnu.linkonce.armextab.*)

.ARM            0x08006e38        0x0
                0x08006e38                __exidx_start = .
 *(.ARM.exidx*)
                0x08006e38                __exidx_end = .

.preinit_array  0x08006e38        0x0
                0x08006e38                PROVIDE (__preinit_array_start, .)
 *(.preinit_array*)
                0x08006e38                PROVIDE (__preinit_array_end, .)

.init_array     0x08006e38        0x4
                0x08006e38                PROVIDE (__init_array_start, .)
 *(SORT(.init_array.*))
 *(.init_array*)
 .init_array    0x08006e38        0x4 c:/program files (x86)/atollic/truestudio for stm32 9.3.0/armtools/bin/../lib/gcc/arm-atollic-eabi/6.3.1/armv7-m/crtbegin.o
                0x08006e3c                PROVIDE (__init_array_end, .)

.fini_array     0x08006e3c        0x4
                [!provide]                PROVIDE (__fini_array_start, .)
 *(SORT(.fini_array.*))
 *(.fini_array*)
 .fini_array    0x08006e3c        0x4 c:/program files (x86)/atollic/truestudio for stm32 9.3.0/armtools/bin/../lib/gcc/arm-atollic-eabi/6.3.1/armv7-m/crtbegin.o
                [!provide]                PROVIDE (__fini_array_end, .)
                0x08006e40                _sidata = LOADADDR (.data)

.data           0x20000000       0xcc load address 0x08006e40
                0x20000000                . = ALIGN (0x4)
                0x20000000                _sdata = .
 *(.data)
 *(.data*)
 .data.farm0    0x20000000        0x1 Src\main.o
                0x20000000                farm0
 .data.farm0State
                0x20000001        0x1 Src\main.o
                0x20000001                farm0State
 .data.farm1    0x20000002        0x1 Src\main.o
                0x20000002                farm1
 .data.farm1State
                0x20000003        0x1 Src\main.o
                0x20000003                farm1State
 .data.lift     0x20000004        0x1 Src\main.o
                0x20000004                lift
 .data.lift0State
                0x20000005        0x1 Src\main.o
                0x20000005                lift0State
 .data.motor0Cmd
                0x20000006        0x1 Src\main.o
                0x20000006                motor0Cmd
 .data.motor1Cmd
                0x20000007        0x1 Src\main.o
                0x20000007                motor1Cmd
 .data.motor2Cmd
                0x20000008        0x1 Src\main.o
                0x20000008                motor2Cmd
 .data.motor3Cmd
                0x20000009        0x1 Src\main.o
                0x20000009                motor3Cmd
 .data.motor4Cmd
                0x2000000a        0x1 Src\main.o
                0x2000000a                motor4Cmd
 .data.motor5Cmd
                0x2000000b        0x1 Src\main.o
                0x2000000b                motor5Cmd
 .data.relict   0x2000000c        0x1 Src\main.o
                0x2000000c                relict
 *fill*         0x2000000d        0x3 
 .data.NBcmqconLogin
                0x20000010        0x4 Src\sim7020.o
                0x20000010                NBcmqconLogin
 .data.NBcmqconPass
                0x20000014        0x4 Src\sim7020.o
                0x20000014                NBcmqconPass
 .data.NBcmqdiscon
                0x20000018        0x8 Src\sim7020.o
                0x20000018                NBcmqdiscon
 .data.NBcmqnew
                0x20000020        0x8 Src\sim7020.o
                0x20000020                NBcmqnew
 .data.NBcops   0x20000028        0x8 Src\sim7020.o
                0x20000028                NBcops
 .data.NBcpin   0x20000030        0x8 Src\sim7020.o
                0x20000030                NBcpin
 .data.NBcsq    0x20000038        0x8 Src\sim7020.o
                0x20000038                NBcsq
 .data.NBgetcicc
                0x20000040        0x8 Src\sim7020.o
                0x20000040                NBgetcicc
 .data.NBgetimei
                0x20000048        0x8 Src\sim7020.o
                0x20000048                NBgetimei
 .data.NBgetmfr
                0x20000050        0x8 Src\sim7020.o
                0x20000050                NBgetmfr
 .data.NBgetmodel
                0x20000058        0x8 Src\sim7020.o
                0x20000058                NBgetmodel
 .data.TimeOut  0x20000060        0x4 Src\sim7020.o
                0x20000060                TimeOut
 .data.SystemCoreClock
                0x20000064        0x4 Src\system_stm32l1xx.o
                0x20000064                SystemCoreClock
 .data._impure_ptr
                0x20000068        0x4 c:/program files (x86)/atollic/truestudio for stm32 9.3.0/armtools/bin/../lib/gcc/arm-atollic-eabi/6.3.1/../../../../arm-atollic-eabi/lib/armv7-m\libc_nano.a(lib_a-impure.o)
                0x20000068                _impure_ptr
 .data.impure_data
                0x2000006c       0x60 c:/program files (x86)/atollic/truestudio for stm32 9.3.0/armtools/bin/../lib/gcc/arm-atollic-eabi/6.3.1/../../../../arm-atollic-eabi/lib/armv7-m\libc_nano.a(lib_a-impure.o)
                0x200000cc                . = ALIGN (0x4)
                0x200000cc                _edata = .

.igot.plt       0x200000cc        0x0 load address 0x08006f0c
 .igot.plt      0x200000cc        0x0 c:/program files (x86)/atollic/truestudio for stm32 9.3.0/armtools/bin/../lib/gcc/arm-atollic-eabi/6.3.1/armv7-m/crtbegin.o
                0x200000cc                . = ALIGN (0x4)

.bss            0x200000d0      0xc98 load address 0x08006f0c
                0x200000d0                _sbss = .
                0x200000d0                __bss_start__ = _sbss
 *(.bss)
 .bss           0x200000d0       0x1c c:/program files (x86)/atollic/truestudio for stm32 9.3.0/armtools/bin/../lib/gcc/arm-atollic-eabi/6.3.1/armv7-m/crtbegin.o
 *(.bss*)
 .bss.rx_flag   0x200000ec        0x1 Src\main.o
                0x200000ec                rx_flag
 *fill*         0x200000ed        0x3 
 .bss.heap_end.5887
                0x200000f0        0x4 Src\syscalls.o
 .bss.__malloc_free_list
                0x200000f4        0x4 c:/program files (x86)/atollic/truestudio for stm32 9.3.0/armtools/bin/../lib/gcc/arm-atollic-eabi/6.3.1/../../../../arm-atollic-eabi/lib/armv7-m\libc_nano.a(lib_a-nano-mallocr.o)
                0x200000f4                __malloc_free_list
 .bss.__malloc_sbrk_start
                0x200000f8        0x4 c:/program files (x86)/atollic/truestudio for stm32 9.3.0/armtools/bin/../lib/gcc/arm-atollic-eabi/6.3.1/../../../../arm-atollic-eabi/lib/armv7-m\libc_nano.a(lib_a-nano-mallocr.o)
                0x200000f8                __malloc_sbrk_start
 *(COMMON)
 COMMON         0x200000fc        0x4 Drivers\STM32L1xx_HAL_Driver\Src\stm32l1xx_hal.o
                0x200000fc                uwTick
 COMMON         0x20000100       0x98 Src\adc.o
                0x20000100                hdma_adc
                0x20000144                hadc
 COMMON         0x20000198        0x9 Src\bh1750.o
                0x20000198                Bh1750_Mode
                0x2000019c                bh1750_i2c
                0x200001a0                Bh1750_Mtreg
 *fill*         0x200001a1        0x3 
 COMMON         0x200001a4       0x54 Src\i2c.o
                0x200001a4                hi2c1
 COMMON         0x200001f8      0x988 Src\main.o
                0x200001f8                ADC14
                0x200001fa                ADC13
                0x200001fc                transfer
                0x20000200                ls_tr
                0x20000204                endstop11State
                0x20000206                dvert
                0x20000208                c_day
                0x2000020c                F12
                0x20000210                buf_11
                0x20000410                rainSensor1Av
                0x20000418                dvertCorrect
                0x20000419                c_year
                0x2000041a                endstop00State
                0x2000041b                c_month
                0x2000041c                batKey2State
                0x2000041e                avr
                0x20000420                avb
                0x20000422                filter_11
                0x20000424                buf_14
                0x20000624                ls_tl
                0x20000628                buf_13
                0x20000828                avl
                0x20000830                vDif0
                0x20000838                ADC12
                0x2000083a                endstop21State
                0x2000083b                mqttReportState
                0x2000083c                chrKey2State
                0x2000083d                key3VBusState
                0x2000083e                rainSensor1Dv
                0x2000083f                c_min
                0x20000840                ADC_value
                0x20000848                vBat0Percent
                0x20000850                rx_buffer
                0x200008b4                chrKey1State
                0x200008b6                filter_13
                0x200008b8                avt
                0x200008ba                buffer
                0x2000091e                refreshState
                0x20000920                vBat1
                0x20000928                buf_12
                0x20000b28                vBat0
                0x20000b30                endstop20State
                0x20000b31                c_hour
                0x20000b32                dhorzCorrect
                0x20000b34                filter_14
                0x20000b38                F13
                0x20000b3c                endstop31State
                0x20000b3d                rx_data
                0x20000b3f                rainSensor0Dv
                0x20000b40                batKey1State
                0x20000b44                F14
                0x20000b48                ls_br
                0x20000b4c                dhorz
                0x20000b4e                ok_flag
                0x20000b50                ls_bl
                0x20000b54                ADC11
                0x20000b56                c_dow
                0x20000b58                rainSensor0Av
                0x20000b60                vBat1Percent
                0x20000b68                endstop01State
                0x20000b6c                F11
                0x20000b70                endstop30State
                0x20000b72                filter_12
                0x20000b74                endstop10State
                0x20000b75                c_sec
                0x20000b78                vDif1
 COMMON         0x20000b80       0x20 Src\rtc.o
                0x20000b80                hrtc
 COMMON         0x20000ba0      0x13c Src\sim7020.o
                0x20000ba0                MyCsq
                0x20000bb0                MyCmqpub
                0x20000be2                MyCops
                0x20000bfc                sim7020_ctrl
                0x20000c00                MyCicc
                0x20000c18                MyModel
                0x20000c28                MyCmqnew
                0x20000c5a                clientID
                0x20000c66                MyCmqcon
                0x20000c98                MyMfr
                0x20000ca8                MyIp
                0x20000cb8                sim7020_msg
                0x20000cbc                MyImei
 COMMON         0x20000cdc        0x5 Src\troykaI2CHub.o
                0x20000cdc                troykaI2CHub_i2c
                0x20000ce0                _i2cHubAddr
 *fill*         0x20000ce1        0x3 
 COMMON         0x20000ce4       0x80 Src\usart.o
                0x20000ce4                huart3
                0x20000d24                huart2
 COMMON         0x20000d64        0x4 c:/program files (x86)/atollic/truestudio for stm32 9.3.0/armtools/bin/../lib/gcc/arm-atollic-eabi/6.3.1/../../../../arm-atollic-eabi/lib/armv7-m\libc_nano.a(lib_a-reent.o)
                0x20000d64                errno
                0x20000d68                . = ALIGN (0x4)
                0x20000d68                _ebss = .
                0x20000d68                __bss_end__ = _ebss

._user_heap_stack
                0x20000d68      0x600 load address 0x08006f0c
                0x20000d68                . = ALIGN (0x4)
                0x20000d68                PROVIDE (end, .)
                [!provide]                PROVIDE (_end, .)
                0x20000f68                . = (. + _Min_Heap_Size)
 *fill*         0x20000d68      0x200 
                0x20001368                . = (. + _Min_Stack_Size)
 *fill*         0x20000f68      0x400 
                0x20001368                . = ALIGN (0x4)

/DISCARD/
 libc.a(*)
 libm.a(*)
 libgcc.a(*)

.ARM.attributes
                0x00000000       0x29
 *(.ARM.attributes)
 .ARM.attributes
                0x00000000       0x1d c:/program files (x86)/atollic/truestudio for stm32 9.3.0/armtools/bin/../lib/gcc/arm-atollic-eabi/6.3.1/armv7-m/crti.o
 .ARM.attributes
                0x0000001d       0x2d c:/program files (x86)/atollic/truestudio for stm32 9.3.0/armtools/bin/../lib/gcc/arm-atollic-eabi/6.3.1/armv7-m/crtbegin.o
 .ARM.attributes
                0x0000004a       0x33 Drivers\STM32L1xx_HAL_Driver\Src\stm32l1xx_hal.o
 .ARM.attributes
                0x0000007d       0x33 Drivers\STM32L1xx_HAL_Driver\Src\stm32l1xx_hal_adc.o
 .ARM.attributes
                0x000000b0       0x33 Drivers\STM32L1xx_HAL_Driver\Src\stm32l1xx_hal_cortex.o
 .ARM.attributes
                0x000000e3       0x33 Drivers\STM32L1xx_HAL_Driver\Src\stm32l1xx_hal_dma.o
 .ARM.attributes
                0x00000116       0x33 Drivers\STM32L1xx_HAL_Driver\Src\stm32l1xx_hal_gpio.o
 .ARM.attributes
                0x00000149       0x33 Drivers\STM32L1xx_HAL_Driver\Src\stm32l1xx_hal_i2c.o
 .ARM.attributes
                0x0000017c       0x33 Drivers\STM32L1xx_HAL_Driver\Src\stm32l1xx_hal_rcc.o
 .ARM.attributes
                0x000001af       0x33 Drivers\STM32L1xx_HAL_Driver\Src\stm32l1xx_hal_rcc_ex.o
 .ARM.attributes
                0x000001e2       0x33 Drivers\STM32L1xx_HAL_Driver\Src\stm32l1xx_hal_rtc.o
 .ARM.attributes
                0x00000215       0x33 Drivers\STM32L1xx_HAL_Driver\Src\stm32l1xx_hal_rtc_ex.o
 .ARM.attributes
                0x00000248       0x33 Drivers\STM32L1xx_HAL_Driver\Src\stm32l1xx_hal_uart.o
 .ARM.attributes
                0x0000027b       0x33 Src\adc.o
 .ARM.attributes
                0x000002ae       0x33 Src\bh1750.o
 .ARM.attributes
                0x000002e1       0x33 Src\dma.o
 .ARM.attributes
                0x00000314       0x33 Src\filter_sred.o
 .ARM.attributes
                0x00000347       0x33 Src\gpio.o
 .ARM.attributes
                0x0000037a       0x33 Src\i2c.o
 .ARM.attributes
                0x000003ad       0x33 Src\main.o
 .ARM.attributes
                0x000003e0       0x33 Src\rtc.o
 .ARM.attributes
                0x00000413       0x33 Src\sim7020.o
 .ARM.attributes
                0x00000446       0x33 Src\stm32l1xx_hal_msp.o
 .ARM.attributes
                0x00000479       0x33 Src\stm32l1xx_it.o
 .ARM.attributes
                0x000004ac       0x33 Src\syscalls.o
 .ARM.attributes
                0x000004df       0x33 Src\system_stm32l1xx.o
 .ARM.attributes
                0x00000512       0x33 Src\troykaI2CHub.o
 .ARM.attributes
                0x00000545       0x33 Src\usart.o
 .ARM.attributes
                0x00000578       0x21 startup\startup_stm32l100xc.o
 .ARM.attributes
                0x00000599       0x2d c:/program files (x86)/atollic/truestudio for stm32 9.3.0/armtools/bin/../lib/gcc/arm-atollic-eabi/6.3.1/../../../../arm-atollic-eabi/lib/armv7-m\libc_nano.a(lib_a-errno.o)
 .ARM.attributes
                0x000005c6       0x2d c:/program files (x86)/atollic/truestudio for stm32 9.3.0/armtools/bin/../lib/gcc/arm-atollic-eabi/6.3.1/../../../../arm-atollic-eabi/lib/armv7-m\libc_nano.a(lib_a-impure.o)
 .ARM.attributes
                0x000005f3       0x2d c:/program files (x86)/atollic/truestudio for stm32 9.3.0/armtools/bin/../lib/gcc/arm-atollic-eabi/6.3.1/../../../../arm-atollic-eabi/lib/armv7-m\libc_nano.a(lib_a-init.o)
 .ARM.attributes
                0x00000620       0x2d c:/program files (x86)/atollic/truestudio for stm32 9.3.0/armtools/bin/../lib/gcc/arm-atollic-eabi/6.3.1/../../../../arm-atollic-eabi/lib/armv7-m\libc_nano.a(lib_a-malloc.o)
 .ARM.attributes
                0x0000064d       0x2d c:/program files (x86)/atollic/truestudio for stm32 9.3.0/armtools/bin/../lib/gcc/arm-atollic-eabi/6.3.1/../../../../arm-atollic-eabi/lib/armv7-m\libc_nano.a(lib_a-memset.o)
 .ARM.attributes
                0x0000067a       0x2d c:/program files (x86)/atollic/truestudio for stm32 9.3.0/armtools/bin/../lib/gcc/arm-atollic-eabi/6.3.1/../../../../arm-atollic-eabi/lib/armv7-m\libc_nano.a(lib_a-nano-freer.o)
 .ARM.attributes
                0x000006a7       0x2d c:/program files (x86)/atollic/truestudio for stm32 9.3.0/armtools/bin/../lib/gcc/arm-atollic-eabi/6.3.1/../../../../arm-atollic-eabi/lib/armv7-m\libc_nano.a(lib_a-nano-mallocr.o)
 .ARM.attributes
                0x000006d4       0x2d c:/program files (x86)/atollic/truestudio for stm32 9.3.0/armtools/bin/../lib/gcc/arm-atollic-eabi/6.3.1/../../../../arm-atollic-eabi/lib/armv7-m\libc_nano.a(lib_a-rand.o)
 .ARM.attributes
                0x00000701       0x2d c:/program files (x86)/atollic/truestudio for stm32 9.3.0/armtools/bin/../lib/gcc/arm-atollic-eabi/6.3.1/../../../../arm-atollic-eabi/lib/armv7-m\libc_nano.a(lib_a-sbrkr.o)
 .ARM.attributes
                0x0000072e       0x2d c:/program files (x86)/atollic/truestudio for stm32 9.3.0/armtools/bin/../lib/gcc/arm-atollic-eabi/6.3.1/../../../../arm-atollic-eabi/lib/armv7-m\libc_nano.a(lib_a-snprintf.o)
 .ARM.attributes
                0x0000075b       0x2d c:/program files (x86)/atollic/truestudio for stm32 9.3.0/armtools/bin/../lib/gcc/arm-atollic-eabi/6.3.1/../../../../arm-atollic-eabi/lib/armv7-m\libc_nano.a(lib_a-strcat.o)
 .ARM.attributes
                0x00000788       0x2d c:/program files (x86)/atollic/truestudio for stm32 9.3.0/armtools/bin/../lib/gcc/arm-atollic-eabi/6.3.1/../../../../arm-atollic-eabi/lib/armv7-m\libc_nano.a(lib_a-strcpy.o)
 .ARM.attributes
                0x000007b5       0x17 c:/program files (x86)/atollic/truestudio for stm32 9.3.0/armtools/bin/../lib/gcc/arm-atollic-eabi/6.3.1/../../../../arm-atollic-eabi/lib/armv7-m\libc_nano.a(lib_a-strlen.o)
 .ARM.attributes
                0x000007cc       0x2d c:/program files (x86)/atollic/truestudio for stm32 9.3.0/armtools/bin/../lib/gcc/arm-atollic-eabi/6.3.1/../../../../arm-atollic-eabi/lib/armv7-m\libc_nano.a(lib_a-mlock.o)
 .ARM.attributes
                0x000007f9       0x2d c:/program files (x86)/atollic/truestudio for stm32 9.3.0/armtools/bin/../lib/gcc/arm-atollic-eabi/6.3.1/../../../../arm-atollic-eabi/lib/armv7-m\libc_nano.a(lib_a-nano-svfprintf.o)
 .ARM.attributes
                0x00000826       0x2d c:/program files (x86)/atollic/truestudio for stm32 9.3.0/armtools/bin/../lib/gcc/arm-atollic-eabi/6.3.1/../../../../arm-atollic-eabi/lib/armv7-m\libc_nano.a(lib_a-nano-vfprintf_i.o)
 .ARM.attributes
                0x00000853       0x2d c:/program files (x86)/atollic/truestudio for stm32 9.3.0/armtools/bin/../lib/gcc/arm-atollic-eabi/6.3.1/../../../../arm-atollic-eabi/lib/armv7-m\libc_nano.a(lib_a-reent.o)
 .ARM.attributes
                0x00000880       0x2d c:/program files (x86)/atollic/truestudio for stm32 9.3.0/armtools/bin/../lib/gcc/arm-atollic-eabi/6.3.1/../../../../arm-atollic-eabi/lib/armv7-m\libc_nano.a(lib_a-memchr-stub.o)
 .ARM.attributes
                0x000008ad       0x2d c:/program files (x86)/atollic/truestudio for stm32 9.3.0/armtools/bin/../lib/gcc/arm-atollic-eabi/6.3.1/../../../../arm-atollic-eabi/lib/armv7-m\libc_nano.a(lib_a-memcpy-stub.o)
 .ARM.attributes
                0x000008da       0x2d c:/program files (x86)/atollic/truestudio for stm32 9.3.0/armtools/bin/../lib/gcc/arm-atollic-eabi/6.3.1/../../../../arm-atollic-eabi/lib/armv7-m\libc_nano.a(lib_a-memmove.o)
 .ARM.attributes
                0x00000907       0x2d c:/program files (x86)/atollic/truestudio for stm32 9.3.0/armtools/bin/../lib/gcc/arm-atollic-eabi/6.3.1/../../../../arm-atollic-eabi/lib/armv7-m\libc_nano.a(lib_a-nano-reallocr.o)
 .ARM.attributes
                0x00000934       0x2d c:/program files (x86)/atollic/truestudio for stm32 9.3.0/armtools/bin/../lib/gcc/arm-atollic-eabi/6.3.1/../../../../arm-atollic-eabi/lib/armv7-m\libc_nano.a(lib_a-nano-msizer.o)
 .ARM.attributes
                0x00000961       0x1d c:/program files (x86)/atollic/truestudio for stm32 9.3.0/armtools/bin/../lib/gcc/arm-atollic-eabi/6.3.1/armv7-m\libgcc.a(_arm_addsubdf3.o)
 .ARM.attributes
                0x0000097e       0x1d c:/program files (x86)/atollic/truestudio for stm32 9.3.0/armtools/bin/../lib/gcc/arm-atollic-eabi/6.3.1/armv7-m\libgcc.a(_arm_muldivdf3.o)
 .ARM.attributes
                0x0000099b       0x1d c:/program files (x86)/atollic/truestudio for stm32 9.3.0/armtools/bin/../lib/gcc/arm-atollic-eabi/6.3.1/armv7-m\libgcc.a(_arm_cmpdf2.o)
 .ARM.attributes
                0x000009b8       0x1d c:/program files (x86)/atollic/truestudio for stm32 9.3.0/armtools/bin/../lib/gcc/arm-atollic-eabi/6.3.1/armv7-m\libgcc.a(_arm_addsubsf3.o)
 .ARM.attributes
                0x000009d5       0x1d c:/program files (x86)/atollic/truestudio for stm32 9.3.0/armtools/bin/../lib/gcc/arm-atollic-eabi/6.3.1/armv7-m\libgcc.a(_arm_muldivsf3.o)
 .ARM.attributes
                0x000009f2       0x1d c:/program files (x86)/atollic/truestudio for stm32 9.3.0/armtools/bin/../lib/gcc/arm-atollic-eabi/6.3.1/armv7-m\libgcc.a(_arm_fixsfsi.o)
 .ARM.attributes
                0x00000a0f       0x1d c:/program files (x86)/atollic/truestudio for stm32 9.3.0/armtools/bin/../lib/gcc/arm-atollic-eabi/6.3.1/armv7-m/crtn.o
OUTPUT(solar.elf elf32-littlearm)

.debug_info     0x00000000    0x23162
 .debug_info    0x00000000      0xeb1 Drivers\STM32L1xx_HAL_Driver\Src\stm32l1xx_hal.o
 .debug_info    0x00000eb1     0x18d9 Drivers\STM32L1xx_HAL_Driver\Src\stm32l1xx_hal_adc.o
 .debug_info    0x0000278a     0x16bf Drivers\STM32L1xx_HAL_Driver\Src\stm32l1xx_hal_cortex.o
 .debug_info    0x00003e49     0x1026 Drivers\STM32L1xx_HAL_Driver\Src\stm32l1xx_hal_dma.o
 .debug_info    0x00004e6f      0xe9c Drivers\STM32L1xx_HAL_Driver\Src\stm32l1xx_hal_gpio.o
 .debug_info    0x00005d0b     0x35b9 Drivers\STM32L1xx_HAL_Driver\Src\stm32l1xx_hal_i2c.o
 .debug_info    0x000092c4     0x1e43 Drivers\STM32L1xx_HAL_Driver\Src\stm32l1xx_hal_rcc.o
 .debug_info    0x0000b107      0xe65 Drivers\STM32L1xx_HAL_Driver\Src\stm32l1xx_hal_rcc_ex.o
 .debug_info    0x0000bf6c     0x1208 Drivers\STM32L1xx_HAL_Driver\Src\stm32l1xx_hal_rtc.o
 .debug_info    0x0000d174     0x1c67 Drivers\STM32L1xx_HAL_Driver\Src\stm32l1xx_hal_rtc_ex.o
 .debug_info    0x0000eddb     0x19e3 Drivers\STM32L1xx_HAL_Driver\Src\stm32l1xx_hal_uart.o
 .debug_info    0x000107be     0x12dd Src\adc.o
 .debug_info    0x00011a9b     0x1159 Src\bh1750.o
 .debug_info    0x00012bf4      0xc0c Src\dma.o
 .debug_info    0x00013800       0xe5 Src\filter_sred.o
 .debug_info    0x000138e5      0xd90 Src\gpio.o
 .debug_info    0x00014675     0x114f Src\i2c.o
 .debug_info    0x000157c4     0x4bb2 Src\main.o
 .debug_info    0x0001a376      0xe83 Src\rtc.o
 .debug_info    0x0001b1f9     0x2727 Src\sim7020.o
 .debug_info    0x0001d920      0xa7d Src\stm32l1xx_hal_msp.o
 .debug_info    0x0001e39d      0xe92 Src\stm32l1xx_it.o
 .debug_info    0x0001f22f      0xfe1 Src\syscalls.o
 .debug_info    0x00020210      0xc69 Src\system_stm32l1xx.o
 .debug_info    0x00020e79      0xed5 Src\troykaI2CHub.o
 .debug_info    0x00021d4e     0x13a3 Src\usart.o
 .debug_info    0x000230f1       0x71 startup\startup_stm32l100xc.o

.debug_abbrev   0x00000000     0x44a6
 .debug_abbrev  0x00000000      0x2a4 Drivers\STM32L1xx_HAL_Driver\Src\stm32l1xx_hal.o
 .debug_abbrev  0x000002a4      0x37a Drivers\STM32L1xx_HAL_Driver\Src\stm32l1xx_hal_adc.o
 .debug_abbrev  0x0000061e      0x386 Drivers\STM32L1xx_HAL_Driver\Src\stm32l1xx_hal_cortex.o
 .debug_abbrev  0x000009a4      0x29e Drivers\STM32L1xx_HAL_Driver\Src\stm32l1xx_hal_dma.o
 .debug_abbrev  0x00000c42      0x268 Drivers\STM32L1xx_HAL_Driver\Src\stm32l1xx_hal_gpio.o
 .debug_abbrev  0x00000eaa      0x396 Drivers\STM32L1xx_HAL_Driver\Src\stm32l1xx_hal_i2c.o
 .debug_abbrev  0x00001240      0x37e Drivers\STM32L1xx_HAL_Driver\Src\stm32l1xx_hal_rcc.o
 .debug_abbrev  0x000015be      0x311 Drivers\STM32L1xx_HAL_Driver\Src\stm32l1xx_hal_rcc_ex.o
 .debug_abbrev  0x000018cf      0x2c6 Drivers\STM32L1xx_HAL_Driver\Src\stm32l1xx_hal_rtc.o
 .debug_abbrev  0x00001b95      0x2d5 Drivers\STM32L1xx_HAL_Driver\Src\stm32l1xx_hal_rtc_ex.o
 .debug_abbrev  0x00001e6a      0x36c Drivers\STM32L1xx_HAL_Driver\Src\stm32l1xx_hal_uart.o
 .debug_abbrev  0x000021d6      0x250 Src\adc.o
 .debug_abbrev  0x00002426      0x2b0 Src\bh1750.o
 .debug_abbrev  0x000026d6      0x1f5 Src\dma.o
 .debug_abbrev  0x000028cb       0xba Src\filter_sred.o
 .debug_abbrev  0x00002985      0x1f9 Src\gpio.o
 .debug_abbrev  0x00002b7e      0x24d Src\i2c.o
 .debug_abbrev  0x00002dcb      0x3cc Src\main.o
 .debug_abbrev  0x00003197      0x272 Src\rtc.o
 .debug_abbrev  0x00003409      0x3bd Src\sim7020.o
 .debug_abbrev  0x000037c6      0x1b1 Src\stm32l1xx_hal_msp.o
 .debug_abbrev  0x00003977      0x206 Src\stm32l1xx_it.o
 .debug_abbrev  0x00003b7d      0x2d9 Src\syscalls.o
 .debug_abbrev  0x00003e56      0x1ca Src\system_stm32l1xx.o
 .debug_abbrev  0x00004020      0x221 Src\troykaI2CHub.o
 .debug_abbrev  0x00004241      0x253 Src\usart.o
 .debug_abbrev  0x00004494       0x12 startup\startup_stm32l100xc.o

.debug_loc      0x00000000     0x871c
 .debug_loc     0x00000000       0x6a Drivers\STM32L1xx_HAL_Driver\Src\stm32l1xx_hal.o
 .debug_loc     0x0000006a      0x83c Drivers\STM32L1xx_HAL_Driver\Src\stm32l1xx_hal_adc.o
 .debug_loc     0x000008a6      0x48c Drivers\STM32L1xx_HAL_Driver\Src\stm32l1xx_hal_cortex.o
 .debug_loc     0x00000d32      0x5c6 Drivers\STM32L1xx_HAL_Driver\Src\stm32l1xx_hal_dma.o
 .debug_loc     0x000012f8      0x2ff Drivers\STM32L1xx_HAL_Driver\Src\stm32l1xx_hal_gpio.o
 .debug_loc     0x000015f7     0x25b8 Drivers\STM32L1xx_HAL_Driver\Src\stm32l1xx_hal_i2c.o
 .debug_loc     0x00003baf      0xaf6 Drivers\STM32L1xx_HAL_Driver\Src\stm32l1xx_hal_rcc.o
 .debug_loc     0x000046a5      0x295 Drivers\STM32L1xx_HAL_Driver\Src\stm32l1xx_hal_rcc_ex.o
 .debug_loc     0x0000493a      0x440 Drivers\STM32L1xx_HAL_Driver\Src\stm32l1xx_hal_rtc.o
 .debug_loc     0x00004d7a     0x109b Drivers\STM32L1xx_HAL_Driver\Src\stm32l1xx_hal_rtc_ex.o
 .debug_loc     0x00005e15      0xdb4 Drivers\STM32L1xx_HAL_Driver\Src\stm32l1xx_hal_uart.o
 .debug_loc     0x00006bc9       0x63 Src\adc.o
 .debug_loc     0x00006c2c      0x133 Src\bh1750.o
 .debug_loc     0x00006d5f       0x86 Src\filter_sred.o
 .debug_loc     0x00006de5       0x58 Src\i2c.o
 .debug_loc     0x00006e3d      0x8e7 Src\main.o
 .debug_loc     0x00007724       0x2c Src\rtc.o
 .debug_loc     0x00007750      0x9e4 Src\sim7020.o
 .debug_loc     0x00008134      0x3ef Src\syscalls.o
 .debug_loc     0x00008523      0x135 Src\system_stm32l1xx.o
 .debug_loc     0x00008658       0x3a Src\troykaI2CHub.o
 .debug_loc     0x00008692       0x8a Src\usart.o

.debug_aranges  0x00000000      0xdb8
 .debug_aranges
                0x00000000       0xa8 Drivers\STM32L1xx_HAL_Driver\Src\stm32l1xx_hal.o
 .debug_aranges
                0x000000a8       0xc8 Drivers\STM32L1xx_HAL_Driver\Src\stm32l1xx_hal_adc.o
 .debug_aranges
                0x00000170       0xa8 Drivers\STM32L1xx_HAL_Driver\Src\stm32l1xx_hal_cortex.o
 .debug_aranges
                0x00000218       0x78 Drivers\STM32L1xx_HAL_Driver\Src\stm32l1xx_hal_dma.o
 .debug_aranges
                0x00000290       0x58 Drivers\STM32L1xx_HAL_Driver\Src\stm32l1xx_hal_gpio.o
 .debug_aranges
                0x000002e8      0x190 Drivers\STM32L1xx_HAL_Driver\Src\stm32l1xx_hal_i2c.o
 .debug_aranges
                0x00000478       0x90 Drivers\STM32L1xx_HAL_Driver\Src\stm32l1xx_hal_rcc.o
 .debug_aranges
                0x00000508       0x58 Drivers\STM32L1xx_HAL_Driver\Src\stm32l1xx_hal_rcc_ex.o
 .debug_aranges
                0x00000560       0x80 Drivers\STM32L1xx_HAL_Driver\Src\stm32l1xx_hal_rtc.o
 .debug_aranges
                0x000005e0      0x148 Drivers\STM32L1xx_HAL_Driver\Src\stm32l1xx_hal_rtc_ex.o
 .debug_aranges
                0x00000728      0x108 Drivers\STM32L1xx_HAL_Driver\Src\stm32l1xx_hal_uart.o
 .debug_aranges
                0x00000830       0x30 Src\adc.o
 .debug_aranges
                0x00000860       0x58 Src\bh1750.o
 .debug_aranges
                0x000008b8       0x20 Src\dma.o
 .debug_aranges
                0x000008d8       0x20 Src\filter_sred.o
 .debug_aranges
                0x000008f8       0x20 Src\gpio.o
 .debug_aranges
                0x00000918       0x30 Src\i2c.o
 .debug_aranges
                0x00000948      0x190 Src\main.o
 .debug_aranges
                0x00000ad8       0x30 Src\rtc.o
 .debug_aranges
                0x00000b08       0xd0 Src\sim7020.o
 .debug_aranges
                0x00000bd8       0x20 Src\stm32l1xx_hal_msp.o
 .debug_aranges
                0x00000bf8       0x60 Src\stm32l1xx_it.o
 .debug_aranges
                0x00000c58       0xb0 Src\syscalls.o
 .debug_aranges
                0x00000d08       0x28 Src\system_stm32l1xx.o
 .debug_aranges
                0x00000d30       0x28 Src\troykaI2CHub.o
 .debug_aranges
                0x00000d58       0x38 Src\usart.o
 .debug_aranges
                0x00000d90       0x28 startup\startup_stm32l100xc.o

.debug_ranges   0x00000000     0x1540
 .debug_ranges  0x00000000       0x98 Drivers\STM32L1xx_HAL_Driver\Src\stm32l1xx_hal.o
 .debug_ranges  0x00000098       0xd0 Drivers\STM32L1xx_HAL_Driver\Src\stm32l1xx_hal_adc.o
 .debug_ranges  0x00000168      0x140 Drivers\STM32L1xx_HAL_Driver\Src\stm32l1xx_hal_cortex.o
 .debug_ranges  0x000002a8       0xa8 Drivers\STM32L1xx_HAL_Driver\Src\stm32l1xx_hal_dma.o
 .debug_ranges  0x00000350       0x68 Drivers\STM32L1xx_HAL_Driver\Src\stm32l1xx_hal_gpio.o
 .debug_ranges  0x000003b8      0x418 Drivers\STM32L1xx_HAL_Driver\Src\stm32l1xx_hal_i2c.o
 .debug_ranges  0x000007d0      0x2a8 Drivers\STM32L1xx_HAL_Driver\Src\stm32l1xx_hal_rcc.o
 .debug_ranges  0x00000a78       0x90 Drivers\STM32L1xx_HAL_Driver\Src\stm32l1xx_hal_rcc_ex.o
 .debug_ranges  0x00000b08       0x70 Drivers\STM32L1xx_HAL_Driver\Src\stm32l1xx_hal_rtc.o
 .debug_ranges  0x00000b78      0x138 Drivers\STM32L1xx_HAL_Driver\Src\stm32l1xx_hal_rtc_ex.o
 .debug_ranges  0x00000cb0      0x140 Drivers\STM32L1xx_HAL_Driver\Src\stm32l1xx_hal_uart.o
 .debug_ranges  0x00000df0       0x58 Src\adc.o
 .debug_ranges  0x00000e48       0x48 Src\bh1750.o
 .debug_ranges  0x00000e90       0x40 Src\dma.o
 .debug_ranges  0x00000ed0       0x10 Src\filter_sred.o
 .debug_ranges  0x00000ee0       0xa8 Src\gpio.o
 .debug_ranges  0x00000f88       0x40 Src\i2c.o
 .debug_ranges  0x00000fc8      0x198 Src\main.o
 .debug_ranges  0x00001160       0x20 Src\rtc.o
 .debug_ranges  0x00001180      0x1a8 Src\sim7020.o
 .debug_ranges  0x00001328       0x28 Src\stm32l1xx_hal_msp.o
 .debug_ranges  0x00001350       0x50 Src\stm32l1xx_it.o
 .debug_ranges  0x000013a0       0xa0 Src\syscalls.o
 .debug_ranges  0x00001440       0x18 Src\system_stm32l1xx.o
 .debug_ranges  0x00001458       0x18 Src\troykaI2CHub.o
 .debug_ranges  0x00001470       0xb0 Src\usart.o
 .debug_ranges  0x00001520       0x20 startup\startup_stm32l100xc.o

.debug_line     0x00000000     0x9728
 .debug_line    0x00000000      0x3ed Drivers\STM32L1xx_HAL_Driver\Src\stm32l1xx_hal.o
 .debug_line    0x000003ed      0x7ef Drivers\STM32L1xx_HAL_Driver\Src\stm32l1xx_hal_adc.o
 .debug_line    0x00000bdc      0x4e4 Drivers\STM32L1xx_HAL_Driver\Src\stm32l1xx_hal_cortex.o
 .debug_line    0x000010c0      0x56d Drivers\STM32L1xx_HAL_Driver\Src\stm32l1xx_hal_dma.o
 .debug_line    0x0000162d      0x460 Drivers\STM32L1xx_HAL_Driver\Src\stm32l1xx_hal_gpio.o
 .debug_line    0x00001a8d     0x19b1 Drivers\STM32L1xx_HAL_Driver\Src\stm32l1xx_hal_i2c.o
 .debug_line    0x0000343e      0xa34 Drivers\STM32L1xx_HAL_Driver\Src\stm32l1xx_hal_rcc.o
 .debug_line    0x00003e72      0x466 Drivers\STM32L1xx_HAL_Driver\Src\stm32l1xx_hal_rcc_ex.o
 .debug_line    0x000042d8      0x52d Drivers\STM32L1xx_HAL_Driver\Src\stm32l1xx_hal_rtc.o
 .debug_line    0x00004805      0xc41 Drivers\STM32L1xx_HAL_Driver\Src\stm32l1xx_hal_rtc_ex.o
 .debug_line    0x00005446      0xa73 Drivers\STM32L1xx_HAL_Driver\Src\stm32l1xx_hal_uart.o
 .debug_line    0x00005eb9      0x379 Src\adc.o
 .debug_line    0x00006232      0x35c Src\bh1750.o
 .debug_line    0x0000658e      0x27d Src\dma.o
 .debug_line    0x0000680b       0x73 Src\filter_sred.o
 .debug_line    0x0000687e      0x2e4 Src\gpio.o
 .debug_line    0x00006b62      0x31e Src\i2c.o
 .debug_line    0x00006e80      0xc41 Src\main.o
 .debug_line    0x00007ac1      0x332 Src\rtc.o
 .debug_line    0x00007df3      0x684 Src\sim7020.o
 .debug_line    0x00008477      0x248 Src\stm32l1xx_hal_msp.o
 .debug_line    0x000086bf      0x33e Src\stm32l1xx_it.o
 .debug_line    0x000089fd      0x3c0 Src\syscalls.o
 .debug_line    0x00008dbd      0x282 Src\system_stm32l1xx.o
 .debug_line    0x0000903f      0x2bf Src\troykaI2CHub.o
 .debug_line    0x000092fe      0x3ad Src\usart.o
 .debug_line    0x000096ab       0x7d startup\startup_stm32l100xc.o

.debug_str      0x00000000     0x4a51
 .debug_str     0x00000000      0xb66 Drivers\STM32L1xx_HAL_Driver\Src\stm32l1xx_hal.o
                                0xc20 (size before relaxing)
 .debug_str     0x00000b66      0x6c7 Drivers\STM32L1xx_HAL_Driver\Src\stm32l1xx_hal_adc.o
                                0xdfc (size before relaxing)
 .debug_str     0x0000122d      0x3ef Drivers\STM32L1xx_HAL_Driver\Src\stm32l1xx_hal_cortex.o
                                0xec2 (size before relaxing)
 .debug_str     0x0000161c      0x220 Drivers\STM32L1xx_HAL_Driver\Src\stm32l1xx_hal_dma.o
                                0xa85 (size before relaxing)
 .debug_str     0x0000183c      0x1bb Drivers\STM32L1xx_HAL_Driver\Src\stm32l1xx_hal_gpio.o
                                0x898 (size before relaxing)
 .debug_str     0x000019f7      0xa1d Drivers\STM32L1xx_HAL_Driver\Src\stm32l1xx_hal_i2c.o
                               0x12cb (size before relaxing)
 .debug_str     0x00002414      0x352 Drivers\STM32L1xx_HAL_Driver\Src\stm32l1xx_hal_rcc.o
                                0xafa (size before relaxing)
 .debug_str     0x00002766      0x19a Drivers\STM32L1xx_HAL_Driver\Src\stm32l1xx_hal_rcc_ex.o
                                0x8c6 (size before relaxing)
 .debug_str     0x00002900      0x383 Drivers\STM32L1xx_HAL_Driver\Src\stm32l1xx_hal_rtc.o
                                0xa7a (size before relaxing)
 .debug_str     0x00002c83      0x639 Drivers\STM32L1xx_HAL_Driver\Src\stm32l1xx_hal_rtc_ex.o
                                0xfa9 (size before relaxing)
 .debug_str     0x000032bc      0x50a Drivers\STM32L1xx_HAL_Driver\Src\stm32l1xx_hal_uart.o
                                0xe06 (size before relaxing)
 .debug_str     0x000037c6       0x51 Src\adc.o
                                0xba5 (size before relaxing)
 .debug_str     0x00003817      0x183 Src\bh1750.o
                                0xc5b (size before relaxing)
 .debug_str     0x0000399a       0x19 Src\dma.o
                                0x9f1 (size before relaxing)
 .debug_str     0x000039b3       0x4a Src\filter_sred.o
                                0x145 (size before relaxing)
 .debug_str     0x000039fd       0x1b Src\gpio.o
                                0x752 (size before relaxing)
 .debug_str     0x00003a18       0x2a Src\i2c.o
                                0xbf7 (size before relaxing)
 .debug_str     0x00003a42      0x9f6 Src\main.o
                               0x1ec2 (size before relaxing)
 .debug_str     0x00004438       0x17 Src\rtc.o
                                0x921 (size before relaxing)
 .debug_str     0x0000444f      0x200 Src\sim7020.o
                                0xd9f (size before relaxing)
 .debug_str     0x0000464f       0x1b Src\stm32l1xx_hal_msp.o
                                0x69a (size before relaxing)
 .debug_str     0x0000466a       0xf0 Src\stm32l1xx_it.o
                                0xab8 (size before relaxing)
 .debug_str     0x0000475a      0x246 Src\syscalls.o
                                0x850 (size before relaxing)
 .debug_str     0x000049a0       0x5c Src\system_stm32l1xx.o
                                0x726 (size before relaxing)
 .debug_str     0x000049fc       0x3b Src\troykaI2CHub.o
                                0xb22 (size before relaxing)
 .debug_str     0x00004a37       0x1a Src\usart.o
                                0xea6 (size before relaxing)

.comment        0x00000000       0x7c
 .comment       0x00000000       0x7c Drivers\STM32L1xx_HAL_Driver\Src\stm32l1xx_hal.o
                                 0x7d (size before relaxing)
 .comment       0x0000007c       0x7d Drivers\STM32L1xx_HAL_Driver\Src\stm32l1xx_hal_adc.o
 .comment       0x0000007c       0x7d Drivers\STM32L1xx_HAL_Driver\Src\stm32l1xx_hal_cortex.o
 .comment       0x0000007c       0x7d Drivers\STM32L1xx_HAL_Driver\Src\stm32l1xx_hal_dma.o
 .comment       0x0000007c       0x7d Drivers\STM32L1xx_HAL_Driver\Src\stm32l1xx_hal_gpio.o
 .comment       0x0000007c       0x7d Drivers\STM32L1xx_HAL_Driver\Src\stm32l1xx_hal_i2c.o
 .comment       0x0000007c       0x7d Drivers\STM32L1xx_HAL_Driver\Src\stm32l1xx_hal_rcc.o
 .comment       0x0000007c       0x7d Drivers\STM32L1xx_HAL_Driver\Src\stm32l1xx_hal_rcc_ex.o
 .comment       0x0000007c       0x7d Drivers\STM32L1xx_HAL_Driver\Src\stm32l1xx_hal_rtc.o
 .comment       0x0000007c       0x7d Drivers\STM32L1xx_HAL_Driver\Src\stm32l1xx_hal_rtc_ex.o
 .comment       0x0000007c       0x7d Drivers\STM32L1xx_HAL_Driver\Src\stm32l1xx_hal_uart.o
 .comment       0x0000007c       0x7d Src\adc.o
 .comment       0x0000007c       0x7d Src\bh1750.o
 .comment       0x0000007c       0x7d Src\dma.o
 .comment       0x0000007c       0x7d Src\filter_sred.o
 .comment       0x0000007c       0x7d Src\gpio.o
 .comment       0x0000007c       0x7d Src\i2c.o
 .comment       0x0000007c       0x7d Src\main.o
 .comment       0x0000007c       0x7d Src\rtc.o
 .comment       0x0000007c       0x7d Src\sim7020.o
 .comment       0x0000007c       0x7d Src\stm32l1xx_hal_msp.o
 .comment       0x0000007c       0x7d Src\stm32l1xx_it.o
 .comment       0x0000007c       0x7d Src\syscalls.o
 .comment       0x0000007c       0x7d Src\system_stm32l1xx.o
 .comment       0x0000007c       0x7d Src\troykaI2CHub.o
 .comment       0x0000007c       0x7d Src\usart.o

.debug_frame    0x00000000     0x2de8
 .debug_frame   0x00000000      0x164 Drivers\STM32L1xx_HAL_Driver\Src\stm32l1xx_hal.o
 .debug_frame   0x00000164      0x29c Drivers\STM32L1xx_HAL_Driver\Src\stm32l1xx_hal_adc.o
 .debug_frame   0x00000400      0x158 Drivers\STM32L1xx_HAL_Driver\Src\stm32l1xx_hal_cortex.o
 .debug_frame   0x00000558      0x13c Drivers\STM32L1xx_HAL_Driver\Src\stm32l1xx_hal_dma.o
 .debug_frame   0x00000694       0xd4 Drivers\STM32L1xx_HAL_Driver\Src\stm32l1xx_hal_gpio.o
 .debug_frame   0x00000768      0x678 Drivers\STM32L1xx_HAL_Driver\Src\stm32l1xx_hal_i2c.o
 .debug_frame   0x00000de0      0x160 Drivers\STM32L1xx_HAL_Driver\Src\stm32l1xx_hal_rcc.o
 .debug_frame   0x00000f40       0xb0 Drivers\STM32L1xx_HAL_Driver\Src\stm32l1xx_hal_rcc_ex.o
 .debug_frame   0x00000ff0      0x164 Drivers\STM32L1xx_HAL_Driver\Src\stm32l1xx_hal_rtc.o
 .debug_frame   0x00001154      0x418 Drivers\STM32L1xx_HAL_Driver\Src\stm32l1xx_hal_rtc_ex.o
 .debug_frame   0x0000156c      0x320 Drivers\STM32L1xx_HAL_Driver\Src\stm32l1xx_hal_uart.o
 .debug_frame   0x0000188c       0x74 Src\adc.o
 .debug_frame   0x00001900       0xd8 Src\bh1750.o
 .debug_frame   0x000019d8       0x28 Src\dma.o
 .debug_frame   0x00001a00       0x2c Src\filter_sred.o
 .debug_frame   0x00001a2c       0x38 Src\gpio.o
 .debug_frame   0x00001a64       0x60 Src\i2c.o
 .debug_frame   0x00001ac4      0x528 Src\main.o
 .debug_frame   0x00001fec       0x48 Src\rtc.o
 .debug_frame   0x00002034      0x31c Src\sim7020.o
 .debug_frame   0x00002350       0x28 Src\stm32l1xx_hal_msp.o
 .debug_frame   0x00002378       0xd0 Src\stm32l1xx_it.o
 .debug_frame   0x00002448      0x1a8 Src\syscalls.o
 .debug_frame   0x000025f0       0x38 Src\system_stm32l1xx.o
 .debug_frame   0x00002628       0x3c Src\troykaI2CHub.o
 .debug_frame   0x00002664       0x98 Src\usart.o
 .debug_frame   0x000026fc       0x20 c:/program files (x86)/atollic/truestudio for stm32 9.3.0/armtools/bin/../lib/gcc/arm-atollic-eabi/6.3.1/../../../../arm-atollic-eabi/lib/armv7-m\libc_nano.a(lib_a-errno.o)
 .debug_frame   0x0000271c       0x2c c:/program files (x86)/atollic/truestudio for stm32 9.3.0/armtools/bin/../lib/gcc/arm-atollic-eabi/6.3.1/../../../../arm-atollic-eabi/lib/armv7-m\libc_nano.a(lib_a-init.o)
 .debug_frame   0x00002748       0x30 c:/program files (x86)/atollic/truestudio for stm32 9.3.0/armtools/bin/../lib/gcc/arm-atollic-eabi/6.3.1/../../../../arm-atollic-eabi/lib/armv7-m\libc_nano.a(lib_a-malloc.o)
 .debug_frame   0x00002778       0x20 c:/program files (x86)/atollic/truestudio for stm32 9.3.0/armtools/bin/../lib/gcc/arm-atollic-eabi/6.3.1/../../../../arm-atollic-eabi/lib/armv7-m\libc_nano.a(lib_a-memset.o)
 .debug_frame   0x00002798       0x38 c:/program files (x86)/atollic/truestudio for stm32 9.3.0/armtools/bin/../lib/gcc/arm-atollic-eabi/6.3.1/../../../../arm-atollic-eabi/lib/armv7-m\libc_nano.a(lib_a-nano-freer.o)
 .debug_frame   0x000027d0       0x2c c:/program files (x86)/atollic/truestudio for stm32 9.3.0/armtools/bin/../lib/gcc/arm-atollic-eabi/6.3.1/../../../../arm-atollic-eabi/lib/armv7-m\libc_nano.a(lib_a-nano-mallocr.o)
 .debug_frame   0x000027fc       0x44 c:/program files (x86)/atollic/truestudio for stm32 9.3.0/armtools/bin/../lib/gcc/arm-atollic-eabi/6.3.1/../../../../arm-atollic-eabi/lib/armv7-m\libc_nano.a(lib_a-rand.o)
 .debug_frame   0x00002840       0x2c c:/program files (x86)/atollic/truestudio for stm32 9.3.0/armtools/bin/../lib/gcc/arm-atollic-eabi/6.3.1/../../../../arm-atollic-eabi/lib/armv7-m\libc_nano.a(lib_a-sbrkr.o)
 .debug_frame   0x0000286c       0x7c c:/program files (x86)/atollic/truestudio for stm32 9.3.0/armtools/bin/../lib/gcc/arm-atollic-eabi/6.3.1/../../../../arm-atollic-eabi/lib/armv7-m\libc_nano.a(lib_a-snprintf.o)
 .debug_frame   0x000028e8       0x28 c:/program files (x86)/atollic/truestudio for stm32 9.3.0/armtools/bin/../lib/gcc/arm-atollic-eabi/6.3.1/../../../../arm-atollic-eabi/lib/armv7-m\libc_nano.a(lib_a-strcat.o)
 .debug_frame   0x00002910       0x20 c:/program files (x86)/atollic/truestudio for stm32 9.3.0/armtools/bin/../lib/gcc/arm-atollic-eabi/6.3.1/../../../../arm-atollic-eabi/lib/armv7-m\libc_nano.a(lib_a-strcpy.o)
 .debug_frame   0x00002930       0x30 c:/program files (x86)/atollic/truestudio for stm32 9.3.0/armtools/bin/../lib/gcc/arm-atollic-eabi/6.3.1/../../../../arm-atollic-eabi/lib/armv7-m\libc_nano.a(lib_a-mlock.o)
 .debug_frame   0x00002960       0x90 c:/program files (x86)/atollic/truestudio for stm32 9.3.0/armtools/bin/../lib/gcc/arm-atollic-eabi/6.3.1/../../../../arm-atollic-eabi/lib/armv7-m\libc_nano.a(lib_a-nano-svfprintf.o)
 .debug_frame   0x000029f0       0x60 c:/program files (x86)/atollic/truestudio for stm32 9.3.0/armtools/bin/../lib/gcc/arm-atollic-eabi/6.3.1/../../../../arm-atollic-eabi/lib/armv7-m\libc_nano.a(lib_a-nano-vfprintf_i.o)
 .debug_frame   0x00002a50       0x5c c:/program files (x86)/atollic/truestudio for stm32 9.3.0/armtools/bin/../lib/gcc/arm-atollic-eabi/6.3.1/../../../../arm-atollic-eabi/lib/armv7-m\libc_nano.a(lib_a-reent.o)
 .debug_frame   0x00002aac       0x28 c:/program files (x86)/atollic/truestudio for stm32 9.3.0/armtools/bin/../lib/gcc/arm-atollic-eabi/6.3.1/../../../../arm-atollic-eabi/lib/armv7-m\libc_nano.a(lib_a-memchr-stub.o)
 .debug_frame   0x00002ad4       0x28 c:/program files (x86)/atollic/truestudio for stm32 9.3.0/armtools/bin/../lib/gcc/arm-atollic-eabi/6.3.1/../../../../arm-atollic-eabi/lib/armv7-m\libc_nano.a(lib_a-memcpy-stub.o)
 .debug_frame   0x00002afc       0x28 c:/program files (x86)/atollic/truestudio for stm32 9.3.0/armtools/bin/../lib/gcc/arm-atollic-eabi/6.3.1/../../../../arm-atollic-eabi/lib/armv7-m\libc_nano.a(lib_a-memmove.o)
 .debug_frame   0x00002b24       0x3c c:/program files (x86)/atollic/truestudio for stm32 9.3.0/armtools/bin/../lib/gcc/arm-atollic-eabi/6.3.1/../../../../arm-atollic-eabi/lib/armv7-m\libc_nano.a(lib_a-nano-reallocr.o)
 .debug_frame   0x00002b60       0x20 c:/program files (x86)/atollic/truestudio for stm32 9.3.0/armtools/bin/../lib/gcc/arm-atollic-eabi/6.3.1/../../../../arm-atollic-eabi/lib/armv7-m\libc_nano.a(lib_a-nano-msizer.o)
 .debug_frame   0x00002b80       0xac c:/program files (x86)/atollic/truestudio for stm32 9.3.0/armtools/bin/../lib/gcc/arm-atollic-eabi/6.3.1/armv7-m\libgcc.a(_arm_addsubdf3.o)
 .debug_frame   0x00002c2c       0x50 c:/program files (x86)/atollic/truestudio for stm32 9.3.0/armtools/bin/../lib/gcc/arm-atollic-eabi/6.3.1/armv7-m\libgcc.a(_arm_muldivdf3.o)
 .debug_frame   0x00002c7c       0xc4 c:/program files (x86)/atollic/truestudio for stm32 9.3.0/armtools/bin/../lib/gcc/arm-atollic-eabi/6.3.1/armv7-m\libgcc.a(_arm_cmpdf2.o)
 .debug_frame   0x00002d40       0x4c c:/program files (x86)/atollic/truestudio for stm32 9.3.0/armtools/bin/../lib/gcc/arm-atollic-eabi/6.3.1/armv7-m\libgcc.a(_arm_addsubsf3.o)
 .debug_frame   0x00002d8c       0x38 c:/program files (x86)/atollic/truestudio for stm32 9.3.0/armtools/bin/../lib/gcc/arm-atollic-eabi/6.3.1/armv7-m\libgcc.a(_arm_muldivsf3.o)
 .debug_frame   0x00002dc4       0x24 c:/program files (x86)/atollic/truestudio for stm32 9.3.0/armtools/bin/../lib/gcc/arm-atollic-eabi/6.3.1/armv7-m\libgcc.a(_arm_fixsfsi.o)