Archive member included to satisfy reference by file (symbol)

c:/program files (x86)/atollic/truestudio for stm32 9.3.0/armtools/bin/../lib/gcc/arm-atollic-eabi/6.3.1/../../../../arm-atollic-eabi/lib/armv7-m\libc_nano.a(lib_a-errno.o)
                              Src\syscalls.o (__errno)
c:/program files (x86)/atollic/truestudio for stm32 9.3.0/armtools/bin/../lib/gcc/arm-atollic-eabi/6.3.1/../../../../arm-atollic-eabi/lib/armv7-m\libc_nano.a(lib_a-exit.o)
                              Src\main.o (exit)
c:/program files (x86)/atollic/truestudio for stm32 9.3.0/armtools/bin/../lib/gcc/arm-atollic-eabi/6.3.1/../../../../arm-atollic-eabi/lib/armv7-m\libc_nano.a(lib_a-impure.o)
                              c:/program files (x86)/atollic/truestudio for stm32 9.3.0/armtools/bin/../lib/gcc/arm-atollic-eabi/6.3.1/../../../../arm-atollic-eabi/lib/armv7-m\libc_nano.a(lib_a-exit.o) (_global_impure_ptr)
c:/program files (x86)/atollic/truestudio for stm32 9.3.0/armtools/bin/../lib/gcc/arm-atollic-eabi/6.3.1/../../../../arm-atollic-eabi/lib/armv7-m\libc_nano.a(lib_a-init.o)
                              startup\startup_stm32l100xc.o (__libc_init_array)
c:/program files (x86)/atollic/truestudio for stm32 9.3.0/armtools/bin/../lib/gcc/arm-atollic-eabi/6.3.1/../../../../arm-atollic-eabi/lib/armv7-m\libc_nano.a(lib_a-malloc.o)
                              Src\main.o (malloc)
c:/program files (x86)/atollic/truestudio for stm32 9.3.0/armtools/bin/../lib/gcc/arm-atollic-eabi/6.3.1/../../../../arm-atollic-eabi/lib/armv7-m\libc_nano.a(lib_a-memset.o)
                              Src\adc.o (memset)
c:/program files (x86)/atollic/truestudio for stm32 9.3.0/armtools/bin/../lib/gcc/arm-atollic-eabi/6.3.1/../../../../arm-atollic-eabi/lib/armv7-m\libc_nano.a(lib_a-nano-freer.o)
                              c:/program files (x86)/atollic/truestudio for stm32 9.3.0/armtools/bin/../lib/gcc/arm-atollic-eabi/6.3.1/../../../../arm-atollic-eabi/lib/armv7-m\libc_nano.a(lib_a-malloc.o) (_free_r)
c:/program files (x86)/atollic/truestudio for stm32 9.3.0/armtools/bin/../lib/gcc/arm-atollic-eabi/6.3.1/../../../../arm-atollic-eabi/lib/armv7-m\libc_nano.a(lib_a-nano-mallocr.o)
                              c:/program files (x86)/atollic/truestudio for stm32 9.3.0/armtools/bin/../lib/gcc/arm-atollic-eabi/6.3.1/../../../../arm-atollic-eabi/lib/armv7-m\libc_nano.a(lib_a-malloc.o) (_malloc_r)
c:/program files (x86)/atollic/truestudio for stm32 9.3.0/armtools/bin/../lib/gcc/arm-atollic-eabi/6.3.1/../../../../arm-atollic-eabi/lib/armv7-m\libc_nano.a(lib_a-sbrkr.o)
                              c:/program files (x86)/atollic/truestudio for stm32 9.3.0/armtools/bin/../lib/gcc/arm-atollic-eabi/6.3.1/../../../../arm-atollic-eabi/lib/armv7-m\libc_nano.a(lib_a-nano-mallocr.o) (_sbrk_r)
c:/program files (x86)/atollic/truestudio for stm32 9.3.0/armtools/bin/../lib/gcc/arm-atollic-eabi/6.3.1/../../../../arm-atollic-eabi/lib/armv7-m\libc_nano.a(lib_a-snprintf.o)
                              Src\main.o (snprintf)
c:/program files (x86)/atollic/truestudio for stm32 9.3.0/armtools/bin/../lib/gcc/arm-atollic-eabi/6.3.1/../../../../arm-atollic-eabi/lib/armv7-m\libc_nano.a(lib_a-sprintf.o)
                              Src\main.o (sprintf)
c:/program files (x86)/atollic/truestudio for stm32 9.3.0/armtools/bin/../lib/gcc/arm-atollic-eabi/6.3.1/../../../../arm-atollic-eabi/lib/armv7-m\libc_nano.a(lib_a-strlen.o)
                              Src\main.o (strlen)
c:/program files (x86)/atollic/truestudio for stm32 9.3.0/armtools/bin/../lib/gcc/arm-atollic-eabi/6.3.1/../../../../arm-atollic-eabi/lib/armv7-m\libc_nano.a(lib_a-mlock.o)
                              c:/program files (x86)/atollic/truestudio for stm32 9.3.0/armtools/bin/../lib/gcc/arm-atollic-eabi/6.3.1/../../../../arm-atollic-eabi/lib/armv7-m\libc_nano.a(lib_a-nano-freer.o) (__malloc_lock)
c:/program files (x86)/atollic/truestudio for stm32 9.3.0/armtools/bin/../lib/gcc/arm-atollic-eabi/6.3.1/../../../../arm-atollic-eabi/lib/armv7-m\libc_nano.a(lib_a-nano-svfprintf.o)
                              c:/program files (x86)/atollic/truestudio for stm32 9.3.0/armtools/bin/../lib/gcc/arm-atollic-eabi/6.3.1/../../../../arm-atollic-eabi/lib/armv7-m\libc_nano.a(lib_a-snprintf.o) (_svfprintf_r)
c:/program files (x86)/atollic/truestudio for stm32 9.3.0/armtools/bin/../lib/gcc/arm-atollic-eabi/6.3.1/../../../../arm-atollic-eabi/lib/armv7-m\libc_nano.a(lib_a-nano-vfprintf_i.o)
                              c:/program files (x86)/atollic/truestudio for stm32 9.3.0/armtools/bin/../lib/gcc/arm-atollic-eabi/6.3.1/../../../../arm-atollic-eabi/lib/armv7-m\libc_nano.a(lib_a-nano-svfprintf.o) (_printf_i)
c:/program files (x86)/atollic/truestudio for stm32 9.3.0/armtools/bin/../lib/gcc/arm-atollic-eabi/6.3.1/../../../../arm-atollic-eabi/lib/armv7-m\libc_nano.a(lib_a-reent.o)
[...]
Memory Configuration

Name             Origin             Length             Attributes
RAM              0x20000000         0x00004000         xrw
FLASH            0x08000000         0x00040000         xr
*default*        0x00000000         0xffffffff

Linker script and memory map

LOAD c:/program files (x86)/atollic/truestudio for stm32 9.3.0/armtools/bin/../lib/gcc/arm-atollic-eabi/6.3.1/armv7-m/crti.o
LOAD c:/program files (x86)/atollic/truestudio for stm32 9.3.0/armtools/bin/../lib/gcc/arm-atollic-eabi/6.3.1/armv7-m/crtbegin.o
LOAD Drivers\STM32L1xx_HAL_Driver\Src\stm32l1xx_hal.o
LOAD Drivers\STM32L1xx_HAL_Driver\Src\stm32l1xx_hal_adc.o
LOAD Drivers\STM32L1xx_HAL_Driver\Src\stm32l1xx_hal_adc_ex.o
LOAD Drivers\STM32L1xx_HAL_Driver\Src\stm32l1xx_hal_cortex.o
LOAD Drivers\STM32L1xx_HAL_Driver\Src\stm32l1xx_hal_dma.o
LOAD Drivers\STM32L1xx_HAL_Driver\Src\stm32l1xx_hal_flash.o
LOAD Drivers\STM32L1xx_HAL_Driver\Src\stm32l1xx_hal_flash_ex.o
LOAD Drivers\STM32L1xx_HAL_Driver\Src\stm32l1xx_hal_flash_ramfunc.o
LOAD Drivers\STM32L1xx_HAL_Driver\Src\stm32l1xx_hal_gpio.o
LOAD Drivers\STM32L1xx_HAL_Driver\Src\stm32l1xx_hal_i2c.o
LOAD Drivers\STM32L1xx_HAL_Driver\Src\stm32l1xx_hal_pwr.o
LOAD Drivers\STM32L1xx_HAL_Driver\Src\stm32l1xx_hal_pwr_ex.o
LOAD Drivers\STM32L1xx_HAL_Driver\Src\stm32l1xx_hal_rcc.o
LOAD Drivers\STM32L1xx_HAL_Driver\Src\stm32l1xx_hal_rcc_ex.o
LOAD Drivers\STM32L1xx_HAL_Driver\Src\stm32l1xx_hal_rtc.o
LOAD Drivers\STM32L1xx_HAL_Driver\Src\stm32l1xx_hal_rtc_ex.o
LOAD Drivers\STM32L1xx_HAL_Driver\Src\stm32l1xx_hal_tim.o
LOAD Drivers\STM32L1xx_HAL_Driver\Src\stm32l1xx_hal_tim_ex.o
LOAD Drivers\STM32L1xx_HAL_Driver\Src\stm32l1xx_hal_uart.o
LOAD Src\adc.o
LOAD Src\bh1750.o
LOAD Src\dma.o
LOAD Src\filter_sred.o
LOAD Src\gpio.o
LOAD Src\i2c.o
LOAD Src\main.o
LOAD Src\rtc.o
LOAD Src\sim7020.o
LOAD Src\stm32l1xx_hal_msp.o
LOAD Src\stm32l1xx_it.o
LOAD Src\syscalls.o
LOAD Src\system_stm32l1xx.o
LOAD Src\troykaI2CHub.o
LOAD Src\usart.o
LOAD startup\startup_stm32l100xc.o
                0x00000080                malloc_getpagesize_P = 0x80
START GROUP
LOAD c:/program files (x86)/atollic/truestudio for stm32 9.3.0/armtools/bin/../lib/gcc/arm-atollic-eabi/6.3.1/../../../../arm-atollic-eabi/lib/armv7-m\libc_nano.a
LOAD c:/program files (x86)/atollic/truestudio for stm32 9.3.0/armtools/bin/../lib/gcc/arm-atollic-eabi/6.3.1/../../../../arm-atollic-eabi/lib/armv7-m\libm.a
END GROUP
START GROUP
LOAD c:/program files (x86)/atollic/truestudio for stm32 9.3.0/armtools/bin/../lib/gcc/arm-atollic-eabi/6.3.1/armv7-m\libgcc.a
LOAD c:/program files (x86)/atollic/truestudio for stm32 9.3.0/armtools/bin/../lib/gcc/arm-atollic-eabi/6.3.1/../../../../arm-atollic-eabi/lib/armv7-m\libc_nano.a
END GROUP
START GROUP
LOAD c:/program files (x86)/atollic/truestudio for stm32 9.3.0/armtools/bin/../lib/gcc/arm-atollic-eabi/6.3.1/armv7-m\libgcc.a
LOAD c:/program files (x86)/atollic/truestudio for stm32 9.3.0/armtools/bin/../lib/gcc/arm-atollic-eabi/6.3.1/../../../../arm-atollic-eabi/lib/armv7-m\libc_nano.a
LOAD c:/program files (x86)/atollic/truestudio for stm32 9.3.0/armtools/bin/../lib/gcc/arm-atollic-eabi/6.3.1/../../../../arm-atollic-eabi/lib/armv7-m\libnosys.a
END GROUP
START GROUP
LOAD c:/program files (x86)/atollic/truestudio for stm32 9.3.0/armtools/bin/../lib/gcc/arm-atollic-eabi/6.3.1/armv7-m\libgcc.a
LOAD c:/program files (x86)/atollic/truestudio for stm32 9.3.0/armtools/bin/../lib/gcc/arm-atollic-eabi/6.3.1/../../../../arm-atollic-eabi/lib/armv7-m\libc_nano.a
LOAD c:/program files (x86)/atollic/truestudio for stm32 9.3.0/armtools/bin/../lib/gcc/arm-atollic-eabi/6.3.1/../../../../arm-atollic-eabi/lib/armv7-m\libnosys.a
END GROUP
LOAD c:/program files (x86)/atollic/truestudio for stm32 9.3.0/armtools/bin/../lib/gcc/arm-atollic-eabi/6.3.1/armv7-m/crtend.o
LOAD c:/program files (x86)/atollic/truestudio for stm32 9.3.0/armtools/bin/../lib/gcc/arm-atollic-eabi/6.3.1/armv7-m/crtn.o
                0x20004000                _estack = 0x20004000
                0x00000200                _Min_Heap_Size = 0x200
                0x00000400                _Min_Stack_Size = 0x400

.isr_vector     0x08000000      0x13c
                0x08000000                . = ALIGN (0x4)
 *(.isr_vector)
 .isr_vector    0x08000000      0x13c startup\startup_stm32l100xc.o
                0x08000000                g_pfnVectors
                0x0800013c                . = ALIGN (0x4)

.text           0x08000140     0x5e14
                0x08000140                . = ALIGN (0x4)
 *(.text)
 .text          0x08000140       0x40 c:/program files (x86)/atollic/truestudio for stm32 9.3.0/armtools/bin/../lib/gcc/arm-atollic-eabi/6.3.1/armv7-m/crtbegin.o
 .text          0x08000180       0x10 c:/program files (x86)/atollic/truestudio for stm32 9.3.0/armtools/bin/../lib/gcc/arm-atollic-eabi/6.3.1/../../../../arm-atollic-eabi/lib/armv7-m\libc_nano.a(lib_a-strlen.o)
                0x08000180                strlen
 .text          0x08000190      0x370 c:/program files (x86)/atollic/truestudio for stm32 9.3.0/armtools/bin/../lib/gcc/arm-atollic-eabi/6.3.1/armv7-m\libgcc.a(_arm_addsubdf3.o)
                0x08000190                __aeabi_drsub
                0x08000198                __aeabi_dsub
                0x08000198                __subdf3
                0x0800019c                __aeabi_dadd
                0x0800019c                __adddf3
                0x08000414                __floatunsidf
                0x08000414                __aeabi_ui2d
                0x08000434                __floatsidf
                0x08000434                __aeabi_i2d
                0x08000458                __aeabi_f2d
                0x08000458                __extendsfdf2
                0x08000494                __floatundidf
                0x08000494                __aeabi_ul2d
                0x080004a4                __floatdidf
                0x080004a4                __aeabi_l2d
 .text          0x08000500      0x424 c:/program files (x86)/atollic/truestudio for stm32 9.3.0/armtools/bin/../lib/gcc/arm-atollic-eabi/6.3.1/armv7-m\libgcc.a(_arm_muldivdf3.o)
                0x08000500                __aeabi_dmul
                0x08000500                __muldf3
                0x08000754                __divdf3
                0x08000754                __aeabi_ddiv
 .text          0x08000924      0x110 c:/program files (x86)/atollic/truestudio for stm32 9.3.0/armtools/bin/../lib/gcc/arm-atollic-eabi/6.3.1/armv7-m\libgcc.a(_arm_cmpdf2.o)
                0x08000924                __gtdf2
                0x08000924                __gedf2
                0x0800092c                __ltdf2
                0x0800092c                __ledf2
                0x08000934                __nedf2
                0x08000934                __eqdf2
                0x08000934                __cmpdf2
                0x080009b0                __aeabi_cdrcmple
                0x080009c0                __aeabi_cdcmpeq
                0x080009c0                __aeabi_cdcmple
                0x080009d0                __aeabi_dcmpeq
                0x080009e4                __aeabi_dcmplt
                0x080009f8                __aeabi_dcmple
                0x08000a0c                __aeabi_dcmpge
                0x08000a20                __aeabi_dcmpgt
 .text          0x08000a34       0x50 c:/program files (x86)/atollic/truestudio for stm32 9.3.0/armtools/bin/../lib/gcc/arm-atollic-eabi/6.3.1/armv7-m\libgcc.a(_arm_fixdfsi.o)
                0x08000a34                __aeabi_d2iz
                0x08000a34                __fixdfsi
 .text          0x08000a84       0xa0 c:/program files (x86)/atollic/truestudio for stm32 9.3.0/armtools/bin/../lib/gcc/arm-atollic-eabi/6.3.1/armv7-m\libgcc.a(_arm_truncdfsf2.o)
                0x08000a84                __truncdfsf2
                0x08000a84                __aeabi_d2f
 .text          0x08000b24      0x21c c:/program files (x86)/atollic/truestudio for stm32 9.3.0/armtools/bin/../lib/gcc/arm-atollic-eabi/6.3.1/armv7-m\libgcc.a(_arm_addsubsf3.o)
                0x08000b24                __aeabi_frsub
                0x08000b2c                __subsf3
                0x08000b2c                __aeabi_fsub
                0x08000b30                __aeabi_fadd
                0x08000b30                __addsf3
                0x08000c90                __aeabi_ui2f
                0x08000c90                __floatunsisf
                0x08000c98                __aeabi_i2f
                0x08000c98                __floatsisf
                0x08000cb4                __aeabi_ul2f
                0x08000cb4                __floatundisf
                0x08000cc4                __aeabi_l2f
                0x08000cc4                __floatdisf
 .text          0x08000d40      0x2a0 c:/program files (x86)/atollic/truestudio for stm32 9.3.0/armtools/bin/../lib/gcc/arm-atollic-eabi/6.3.1/armv7-m\libgcc.a(_arm_muldivsf3.o)
                0x08000d40                __mulsf3
                0x08000d40                __aeabi_fmul
                0x08000ea8                __aeabi_fdiv
                0x08000ea8                __divsf3
 .text          0x08000fe0       0x4c c:/program files (x86)/atollic/truestudio for stm32 9.3.0/armtools/bin/../lib/gcc/arm-atollic-eabi/6.3.1/armv7-m\libgcc.a(_arm_fixsfsi.o)
                0x08000fe0                __aeabi_f2iz
                0x08000fe0                __fixsfsi
 *(.text*)
 .text.HAL_InitTick
                0x0800102c       0x28 Drivers\STM32L1xx_HAL_Driver\Src\stm32l1xx_hal.o
                0x0800102c                HAL_InitTick
 .text.HAL_Init
                0x08001054       0x16 Drivers\STM32L1xx_HAL_Driver\Src\stm32l1xx_hal.o
                0x08001054                HAL_Init
 *fill*         0x0800106a        0x2 
 .text.HAL_IncTick
                0x0800106c       0x10 Drivers\STM32L1xx_HAL_Driver\Src\stm32l1xx_hal.o
                0x0800106c                HAL_IncTick
 .text.HAL_GetTick
                0x0800107c        0xc Drivers\STM32L1xx_HAL_Driver\Src\stm32l1xx_hal.o
                0x0800107c                HAL_GetTick
 .text.HAL_Delay
                0x08001088       0x1a Drivers\STM32L1xx_HAL_Driver\Src\stm32l1xx_hal.o
                0x08001088                HAL_Delay
 *fill*         0x080010a2        0x2 
 .text.HAL_ADC_Init
                0x080010a4      0x17c Drivers\STM32L1xx_HAL_Driver\Src\stm32l1xx_hal_adc.o
                0x080010a4                HAL_ADC_Init
 .text.HAL_ADC_ConvCpltCallback
                0x08001220        0x2 Drivers\STM32L1xx_HAL_Driver\Src\stm32l1xx_hal_adc.o
                0x08001220                HAL_ADC_ConvCpltCallback
 .text.ADC_DMAConvCplt
                0x08001222       0x60 Drivers\STM32L1xx_HAL_Driver\Src\stm32l1xx_hal_adc.o
 .text.HAL_ADC_ConvHalfCpltCallback
                0x08001282        0x2 Drivers\STM32L1xx_HAL_Driver\Src\stm32l1xx_hal_adc.o
                0x08001282                HAL_ADC_ConvHalfCpltCallback
 .text.ADC_DMAHalfConvCplt
                0x08001284        0xa Drivers\STM32L1xx_HAL_Driver\Src\stm32l1xx_hal_adc.o
 .text.HAL_ADC_ErrorCallback
                0x0800128e        0x2 Drivers\STM32L1xx_HAL_Driver\Src\stm32l1xx_hal_adc.o
                0x0800128e                HAL_ADC_ErrorCallback
 .text.ADC_DMAError
                0x08001290       0x1a Drivers\STM32L1xx_HAL_Driver\Src\stm32l1xx_hal_adc.o
 *fill*         0x080012aa        0x2 
 .text.HAL_ADC_ConfigChannel
                0x080012ac      0x158 Drivers\STM32L1xx_HAL_Driver\Src\stm32l1xx_hal_adc.o
                0x080012ac                HAL_ADC_ConfigChannel
 .text.ADC_Enable
                0x08001404       0x74 Drivers\STM32L1xx_HAL_Driver\Src\stm32l1xx_hal_adc.o
                0x08001404                ADC_Enable
 .text.HAL_ADC_Start_DMA
                0x08001478       0xc0 Drivers\STM32L1xx_HAL_Driver\Src\stm32l1xx_hal_adc.o
                0x08001478                HAL_ADC_Start_DMA
 .text.ADC_ConversionStop_Disable
                0x08001538       0x44 Drivers\STM32L1xx_HAL_Driver\Src\stm32l1xx_hal_adc.o
                0x08001538                ADC_ConversionStop_Disable
 .text.HAL_ADC_Stop_DMA
                0x0800157c       0x56 Drivers\STM32L1xx_HAL_Driver\Src\stm32l1xx_hal_adc.o
                0x0800157c                HAL_ADC_Stop_DMA
 *fill*         0x080015d2        0x2 
 .text.HAL_NVIC_SetPriorityGrouping
                0x080015d4       0x24 Drivers\STM32L1xx_HAL_Driver\Src\stm32l1xx_hal_cortex.o
                0x080015d4                HAL_NVIC_SetPriorityGrouping
 .text.HAL_NVIC_SetPriority
                0x080015f8       0x68 Drivers\STM32L1xx_HAL_Driver\Src\stm32l1xx_hal_cortex.o
                0x080015f8                HAL_NVIC_SetPriority
 .text.HAL_NVIC_EnableIRQ
                0x08001660       0x18 Drivers\STM32L1xx_HAL_Driver\Src\stm32l1xx_hal_cortex.o
                0x08001660                HAL_NVIC_EnableIRQ
 .text.HAL_SYSTICK_Config
                0x08001678       0x2c Drivers\STM32L1xx_HAL_Driver\Src\stm32l1xx_hal_cortex.o
                0x08001678                HAL_SYSTICK_Config
 .text.HAL_DMA_Init
                0x080016a4       0x90 Drivers\STM32L1xx_HAL_Driver\Src\stm32l1xx_hal_dma.o
                0x080016a4                HAL_DMA_Init
 .text.HAL_DMA_Start_IT
                0x08001734       0x7c Drivers\STM32L1xx_HAL_Driver\Src\stm32l1xx_hal_dma.o
                0x08001734                HAL_DMA_Start_IT
 .text.HAL_DMA_Abort
                0x080017b0       0x2c Drivers\STM32L1xx_HAL_Driver\Src\stm32l1xx_hal_dma.o
                0x080017b0                HAL_DMA_Abort
 .text.HAL_DMA_IRQHandler
                0x080017dc       0x90 Drivers\STM32L1xx_HAL_Driver\Src\stm32l1xx_hal_dma.o
                0x080017dc                HAL_DMA_IRQHandler
 .text.HAL_GPIO_Init
                0x0800186c      0x178 Drivers\STM32L1xx_HAL_Driver\Src\stm32l1xx_hal_gpio.o
                0x0800186c                HAL_GPIO_Init
 .text.HAL_GPIO_ReadPin
                0x080019e4        0xc Drivers\STM32L1xx_HAL_Driver\Src\stm32l1xx_hal_gpio.o
                0x080019e4                HAL_GPIO_ReadPin
 .text.HAL_GPIO_WritePin
                0x080019f0        0xa Drivers\STM32L1xx_HAL_Driver\Src\stm32l1xx_hal_gpio.o
                0x080019f0                HAL_GPIO_WritePin
 .text.I2C_IsAcknowledgeFailed
                0x080019fa       0x2a Drivers\STM32L1xx_HAL_Driver\Src\stm32l1xx_hal_i2c.o
 .text.I2C_WaitOnMasterAddressFlagUntilTimeout
                0x08001a24       0x80 Drivers\STM32L1xx_HAL_Driver\Src\stm32l1xx_hal_i2c.o
 .text.I2C_WaitOnFlagUntilTimeout
                0x08001aa4       0x5c Drivers\STM32L1xx_HAL_Driver\Src\stm32l1xx_hal_i2c.o
 .text.I2C_WaitOnTXEFlagUntilTimeout
                0x08001b00       0x4c Drivers\STM32L1xx_HAL_Driver\Src\stm32l1xx_hal_i2c.o
 .text.I2C_WaitOnRXNEFlagUntilTimeout
                0x08001b4c       0x5a Drivers\STM32L1xx_HAL_Driver\Src\stm32l1xx_hal_i2c.o
 .text.I2C_WaitOnBTFFlagUntilTimeout
                0x08001ba6       0x4c Drivers\STM32L1xx_HAL_Driver\Src\stm32l1xx_hal_i2c.o
 *fill*         0x08001bf2        0x2 
 .text.HAL_I2C_Init
                0x08001bf4      0x11c Drivers\STM32L1xx_HAL_Driver\Src\stm32l1xx_hal_i2c.o
                0x08001bf4                HAL_I2C_Init
 .text.HAL_I2C_Master_Transmit
                0x08001d10      0x1ac Drivers\STM32L1xx_HAL_Driver\Src\stm32l1xx_hal_i2c.o
                0x08001d10                HAL_I2C_Master_Transmit
 .text.HAL_I2C_Master_Receive
                0x08001ebc      0x2f0 Drivers\STM32L1xx_HAL_Driver\Src\stm32l1xx_hal_i2c.o
                0x08001ebc                HAL_I2C_Master_Receive
 .text.HAL_I2C_IsDeviceReady
                0x080021ac      0x148 Drivers\STM32L1xx_HAL_Driver\Src\stm32l1xx_hal_i2c.o
                0x080021ac                HAL_I2C_IsDeviceReady
 .text.RCC_SetFlashLatencyFromMSIRange
                0x080022f4       0x80 Drivers\STM32L1xx_HAL_Driver\Src\stm32l1xx_hal_rcc.o
 .text.HAL_RCC_OscConfig
                0x08002374      0x6a8 Drivers\STM32L1xx_HAL_Driver\Src\stm32l1xx_hal_rcc.o
                0x08002374                HAL_RCC_OscConfig
 .text.HAL_RCC_GetSysClockFreq
                0x08002a1c       0x8c Drivers\STM32L1xx_HAL_Driver\Src\stm32l1xx_hal_rcc.o
                0x08002a1c                HAL_RCC_GetSysClockFreq
 .text.HAL_RCC_ClockConfig
                0x08002aa8      0x1bc Drivers\STM32L1xx_HAL_Driver\Src\stm32l1xx_hal_rcc.o
                0x08002aa8                HAL_RCC_ClockConfig
 .text.HAL_RCC_GetPCLK1Freq
                0x08002c64       0x30 Drivers\STM32L1xx_HAL_Driver\Src\stm32l1xx_hal_rcc.o
                0x08002c64                HAL_RCC_GetPCLK1Freq
 .text.HAL_RCC_GetPCLK2Freq
                0x08002c94       0x30 Drivers\STM32L1xx_HAL_Driver\Src\stm32l1xx_hal_rcc.o
                0x08002c94                HAL_RCC_GetPCLK2Freq
 .text.HAL_RCCEx_PeriphCLKConfig
                0x08002cc4      0x15c Drivers\STM32L1xx_HAL_Driver\Src\stm32l1xx_hal_rcc_ex.o
                0x08002cc4                HAL_RCCEx_PeriphCLKConfig
 .text.RTC_EnterInitMode
                0x08002e20       0x34 Drivers\STM32L1xx_HAL_Driver\Src\stm32l1xx_hal_rtc.o
                0x08002e20                RTC_EnterInitMode
 .text.HAL_RTC_Init
                0x08002e54       0x84 Drivers\STM32L1xx_HAL_Driver\Src\stm32l1xx_hal_rtc.o
                0x08002e54                HAL_RTC_Init
 .text.RTC_ByteToBcd2
                0x08002ed8       0x16 Drivers\STM32L1xx_HAL_Driver\Src\stm32l1xx_hal_rtc.o
                0x08002ed8                RTC_ByteToBcd2
 .text.HAL_RTC_SetTime
                0x08002eee       0xd0 Drivers\STM32L1xx_HAL_Driver\Src\stm32l1xx_hal_rtc.o
                0x08002eee                HAL_RTC_SetTime
 .text.HAL_RTC_SetDate
                0x08002fbe       0xb2 Drivers\STM32L1xx_HAL_Driver\Src\stm32l1xx_hal_rtc.o
                0x08002fbe                HAL_RTC_SetDate
 .text.RTC_Bcd2ToByte
                0x08003070       0x10 Drivers\STM32L1xx_HAL_Driver\Src\stm32l1xx_hal_rtc.o
                0x08003070                RTC_Bcd2ToByte
 .text.HAL_RTC_GetDate
                0x08003080       0x40 Drivers\STM32L1xx_HAL_Driver\Src\stm32l1xx_hal_rtc.o
                0x08003080                HAL_RTC_GetDate
 .text.HAL_RTC_GetTime
                0x080030c0       0x54 Drivers\STM32L1xx_HAL_Driver\Src\stm32l1xx_hal_rtc_ex.o
                0x080030c0                HAL_RTC_GetTime
 .text.HAL_RTC_WaitForSynchro
                0x08003114       0x36 Drivers\STM32L1xx_HAL_Driver\Src\stm32l1xx_hal_rtc_ex.o
                0x08003114                HAL_RTC_WaitForSynchro
 *fill*         0x0800314a        0x2 
 .text.UART_SetConfig
                0x0800314c      0x244 Drivers\STM32L1xx_HAL_Driver\Src\stm32l1xx_hal_uart.o
 .text.UART_WaitOnFlagUntilTimeout.constprop.1
                0x08003390       0x60 Drivers\STM32L1xx_HAL_Driver\Src\stm32l1xx_hal_uart.o
 .text.HAL_UART_Init
                0x080033f0       0x58 Drivers\STM32L1xx_HAL_Driver\Src\stm32l1xx_hal_uart.o
                0x080033f0                HAL_UART_Init
 .text.HAL_UART_Transmit
                0x08003448       0xb6 Drivers\STM32L1xx_HAL_Driver\Src\stm32l1xx_hal_uart.o
                0x08003448                HAL_UART_Transmit
 .text.HAL_UART_Receive_IT
                0x080034fe       0x64 Drivers\STM32L1xx_HAL_Driver\Src\stm32l1xx_hal_uart.o
                0x080034fe                HAL_UART_Receive_IT
 .text.HAL_UART_ErrorCallback
                0x08003562        0x2 Drivers\STM32L1xx_HAL_Driver\Src\stm32l1xx_hal_uart.o
                0x08003562                HAL_UART_ErrorCallback
 .text.HAL_UART_IRQHandler
                0x08003564      0x188 Drivers\STM32L1xx_HAL_Driver\Src\stm32l1xx_hal_uart.o
                0x08003564                HAL_UART_IRQHandler
 .text.MX_ADC_Init
                0x080036ec       0x80 Src\adc.o
                0x080036ec                MX_ADC_Init
 .text.HAL_ADC_MspInit
                0x0800376c       0x98 Src\adc.o
                0x0800376c                HAL_ADC_MspInit
 .text.BH1750_SetMtreg.part.0
                0x08003804       0x44 Src\bh1750.o
 .text.BH1750_Reset
                0x08003848       0x2c Src\bh1750.o
                0x08003848                BH1750_Reset
 .text.BH1750_Init
                0x08003874       0x24 Src\bh1750.o
                0x08003874                BH1750_Init
 .text.BH1750_SetMode
                0x08003898       0x44 Src\bh1750.o
                0x08003898                BH1750_SetMode
 .text.BH1750_ReadLight
                0x080038dc       0x88 Src\bh1750.o
                0x080038dc                BH1750_ReadLight
 .text.MX_DMA_Init
                0x08003964       0x30 Src\dma.o
                0x08003964                MX_DMA_Init
 .text.filter_sred
                0x08003994       0x80 Src\filter_sred.o
                0x08003994                filter_sred
 .text.MX_GPIO_Init
                0x08003a14      0x180 Src\gpio.o
                0x08003a14                MX_GPIO_Init
 .text.MX_I2C1_Init
                0x08003b94       0x40 Src\i2c.o
                0x08003b94                MX_I2C1_Init
 .text.HAL_I2C_MspInit
                0x08003bd4       0x6c Src\i2c.o
                0x08003bd4                HAL_I2C_MspInit
 .text.createBuffer
                0x08003c40       0x1e Src\main.o
                0x08003c40                createBuffer
 *fill*         0x08003c5e        0x2 
 .text.getDateTime
                0x08003c60       0x78 Src\main.o
                0x08003c60                getDateTime
 .text.RTC_Set  0x08003cd8       0x68 Src\main.o
                0x08003cd8                RTC_Set
 .text.batKey1Handler
                0x08003d40       0x1c Src\main.o
                0x08003d40                batKey1Handler
 .text.batKey2Handler
                0x08003d5c       0x1c Src\main.o
                0x08003d5c                batKey2Handler
 .text.chrKey1Handler
                0x08003d78       0x1c Src\main.o
                0x08003d78                chrKey1Handler
 .text.chrKey2Handler
                0x08003d94       0x1c Src\main.o
                0x08003d94                chrKey2Handler
 .text.key3VBusHandler
                0x08003db0       0x1c Src\main.o
                0x08003db0                key3VBusHandler
 .text.adcRead  0x08003dcc       0x68 Src\main.o
                0x08003dcc                adcRead
 .text.readLs   0x08003e34       0xec Src\main.o
                0x08003e34                readLs
 .text.sunTrackControl
                0x08003f20       0xb4 Src\main.o
                0x08003f20                sunTrackControl
 *fill*         0x08003fd4        0x4 
 .text.calculateVBat0
                0x08003fd8       0x8c Src\main.o
                0x08003fd8                calculateVBat0
 *fill*         0x08004064        0x4 
 .text.calculateVBat1
                0x08004068       0x8c Src\main.o
                0x08004068                calculateVBat1
 .text.I2C_Scan
                0x080040f4       0xac Src\main.o
                0x080040f4                I2C_Scan
 .text.motor0PositionControl
                0x080041a0       0x48 Src\main.o
                0x080041a0                motor0PositionControl
 .text.motor1PositionControl
                0x080041e8       0x48 Src\main.o
                0x080041e8                motor1PositionControl
 .text.motor0Handler
                0x08004230       0x58 Src\main.o
                0x08004230                motor0Handler
 .text.motor1Handler
                0x08004288       0x54 Src\main.o
                0x08004288                motor1Handler
 .text.motor2Handler
                0x080042dc       0x5c Src\main.o
                0x080042dc                motor2Handler
 .text.motor3Handler
                0x08004338       0x5c Src\main.o
                0x08004338                motor3Handler
 .text.motor4Handler
                0x08004394       0x60 Src\main.o
                0x08004394                motor4Handler
 .text.endstop0Control
                0x080043f4       0x30 Src\main.o
                0x080043f4                endstop0Control
 .text.endstop1Control
                0x08004424       0x30 Src\main.o
                0x08004424                endstop1Control
 .text.endstop00Handler
                0x08004454       0x28 Src\main.o
                0x08004454                endstop00Handler
 .text.endstop01Handler
                0x0800447c       0x28 Src\main.o
                0x0800447c                endstop01Handler
 .text.endstop10Handler
                0x080044a4       0x28 Src\main.o
                0x080044a4                endstop10Handler
 .text.endstop11Handler
                0x080044cc       0x28 Src\main.o
                0x080044cc                endstop11Handler
 .text.statusPrint
                0x080044f4      0x3b4 Src\main.o
                0x080044f4                statusPrint
 .text.buttonsHandler
                0x080048a8       0xc8 Src\main.o
                0x080048a8                buttonsHandler
 .text.SystemClock_Config
                0x08004970       0x80 Src\main.o
                0x08004970                SystemClock_Config
 .text.startup.main
                0x080049f0      0x18c Src\main.o
                0x080049f0                main
 .text.HAL_UART_TxCpltCallback
                0x08004b7c        0x2 Src\main.o
                0x08004b7c                HAL_UART_TxCpltCallback
 *fill*         0x08004b7e        0x2 
 .text.HAL_UART_RxCpltCallback
                0x08004b80       0x2c Src\main.o
                0x08004b80                HAL_UART_RxCpltCallback
 .text.Error_Handler
                0x08004bac        0x2 Src\main.o
                0x08004bac                Error_Handler
 *fill*         0x08004bae        0x2 
 .text.MX_RTC_Init
                0x08004bb0       0x8c Src\rtc.o
                0x08004bb0                MX_RTC_Init
 .text.HAL_RTC_MspInit
                0x08004c3c       0x28 Src\rtc.o
                0x08004c3c                HAL_RTC_MspInit
 .text.sim7020Init
                0x08004c64       0x14 Src\sim7020.o
                0x08004c64                sim7020Init
 .text.sim7020PowerCycle
                0x08004c78       0xc0 Src\sim7020.o
                0x08004c78                sim7020PowerCycle
 .text.sim7020Dtr
                0x08004d38       0x70 Src\sim7020.o
                0x08004d38                sim7020Dtr
 .text.writecommand
                0x08004da8      0x1a0 Src\sim7020.o
                0x08004da8                writecommand
 .text.runscript
                0x08004f48       0x68 Src\sim7020.o
                0x08004f48                runscript
 .text.readimei
                0x08004fb0       0xc4 Src\sim7020.o
                0x08004fb0                readimei
 .text.readmfr  0x08005074       0xc8 Src\sim7020.o
                0x08005074                readmfr
 .text.readcicc
                0x0800513c       0xc4 Src\sim7020.o
                0x0800513c                readcicc
 .text.readmodel
                0x08005200       0xdc Src\sim7020.o
                0x08005200                readmodel
 .text.HAL_MspInit
                0x080052dc       0x44 Src\stm32l1xx_hal_msp.o
                0x080052dc                HAL_MspInit
 .text.NMI_Handler
                0x08005320        0x2 Src\stm32l1xx_it.o
                0x08005320                NMI_Handler
 .text.HardFault_Handler
                0x08005322        0x2 Src\stm32l1xx_it.o
                0x08005322                HardFault_Handler
 .text.MemManage_Handler
                0x08005324        0x2 Src\stm32l1xx_it.o
                0x08005324                MemManage_Handler
 .text.BusFault_Handler
                0x08005326        0x2 Src\stm32l1xx_it.o
                0x08005326                BusFault_Handler
 .text.UsageFault_Handler
                0x08005328        0x2 Src\stm32l1xx_it.o
                0x08005328                UsageFault_Handler
 .text.SVC_Handler
                0x0800532a        0x2 Src\stm32l1xx_it.o
                0x0800532a                SVC_Handler
 .text.DebugMon_Handler
                0x0800532c        0x2 Src\stm32l1xx_it.o
                0x0800532c                DebugMon_Handler
 .text.PendSV_Handler
                0x0800532e        0x2 Src\stm32l1xx_it.o
                0x0800532e                PendSV_Handler
 .text.SysTick_Handler
                0x08005330        0x4 Src\stm32l1xx_it.o
                0x08005330                SysTick_Handler
 .text.DMA1_Channel1_IRQHandler
                0x08005334        0xc Src\stm32l1xx_it.o
                0x08005334                DMA1_Channel1_IRQHandler
 .text.USART2_IRQHandler
                0x08005340        0xc Src\stm32l1xx_it.o
                0x08005340                USART2_IRQHandler
 .text.USART3_IRQHandler
                0x0800534c        0xc Src\stm32l1xx_it.o
                0x0800534c                USART3_IRQHandler
 .text._exit    0x08005358        0xc Src\syscalls.o
                0x08005358                _exit
 .text._sbrk    0x08005364       0x34 Src\syscalls.o
                0x08005364                _sbrk
 .text.SystemInit
                0x08005398       0x48 Src\system_stm32l1xx.o
                0x08005398                SystemInit
 .text.troykaI2CHub_init
                0x080053e0        0xc Src\troykaI2CHub.o
                0x080053e0                troykaI2CHub_init
 .text.troykaI2CHub_setBusChannel
                0x080053ec       0x34 Src\troykaI2CHub.o
                0x080053ec                troykaI2CHub_setBusChannel
 .text.MX_USART2_UART_Init
                0x08005420       0x38 Src\usart.o
                0x08005420                MX_USART2_UART_Init
 .text.MX_USART3_UART_Init
                0x08005458       0x38 Src\usart.o
                0x08005458                MX_USART3_UART_Init
 .text.HAL_UART_MspInit
                0x08005490      0x108 Src\usart.o
                0x08005490                HAL_UART_MspInit
 .text.Reset_Handler
                0x08005598       0x48 startup\startup_stm32l100xc.o
                0x08005598                Reset_Handler
 .text.Default_Handler
                0x080055e0        0x2 startup\startup_stm32l100xc.o
                0x080055e0                RTC_Alarm_IRQHandler
                0x080055e0                EXTI2_IRQHandler
                0x080055e0                COMP_ACQ_IRQHandler
                0x080055e0                TIM10_IRQHandler
                0x080055e0                USB_HP_IRQHandler
                0x080055e0                TIM6_IRQHandler
                0x080055e0                PVD_IRQHandler
                0x080055e0                EXTI3_IRQHandler
                0x080055e0                EXTI0_IRQHandler
                0x080055e0                I2C2_EV_IRQHandler
                0x080055e0                SPI1_IRQHandler
                0x080055e0                USB_FS_WKUP_IRQHandler
                0x080055e0                DMA2_Channel2_IRQHandler
                0x080055e0                DMA1_Channel4_IRQHandler
                0x080055e0                ADC1_IRQHandler
                0x080055e0                DMA1_Channel7_IRQHandler
                0x080055e0                LCD_IRQHandler
                0x080055e0                TIM4_IRQHandler
                0x080055e0                DMA2_Channel1_IRQHandler
                0x080055e0                I2C1_EV_IRQHandler
                0x080055e0                DMA1_Channel6_IRQHandler
                0x080055e0                DMA2_Channel4_IRQHandler
                0x080055e0                TIM3_IRQHandler
                0x080055e0                RCC_IRQHandler
                0x080055e0                Default_Handler
                0x080055e0                EXTI15_10_IRQHandler
                0x080055e0                TIM7_IRQHandler
                0x080055e0                EXTI9_5_IRQHandler
                0x080055e0                TIM9_IRQHandler
                0x080055e0                TAMPER_STAMP_IRQHandler
                0x080055e0                RTC_WKUP_IRQHandler
                0x080055e0                SPI2_IRQHandler
                0x080055e0                DMA2_Channel5_IRQHandler
                0x080055e0                DMA1_Channel5_IRQHandler
                0x080055e0                USB_LP_IRQHandler
                0x080055e0                EXTI4_IRQHandler
                0x080055e0                DMA1_Channel3_IRQHandler
                0x080055e0                COMP_IRQHandler
                0x080055e0                WWDG_IRQHandler
                0x080055e0                TIM2_IRQHandler
                0x080055e0                DAC_IRQHandler
                0x080055e0                EXTI1_IRQHandler
                0x080055e0                TIM11_IRQHandler
                0x080055e0                I2C2_ER_IRQHandler
                0x080055e0                DMA1_Channel2_IRQHandler
                0x080055e0                FLASH_IRQHandler
                0x080055e0                USART1_IRQHandler
                0x080055e0                SPI3_IRQHandler
                0x080055e0                I2C1_ER_IRQHandler
                0x080055e0                DMA2_Channel3_IRQHandler
 *fill*         0x080055e2        0x2 
 .text.__errno  0x080055e4        0xc c:/program files (x86)/atollic/truestudio for stm32 9.3.0/armtools/bin/../lib/gcc/arm-atollic-eabi/6.3.1/../../../../arm-atollic-eabi/lib/armv7-m\libc_nano.a(lib_a-errno.o)
                0x080055e4                __errno
 .text.exit     0x080055f0       0x28 c:/program files (x86)/atollic/truestudio for stm32 9.3.0/armtools/bin/../lib/gcc/arm-atollic-eabi/6.3.1/../../../../arm-atollic-eabi/lib/armv7-m\libc_nano.a(lib_a-exit.o)
                0x080055f0                exit
 .text.__libc_init_array
                0x08005618       0x48 c:/program files (x86)/atollic/truestudio for stm32 9.3.0/armtools/bin/../lib/gcc/arm-atollic-eabi/6.3.1/../../../../arm-atollic-eabi/lib/armv7-m\libc_nano.a(lib_a-init.o)
                0x08005618                __libc_init_array
 .text.malloc   0x08005660       0x10 c:/program files (x86)/atollic/truestudio for stm32 9.3.0/armtools/bin/../lib/gcc/arm-atollic-eabi/6.3.1/../../../../arm-atollic-eabi/lib/armv7-m\libc_nano.a(lib_a-malloc.o)
                0x08005660                malloc
 .text.memset   0x08005670       0x10 c:/program files (x86)/atollic/truestudio for stm32 9.3.0/armtools/bin/../lib/gcc/arm-atollic-eabi/6.3.1/../../../../arm-atollic-eabi/lib/armv7-m\libc_nano.a(lib_a-memset.o)
                0x08005670                memset
 .text._free_r  0x08005680       0x98 c:/program files (x86)/atollic/truestudio for stm32 9.3.0/armtools/bin/../lib/gcc/arm-atollic-eabi/6.3.1/../../../../arm-atollic-eabi/lib/armv7-m\libc_nano.a(lib_a-nano-freer.o)
                0x08005680                _free_r
 .text._malloc_r
                0x08005718       0xbc c:/program files (x86)/atollic/truestudio for stm32 9.3.0/armtools/bin/../lib/gcc/arm-atollic-eabi/6.3.1/../../../../arm-atollic-eabi/lib/armv7-m\libc_nano.a(lib_a-nano-mallocr.o)
                0x08005718                _malloc_r
 .text._sbrk_r  0x080057d4       0x20 c:/program files (x86)/atollic/truestudio for stm32 9.3.0/armtools/bin/../lib/gcc/arm-atollic-eabi/6.3.1/../../../../arm-atollic-eabi/lib/armv7-m\libc_nano.a(lib_a-sbrkr.o)
                0x080057d4                _sbrk_r
 .text.snprintf
                0x080057f4       0x68 c:/program files (x86)/atollic/truestudio for stm32 9.3.0/armtools/bin/../lib/gcc/arm-atollic-eabi/6.3.1/../../../../arm-atollic-eabi/lib/armv7-m\libc_nano.a(lib_a-snprintf.o)
                0x080057f4                sniprintf
                0x080057f4                snprintf
 .text.sprintf  0x0800585c       0x48 c:/program files (x86)/atollic/truestudio for stm32 9.3.0/armtools/bin/../lib/gcc/arm-atollic-eabi/6.3.1/../../../../arm-atollic-eabi/lib/armv7-m\libc_nano.a(lib_a-sprintf.o)
                0x0800585c                siprintf
                0x0800585c                sprintf
 .text.__malloc_lock
                0x080058a4        0x2 c:/program files (x86)/atollic/truestudio for stm32 9.3.0/armtools/bin/../lib/gcc/arm-atollic-eabi/6.3.1/../../../../arm-atollic-eabi/lib/armv7-m\libc_nano.a(lib_a-mlock.o)
                0x080058a4                __malloc_lock
 .text.__malloc_unlock
                0x080058a6        0x2 c:/program files (x86)/atollic/truestudio for stm32 9.3.0/armtools/bin/../lib/gcc/arm-atollic-eabi/6.3.1/../../../../arm-atollic-eabi/lib/armv7-m\libc_nano.a(lib_a-mlock.o)
                0x080058a6                __malloc_unlock
 .text.__ssputs_r
                0x080058a8       0xb6 c:/program files (x86)/atollic/truestudio for stm32 9.3.0/armtools/bin/../lib/gcc/arm-atollic-eabi/6.3.1/../../../../arm-atollic-eabi/lib/armv7-m\libc_nano.a(lib_a-nano-svfprintf.o)
                0x080058a8                __ssputs_r
 *fill*         0x0800595e        0x2 
 .text._svfprintf_r
                0x08005960      0x1e8 c:/program files (x86)/atollic/truestudio for stm32 9.3.0/armtools/bin/../lib/gcc/arm-atollic-eabi/6.3.1/../../../../arm-atollic-eabi/lib/armv7-m\libc_nano.a(lib_a-nano-svfprintf.o)
                0x08005960                _svfiprintf_r
                0x08005960                _svfprintf_r
 .text._printf_common
                0x08005b48       0xee c:/program files (x86)/atollic/truestudio for stm32 9.3.0/armtools/bin/../lib/gcc/arm-atollic-eabi/6.3.1/../../../../arm-atollic-eabi/lib/armv7-m\libc_nano.a(lib_a-nano-vfprintf_i.o)
                0x08005b48                _printf_common
 *fill*         0x08005c36        0x2 
 .text._printf_i
                0x08005c38      0x240 c:/program files (x86)/atollic/truestudio for stm32 9.3.0/armtools/bin/../lib/gcc/arm-atollic-eabi/6.3.1/../../../../arm-atollic-eabi/lib/armv7-m\libc_nano.a(lib_a-nano-vfprintf_i.o)
                0x08005c38                _printf_i
 .text.memchr   0x08005e78       0x1c c:/program files (x86)/atollic/truestudio for stm32 9.3.0/armtools/bin/../lib/gcc/arm-atollic-eabi/6.3.1/../../../../arm-atollic-eabi/lib/armv7-m\libc_nano.a(lib_a-memchr-stub.o)
                0x08005e78                memchr
 .text.memcpy   0x08005e94       0x16 c:/program files (x86)/atollic/truestudio for stm32 9.3.0/armtools/bin/../lib/gcc/arm-atollic-eabi/6.3.1/../../../../arm-atollic-eabi/lib/armv7-m\libc_nano.a(lib_a-memcpy-stub.o)
                0x08005e94                memcpy
 .text.memmove  0x08005eaa       0x34 c:/program files (x86)/atollic/truestudio for stm32 9.3.0/armtools/bin/../lib/gcc/arm-atollic-eabi/6.3.1/../../../../arm-atollic-eabi/lib/armv7-m\libc_nano.a(lib_a-memmove.o)
                0x08005eaa                memmove
 .text._realloc_r
                0x08005ede       0x4c c:/program files (x86)/atollic/truestudio for stm32 9.3.0/armtools/bin/../lib/gcc/arm-atollic-eabi/6.3.1/../../../../arm-atollic-eabi/lib/armv7-m\libc_nano.a(lib_a-nano-reallocr.o)
                0x08005ede                _realloc_r
 .text._malloc_usable_size_r
                0x08005f2a       0x12 c:/program files (x86)/atollic/truestudio for stm32 9.3.0/armtools/bin/../lib/gcc/arm-atollic-eabi/6.3.1/../../../../arm-atollic-eabi/lib/armv7-m\libc_nano.a(lib_a-nano-msizer.o)
                0x08005f2a                _malloc_usable_size_r
 *(.glue_7)
 .glue_7        0x08005f3c        0x0 linker stubs
 *(.glue_7t)
 .glue_7t       0x08005f3c        0x0 linker stubs
 *(.eh_frame)
 .eh_frame      0x08005f3c        0x0 c:/program files (x86)/atollic/truestudio for stm32 9.3.0/armtools/bin/../lib/gcc/arm-atollic-eabi/6.3.1/armv7-m/crtbegin.o
 *(.init)
 .init          0x08005f3c        0x4 c:/program files (x86)/atollic/truestudio for stm32 9.3.0/armtools/bin/../lib/gcc/arm-atollic-eabi/6.3.1/armv7-m/crti.o
                0x08005f3c                _init
 .init          0x08005f40        0x8 c:/program files (x86)/atollic/truestudio for stm32 9.3.0/armtools/bin/../lib/gcc/arm-atollic-eabi/6.3.1/armv7-m/crtn.o
 *(.fini)
 .fini          0x08005f48        0x4 c:/program files (x86)/atollic/truestudio for stm32 9.3.0/armtools/bin/../lib/gcc/arm-atollic-eabi/6.3.1/armv7-m/crti.o
                0x08005f48                _fini
 .fini          0x08005f4c        0x8 c:/program files (x86)/atollic/truestudio for stm32 9.3.0/armtools/bin/../lib/gcc/arm-atollic-eabi/6.3.1/armv7-m/crtn.o
                0x08005f54                . = ALIGN (0x4)
                0x08005f54                _etext = .

.vfp11_veneer   0x08005f54        0x0
 .vfp11_veneer  0x08005f54        0x0 linker stubs

.v4_bx          0x08005f54        0x0
 .v4_bx         0x08005f54        0x0 linker stubs

.iplt           0x08005f54        0x0
 .iplt          0x08005f54        0x0 c:/program files (x86)/atollic/truestudio for stm32 9.3.0/armtools/bin/../lib/gcc/arm-atollic-eabi/6.3.1/armv7-m/crtbegin.o

.rodata         0x08005f54      0x2b4
                0x08005f54                . = ALIGN (0x4)
 *(.rodata)
 .rodata        0x08005f54        0x2 Src\sim7020.o
 *(.rodata*)
 .rodata.I2C_Scan.str1.1
                0x08005f56       0x1f Src\main.o
                                 0x22 (size before relaxing)
 .rodata.statusPrint.str1.1
                0x08005f75       0x2d Src\main.o
                                 0x30 (size before relaxing)
 .rodata.readcicc.str1.1
                0x08005fa2       0x16 Src\sim7020.o
 .rodata.readimei.str1.1
                0x08005fb8       0x16 Src\sim7020.o
 .rodata.readmfr.str1.1
                0x08005fce       0x14 Src\sim7020.o
 .rodata.readmodel.str1.1
                0x08005fe2       0x18 Src\sim7020.o
 .rodata.runscript.str1.1
                0x08005ffa        0xe Src\sim7020.o
 .rodata.sim7020Dtr.str1.1
                0x08006008       0x17 Src\sim7020.o
 .rodata.sim7020PowerCycle.str1.1
                0x0800601f       0x29 Src\sim7020.o
 .rodata.str1.1
                0x08006048      0x128 Src\sim7020.o
 .rodata.writecommand.str1.1
                0x08006170       0x3d Src\sim7020.o
                                 0x40 (size before relaxing)
 .rodata.AHBPrescTable
                0x080061ad       0x10 Src\system_stm32l1xx.o
                0x080061ad                AHBPrescTable
 .rodata.APBPrescTable
                0x080061bd        0x8 Src\system_stm32l1xx.o
                0x080061bd                APBPrescTable
 .rodata.PLLMulTable
                0x080061c5        0x9 Src\system_stm32l1xx.o
                0x080061c5                PLLMulTable
 *fill*         0x080061ce        0x2 
 .rodata._global_impure_ptr
                0x080061d0        0x4 c:/program files (x86)/atollic/truestudio for stm32 9.3.0/armtools/bin/../lib/gcc/arm-atollic-eabi/6.3.1/../../../../arm-atollic-eabi/lib/armv7-m\libc_nano.a(lib_a-impure.o)
                0x080061d0                _global_impure_ptr
 .rodata._svfprintf_r.str1.1
                0x080061d4       0x11 c:/program files (x86)/atollic/truestudio for stm32 9.3.0/armtools/bin/../lib/gcc/arm-atollic-eabi/6.3.1/../../../../arm-atollic-eabi/lib/armv7-m\libc_nano.a(lib_a-nano-svfprintf.o)
 .rodata._printf_i.str1.1
                0x080061e5       0x22 c:/program files (x86)/atollic/truestudio for stm32 9.3.0/armtools/bin/../lib/gcc/arm-atollic-eabi/6.3.1/../../../../arm-atollic-eabi/lib/armv7-m\libc_nano.a(lib_a-nano-vfprintf_i.o)
                0x08006208                . = ALIGN (0x4)
 *fill*         0x08006207        0x1 

.rel.dyn        0x08006208        0x0
 .rel.iplt      0x08006208        0x0 c:/program files (x86)/atollic/truestudio for stm32 9.3.0/armtools/bin/../lib/gcc/arm-atollic-eabi/6.3.1/armv7-m/crtbegin.o

.ARM.extab
 *(.ARM.extab* .gnu.linkonce.armextab.*)

.ARM            0x08006208        0x0
                0x08006208                __exidx_start = .
 *(.ARM.exidx*)
                0x08006208                __exidx_end = .

.preinit_array  0x08006208        0x0
                0x08006208                PROVIDE (__preinit_array_start, .)
 *(.preinit_array*)
                0x08006208                PROVIDE (__preinit_array_end, .)

.init_array     0x08006208        0x4
                0x08006208                PROVIDE (__init_array_start, .)
 *(SORT(.init_array.*))
 *(.init_array*)
 .init_array    0x08006208        0x4 c:/program files (x86)/atollic/truestudio for stm32 9.3.0/armtools/bin/../lib/gcc/arm-atollic-eabi/6.3.1/armv7-m/crtbegin.o
                0x0800620c                PROVIDE (__init_array_end, .)

.fini_array     0x0800620c        0x4
                [!provide]                PROVIDE (__fini_array_start, .)
 *(SORT(.fini_array.*))
 *(.fini_array*)
 .fini_array    0x0800620c        0x4 c:/program files (x86)/atollic/truestudio for stm32 9.3.0/armtools/bin/../lib/gcc/arm-atollic-eabi/6.3.1/armv7-m/crtbegin.o
                [!provide]                PROVIDE (__fini_array_end, .)
                0x08006210                _sidata = LOADADDR (.data)

.data           0x20000000       0x94 load address 0x08006210
                0x20000000                . = ALIGN (0x4)
                0x20000000                _sdata = .
 *(.data)
 *(.data*)
 .data.farm0State
                0x20000000        0x1 Src\main.o
                0x20000000                farm0State
 .data.farm1State
                0x20000001        0x1 Src\main.o
                0x20000001                farm1State
 .data.farms    0x20000002        0x1 Src\main.o
                0x20000002                farms
 .data.motor0Cmd
                0x20000003        0x1 Src\main.o
                0x20000003                motor0Cmd
 .data.motor1Cmd
                0x20000004        0x1 Src\main.o
                0x20000004                motor1Cmd
 .data.motor2Cmd
                0x20000005        0x1 Src\main.o
                0x20000005                motor2Cmd
 .data.motor3Cmd
                0x20000006        0x1 Src\main.o
                0x20000006                motor3Cmd
 .data.motor4Cmd
                0x20000007        0x1 Src\main.o
                0x20000007                motor4Cmd
 .data.NBgetcicc
                0x20000008        0x8 Src\sim7020.o
                0x20000008                NBgetcicc
 .data.NBgetimei
                0x20000010        0x8 Src\sim7020.o
                0x20000010                NBgetimei
 .data.NBgetmfr
                0x20000018        0x8 Src\sim7020.o
                0x20000018                NBgetmfr
 .data.NBgetmodel
                0x20000020        0x8 Src\sim7020.o
                0x20000020                NBgetmodel
 .data.TimeOut  0x20000028        0x4 Src\sim7020.o
                0x20000028                TimeOut
 .data.SystemCoreClock
                0x2000002c        0x4 Src\system_stm32l1xx.o
                0x2000002c                SystemCoreClock
 .data._impure_ptr
                0x20000030        0x4 c:/program files (x86)/atollic/truestudio for stm32 9.3.0/armtools/bin/../lib/gcc/arm-atollic-eabi/6.3.1/../../../../arm-atollic-eabi/lib/armv7-m\libc_nano.a(lib_a-impure.o)
                0x20000030                _impure_ptr
 .data.impure_data
                0x20000034       0x60 c:/program files (x86)/atollic/truestudio for stm32 9.3.0/armtools/bin/../lib/gcc/arm-atollic-eabi/6.3.1/../../../../arm-atollic-eabi/lib/armv7-m\libc_nano.a(lib_a-impure.o)
                0x20000094                . = ALIGN (0x4)
                0x20000094                _edata = .

.igot.plt       0x20000094        0x0 load address 0x080062a4
 .igot.plt      0x20000094        0x0 c:/program files (x86)/atollic/truestudio for stm32 9.3.0/armtools/bin/../lib/gcc/arm-atollic-eabi/6.3.1/armv7-m/crtbegin.o
                0x20000094                . = ALIGN (0x4)

.bss            0x20000098      0x6e4 load address 0x080062a4
                0x20000098                _sbss = .
                0x20000098                __bss_start__ = _sbss
 *(.bss)
 .bss           0x20000098       0x1c c:/program files (x86)/atollic/truestudio for stm32 9.3.0/armtools/bin/../lib/gcc/arm-atollic-eabi/6.3.1/armv7-m/crtbegin.o
 *(.bss*)
 .bss.heap_end.5887
                0x200000b4        0x4 Src\syscalls.o
 .bss.__malloc_free_list
                0x200000b8        0x4 c:/program files (x86)/atollic/truestudio for stm32 9.3.0/armtools/bin/../lib/gcc/arm-atollic-eabi/6.3.1/../../../../arm-atollic-eabi/lib/armv7-m\libc_nano.a(lib_a-nano-mallocr.o)
                0x200000b8                __malloc_free_list
 .bss.__malloc_sbrk_start
                0x200000bc        0x4 c:/program files (x86)/atollic/truestudio for stm32 9.3.0/armtools/bin/../lib/gcc/arm-atollic-eabi/6.3.1/../../../../arm-atollic-eabi/lib/armv7-m\libc_nano.a(lib_a-nano-mallocr.o)
                0x200000bc                __malloc_sbrk_start
 *(COMMON)
 COMMON         0x200000c0        0x4 Drivers\STM32L1xx_HAL_Driver\Src\stm32l1xx_hal.o
                0x200000c0                uwTick
 COMMON         0x200000c4       0x98 Src\adc.o
                0x200000c4                hdma_adc
                0x20000108                hadc
 COMMON         0x2000015c        0x9 Src\bh1750.o
                0x2000015c                Bh1750_Mode
                0x20000160                bh1750_i2c
                0x20000164                Bh1750_Mtreg
 *fill*         0x20000165        0x3 
 COMMON         0x20000168       0x54 Src\i2c.o
                0x20000168                hi2c1
 *fill*         0x200001bc        0x4 
 COMMON         0x200001c0      0x4a0 Src\main.o
                0x200001c0                ls_tr
                0x200001c4                endstop11State
                0x200001c6                dvert
                0x200001c8                c_day
                0x200001cc                F12
                0x200001d0                buf_11
                0x200003d0                dvertCorrect
                0x200003d1                c_year
                0x200003d2                endstop00State
                0x200003d3                c_month
                0x200003d4                batKey2State
                0x200003d6                avr
                0x200003d8                avb
                0x200003da                filter_11
                0x200003dc                ls_tl
                0x200003e0                avl
                0x200003e8                vDif0
                0x200003f0                ADC12
                0x200003f2                chrKey2State
                0x200003f3                key3VBusState
                0x200003f4                c_min
                0x200003f6                ADC_value
                0x200003fa                buffer_counter
                0x20000400                vBat0Percent
                0x20000408                chrKey1State
                0x2000040a                avt
                0x2000040c                buffer
                0x20000410                sunTrackState
                0x20000418                vBat1
                0x20000420                buf_12
                0x20000620                vBat0
                0x20000628                byte
                0x20000629                c_hour
                0x2000062a                dhorzCorrect
                0x2000062b                batKey1State
                0x2000062c                ls_br
                0x20000630                dhorz
                0x20000634                ls_bl
                0x20000638                ADC11
                0x2000063a                c_dow
                0x20000640                vBat1Percent
                0x20000648                endstop01State
                0x2000064c                F11
                0x20000650                filter_12
                0x20000652                endstop10State
                0x20000653                c_sec
                0x20000658                vDif1
 COMMON         0x20000660       0x20 Src\rtc.o
                0x20000660                hrtc
 COMMON         0x20000680       0x70 Src\sim7020.o
                0x20000680                sim7020_ctrl
                0x20000684                MyCicc
                0x2000069c                MyModel
                0x200006ac                MyMfr
                0x200006bc                MyIp
                0x200006cc                sim7020_msg
                0x200006d0                MyImei
 COMMON         0x200006f0        0x5 Src\troykaI2CHub.o
                0x200006f0                troykaI2CHub_i2c
                0x200006f4                _i2cHubAddr
 *fill*         0x200006f5        0x3 
 COMMON         0x200006f8       0x80 Src\usart.o
                0x200006f8                huart3
                0x20000738                huart2
 COMMON         0x20000778        0x4 c:/program files (x86)/atollic/truestudio for stm32 9.3.0/armtools/bin/../lib/gcc/arm-atollic-eabi/6.3.1/../../../../arm-atollic-eabi/lib/armv7-m\libc_nano.a(lib_a-reent.o)
                0x20000778                errno
                0x2000077c                . = ALIGN (0x4)
                0x2000077c                _ebss = .
                0x2000077c                __bss_end__ = _ebss

._user_heap_stack
                0x2000077c      0x600 load address 0x080062a4
                0x2000077c                . = ALIGN (0x4)
                0x2000077c                PROVIDE (end, .)
                [!provide]                PROVIDE (_end, .)
                0x2000097c                . = (. + _Min_Heap_Size)
 *fill*         0x2000077c      0x200 
                0x20000d7c                . = (. + _Min_Stack_Size)
 *fill*         0x2000097c      0x400 
                0x20000d7c                . = ALIGN (0x4)

/DISCARD/
 libc.a(*)
 libm.a(*)
 libgcc.a(*)

.ARM.attributes
                0x00000000       0x29
 *(.ARM.attributes)
 .ARM.attributes
                0x00000000       0x1d c:/program files (x86)/atollic/truestudio for stm32 9.3.0/armtools/bin/../lib/gcc/arm-atollic-eabi/6.3.1/armv7-m/crti.o
 .ARM.attributes
                0x0000001d       0x2d c:/program files (x86)/atollic/truestudio for stm32 9.3.0/armtools/bin/../lib/gcc/arm-atollic-eabi/6.3.1/armv7-m/crtbegin.o
 .ARM.attributes
                0x0000004a       0x33 Drivers\STM32L1xx_HAL_Driver\Src\stm32l1xx_hal.o
 .ARM.attributes
                0x0000007d       0x33 Drivers\STM32L1xx_HAL_Driver\Src\stm32l1xx_hal_adc.o
 .ARM.attributes
                0x000000b0       0x33 Drivers\STM32L1xx_HAL_Driver\Src\stm32l1xx_hal_cortex.o
 .ARM.attributes
                0x000000e3       0x33 Drivers\STM32L1xx_HAL_Driver\Src\stm32l1xx_hal_dma.o
 .ARM.attributes
                0x00000116       0x33 Drivers\STM32L1xx_HAL_Driver\Src\stm32l1xx_hal_gpio.o
 .ARM.attributes
                0x00000149       0x33 Drivers\STM32L1xx_HAL_Driver\Src\stm32l1xx_hal_i2c.o
 .ARM.attributes
                0x0000017c       0x33 Drivers\STM32L1xx_HAL_Driver\Src\stm32l1xx_hal_rcc.o
 .ARM.attributes
                0x000001af       0x33 Drivers\STM32L1xx_HAL_Driver\Src\stm32l1xx_hal_rcc_ex.o
 .ARM.attributes
                0x000001e2       0x33 Drivers\STM32L1xx_HAL_Driver\Src\stm32l1xx_hal_rtc.o
 .ARM.attributes
                0x00000215       0x33 Drivers\STM32L1xx_HAL_Driver\Src\stm32l1xx_hal_rtc_ex.o
 .ARM.attributes
                0x00000248       0x33 Drivers\STM32L1xx_HAL_Driver\Src\stm32l1xx_hal_uart.o
 .ARM.attributes
                0x0000027b       0x33 Src\adc.o
 .ARM.attributes
                0x000002ae       0x33 Src\bh1750.o
 .ARM.attributes
                0x000002e1       0x33 Src\dma.o
 .ARM.attributes
                0x00000314       0x33 Src\filter_sred.o
 .ARM.attributes
                0x00000347       0x33 Src\gpio.o
 .ARM.attributes
                0x0000037a       0x33 Src\i2c.o
 .ARM.attributes
                0x000003ad       0x33 Src\main.o
 .ARM.attributes
                0x000003e0       0x33 Src\rtc.o
 .ARM.attributes
                0x00000413       0x33 Src\sim7020.o
 .ARM.attributes
                0x00000446       0x33 Src\stm32l1xx_hal_msp.o
 .ARM.attributes
                0x00000479       0x33 Src\stm32l1xx_it.o
 .ARM.attributes
                0x000004ac       0x33 Src\syscalls.o
 .ARM.attributes
                0x000004df       0x33 Src\system_stm32l1xx.o
 .ARM.attributes
                0x00000512       0x33 Src\troykaI2CHub.o
 .ARM.attributes
                0x00000545       0x33 Src\usart.o
 .ARM.attributes
                0x00000578       0x21 startup\startup_stm32l100xc.o
 .ARM.attributes
                0x00000599       0x2d c:/program files (x86)/atollic/truestudio for stm32 9.3.0/armtools/bin/../lib/gcc/arm-atollic-eabi/6.3.1/../../../../arm-atollic-eabi/lib/armv7-m\libc_nano.a(lib_a-errno.o)
 .ARM.attributes
                0x000005c6       0x2d c:/program files (x86)/atollic/truestudio for stm32 9.3.0/armtools/bin/../lib/gcc/arm-atollic-eabi/6.3.1/../../../../arm-atollic-eabi/lib/armv7-m\libc_nano.a(lib_a-exit.o)
 .ARM.attributes
                0x000005f3       0x2d c:/program files (x86)/atollic/truestudio for stm32 9.3.0/armtools/bin/../lib/gcc/arm-atollic-eabi/6.3.1/../../../../arm-atollic-eabi/lib/armv7-m\libc_nano.a(lib_a-impure.o)
 .ARM.attributes
                0x00000620       0x2d c:/program files (x86)/atollic/truestudio for stm32 9.3.0/armtools/bin/../lib/gcc/arm-atollic-eabi/6.3.1/../../../../arm-atollic-eabi/lib/armv7-m\libc_nano.a(lib_a-init.o)
 .ARM.attributes
                0x0000064d       0x2d c:/program files (x86)/atollic/truestudio for stm32 9.3.0/armtools/bin/../lib/gcc/arm-atollic-eabi/6.3.1/../../../../arm-atollic-eabi/lib/armv7-m\libc_nano.a(lib_a-malloc.o)
 .ARM.attributes
                0x0000067a       0x2d c:/program files (x86)/atollic/truestudio for stm32 9.3.0/armtools/bin/../lib/gcc/arm-atollic-eabi/6.3.1/../../../../arm-atollic-eabi/lib/armv7-m\libc_nano.a(lib_a-memset.o)
 .ARM.attributes
                0x000006a7       0x2d c:/program files (x86)/atollic/truestudio for stm32 9.3.0/armtools/bin/../lib/gcc/arm-atollic-eabi/6.3.1/../../../../arm-atollic-eabi/lib/armv7-m\libc_nano.a(lib_a-nano-freer.o)
 .ARM.attributes
                0x000006d4       0x2d c:/program files (x86)/atollic/truestudio for stm32 9.3.0/armtools/bin/../lib/gcc/arm-atollic-eabi/6.3.1/../../../../arm-atollic-eabi/lib/armv7-m\libc_nano.a(lib_a-nano-mallocr.o)
 .ARM.attributes
                0x00000701       0x2d c:/program files (x86)/atollic/truestudio for stm32 9.3.0/armtools/bin/../lib/gcc/arm-atollic-eabi/6.3.1/../../../../arm-atollic-eabi/lib/armv7-m\libc_nano.a(lib_a-sbrkr.o)
 .ARM.attributes
                0x0000072e       0x2d c:/program files (x86)/atollic/truestudio for stm32 9.3.0/armtools/bin/../lib/gcc/arm-atollic-eabi/6.3.1/../../../../arm-atollic-eabi/lib/armv7-m\libc_nano.a(lib_a-snprintf.o)
 .ARM.attributes
                0x0000075b       0x2d c:/program files (x86)/atollic/truestudio for stm32 9.3.0/armtools/bin/../lib/gcc/arm-atollic-eabi/6.3.1/../../../../arm-atollic-eabi/lib/armv7-m\libc_nano.a(lib_a-sprintf.o)
 .ARM.attributes
                0x00000788       0x17 c:/program files (x86)/atollic/truestudio for stm32 9.3.0/armtools/bin/../lib/gcc/arm-atollic-eabi/6.3.1/../../../../arm-atollic-eabi/lib/armv7-m\libc_nano.a(lib_a-strlen.o)
 .ARM.attributes
                0x0000079f       0x2d c:/program files (x86)/atollic/truestudio for stm32 9.3.0/armtools/bin/../lib/gcc/arm-atollic-eabi/6.3.1/../../../../arm-atollic-eabi/lib/armv7-m\libc_nano.a(lib_a-mlock.o)
 .ARM.attributes
                0x000007cc       0x2d c:/program files (x86)/atollic/truestudio for stm32 9.3.0/armtools/bin/../lib/gcc/arm-atollic-eabi/6.3.1/../../../../arm-atollic-eabi/lib/armv7-m\libc_nano.a(lib_a-nano-svfprintf.o)
 .ARM.attributes
                0x000007f9       0x2d c:/program files (x86)/atollic/truestudio for stm32 9.3.0/armtools/bin/../lib/gcc/arm-atollic-eabi/6.3.1/../../../../arm-atollic-eabi/lib/armv7-m\libc_nano.a(lib_a-nano-vfprintf_i.o)
 .ARM.attributes
                0x00000826       0x2d c:/program files (x86)/atollic/truestudio for stm32 9.3.0/armtools/bin/../lib/gcc/arm-atollic-eabi/6.3.1/../../../../arm-atollic-eabi/lib/armv7-m\libc_nano.a(lib_a-reent.o)
 .ARM.attributes
                0x00000853       0x2d c:/program files (x86)/atollic/truestudio for stm32 9.3.0/armtools/bin/../lib/gcc/arm-atollic-eabi/6.3.1/../../../../arm-atollic-eabi/lib/armv7-m\libc_nano.a(lib_a-memchr-stub.o)
 .ARM.attributes
                0x00000880       0x2d c:/program files (x86)/atollic/truestudio for stm32 9.3.0/armtools/bin/../lib/gcc/arm-atollic-eabi/6.3.1/../../../../arm-atollic-eabi/lib/armv7-m\libc_nano.a(lib_a-memcpy-stub.o)
 .ARM.attributes
                0x000008ad       0x2d c:/program files (x86)/atollic/truestudio for stm32 9.3.0/armtools/bin/../lib/gcc/arm-atollic-eabi/6.3.1/../../../../arm-atollic-eabi/lib/armv7-m\libc_nano.a(lib_a-memmove.o)
 .ARM.attributes
                0x000008da       0x2d c:/program files (x86)/atollic/truestudio for stm32 9.3.0/armtools/bin/../lib/gcc/arm-atollic-eabi/6.3.1/../../../../arm-atollic-eabi/lib/armv7-m\libc_nano.a(lib_a-nano-reallocr.o)
 .ARM.attributes
                0x00000907       0x2d c:/program files (x86)/atollic/truestudio for stm32 9.3.0/armtools/bin/../lib/gcc/arm-atollic-eabi/6.3.1/../../../../arm-atollic-eabi/lib/armv7-m\libc_nano.a(lib_a-nano-msizer.o)
 .ARM.attributes
                0x00000934       0x1d c:/program files (x86)/atollic/truestudio for stm32 9.3.0/armtools/bin/../lib/gcc/arm-atollic-eabi/6.3.1/armv7-m\libgcc.a(_arm_addsubdf3.o)
 .ARM.attributes
                0x00000951       0x1d c:/program files (x86)/atollic/truestudio for stm32 9.3.0/armtools/bin/../lib/gcc/arm-atollic-eabi/6.3.1/armv7-m\libgcc.a(_arm_muldivdf3.o)
 .ARM.attributes
                0x0000096e       0x1d c:/program files (x86)/atollic/truestudio for stm32 9.3.0/armtools/bin/../lib/gcc/arm-atollic-eabi/6.3.1/armv7-m\libgcc.a(_arm_cmpdf2.o)
 .ARM.attributes
                0x0000098b       0x1d c:/program files (x86)/atollic/truestudio for stm32 9.3.0/armtools/bin/../lib/gcc/arm-atollic-eabi/6.3.1/armv7-m\libgcc.a(_arm_fixdfsi.o)
 .ARM.attributes
                0x000009a8       0x1d c:/program files (x86)/atollic/truestudio for stm32 9.3.0/armtools/bin/../lib/gcc/arm-atollic-eabi/6.3.1/armv7-m\libgcc.a(_arm_truncdfsf2.o)
 .ARM.attributes
                0x000009c5       0x1d c:/program files (x86)/atollic/truestudio for stm32 9.3.0/armtools/bin/../lib/gcc/arm-atollic-eabi/6.3.1/armv7-m\libgcc.a(_arm_addsubsf3.o)
 .ARM.attributes
                0x000009e2       0x1d c:/program files (x86)/atollic/truestudio for stm32 9.3.0/armtools/bin/../lib/gcc/arm-atollic-eabi/6.3.1/armv7-m\libgcc.a(_arm_muldivsf3.o)
 .ARM.attributes
                0x000009ff       0x1d c:/program files (x86)/atollic/truestudio for stm32 9.3.0/armtools/bin/../lib/gcc/arm-atollic-eabi/6.3.1/armv7-m\libgcc.a(_arm_fixsfsi.o)
 .ARM.attributes
                0x00000a1c       0x1d c:/program files (x86)/atollic/truestudio for stm32 9.3.0/armtools/bin/../lib/gcc/arm-atollic-eabi/6.3.1/armv7-m/crtn.o
OUTPUT(solar.elf elf32-littlearm)

.debug_info     0x00000000    0x2114f
 .debug_info    0x00000000      0xeb1 Drivers\STM32L1xx_HAL_Driver\Src\stm32l1xx_hal.o
 .debug_info    0x00000eb1     0x18d9 Drivers\STM32L1xx_HAL_Driver\Src\stm32l1xx_hal_adc.o
 .debug_info    0x0000278a     0x16bf Drivers\STM32L1xx_HAL_Driver\Src\stm32l1xx_hal_cortex.o
 .debug_info    0x00003e49     0x1026 Drivers\STM32L1xx_HAL_Driver\Src\stm32l1xx_hal_dma.o
 .debug_info    0x00004e6f      0xe9c Drivers\STM32L1xx_HAL_Driver\Src\stm32l1xx_hal_gpio.o
 .debug_info    0x00005d0b     0x35b9 Drivers\STM32L1xx_HAL_Driver\Src\stm32l1xx_hal_i2c.o
 .debug_info    0x000092c4     0x1e43 Drivers\STM32L1xx_HAL_Driver\Src\stm32l1xx_hal_rcc.o
 .debug_info    0x0000b107      0xe65 Drivers\STM32L1xx_HAL_Driver\Src\stm32l1xx_hal_rcc_ex.o
 .debug_info    0x0000bf6c     0x1208 Drivers\STM32L1xx_HAL_Driver\Src\stm32l1xx_hal_rtc.o
 .debug_info    0x0000d174     0x1c67 Drivers\STM32L1xx_HAL_Driver\Src\stm32l1xx_hal_rtc_ex.o
 .debug_info    0x0000eddb     0x19e3 Drivers\STM32L1xx_HAL_Driver\Src\stm32l1xx_hal_uart.o
 .debug_info    0x000107be     0x123c Src\adc.o
 .debug_info    0x000119fa     0x1159 Src\bh1750.o
 .debug_info    0x00012b53      0xc0c Src\dma.o
 .debug_info    0x0001375f       0xe5 Src\filter_sred.o
 .debug_info    0x00013844      0xd8e Src\gpio.o
 .debug_info    0x000145d2     0x114f Src\i2c.o
 .debug_info    0x00015721     0x384e Src\main.o
 .debug_info    0x00018f6f      0xe83 Src\rtc.o
 .debug_info    0x00019df2     0x1b1b Src\sim7020.o
 .debug_info    0x0001b90d      0xa7d Src\stm32l1xx_hal_msp.o
 .debug_info    0x0001c38a      0xe92 Src\stm32l1xx_it.o
 .debug_info    0x0001d21c      0xfe1 Src\syscalls.o
 .debug_info    0x0001e1fd      0xc69 Src\system_stm32l1xx.o
 .debug_info    0x0001ee66      0xed5 Src\troykaI2CHub.o
 .debug_info    0x0001fd3b     0x13a3 Src\usart.o
 .debug_info    0x000210de       0x71 startup\startup_stm32l100xc.o

.debug_abbrev   0x00000000     0x4417
 .debug_abbrev  0x00000000      0x2a4 Drivers\STM32L1xx_HAL_Driver\Src\stm32l1xx_hal.o
 .debug_abbrev  0x000002a4      0x37a Drivers\STM32L1xx_HAL_Driver\Src\stm32l1xx_hal_adc.o
 .debug_abbrev  0x0000061e      0x386 Drivers\STM32L1xx_HAL_Driver\Src\stm32l1xx_hal_cortex.o
 .debug_abbrev  0x000009a4      0x29e Drivers\STM32L1xx_HAL_Driver\Src\stm32l1xx_hal_dma.o
 .debug_abbrev  0x00000c42      0x268 Drivers\STM32L1xx_HAL_Driver\Src\stm32l1xx_hal_gpio.o
 .debug_abbrev  0x00000eaa      0x396 Drivers\STM32L1xx_HAL_Driver\Src\stm32l1xx_hal_i2c.o
 .debug_abbrev  0x00001240      0x37e Drivers\STM32L1xx_HAL_Driver\Src\stm32l1xx_hal_rcc.o
 .debug_abbrev  0x000015be      0x311 Drivers\STM32L1xx_HAL_Driver\Src\stm32l1xx_hal_rcc_ex.o
 .debug_abbrev  0x000018cf      0x2c6 Drivers\STM32L1xx_HAL_Driver\Src\stm32l1xx_hal_rtc.o
 .debug_abbrev  0x00001b95      0x2d5 Drivers\STM32L1xx_HAL_Driver\Src\stm32l1xx_hal_rtc_ex.o
 .debug_abbrev  0x00001e6a      0x36c Drivers\STM32L1xx_HAL_Driver\Src\stm32l1xx_hal_uart.o
 .debug_abbrev  0x000021d6      0x245 Src\adc.o
 .debug_abbrev  0x0000241b      0x2b0 Src\bh1750.o
 .debug_abbrev  0x000026cb      0x1f5 Src\dma.o
 .debug_abbrev  0x000028c0       0xba Src\filter_sred.o
 .debug_abbrev  0x0000297a      0x1f9 Src\gpio.o
 .debug_abbrev  0x00002b73      0x24d Src\i2c.o
 .debug_abbrev  0x00002dc0      0x444 Src\main.o
 .debug_abbrev  0x00003204      0x272 Src\rtc.o
 .debug_abbrev  0x00003476      0x2c1 Src\sim7020.o
 .debug_abbrev  0x00003737      0x1b1 Src\stm32l1xx_hal_msp.o
 .debug_abbrev  0x000038e8      0x206 Src\stm32l1xx_it.o
 .debug_abbrev  0x00003aee      0x2d9 Src\syscalls.o
 .debug_abbrev  0x00003dc7      0x1ca Src\system_stm32l1xx.o
 .debug_abbrev  0x00003f91      0x221 Src\troykaI2CHub.o
 .debug_abbrev  0x000041b2      0x253 Src\usart.o
 .debug_abbrev  0x00004405       0x12 startup\startup_stm32l100xc.o

.debug_loc      0x00000000     0x7bcc
 .debug_loc     0x00000000       0x6a Drivers\STM32L1xx_HAL_Driver\Src\stm32l1xx_hal.o
 .debug_loc     0x0000006a      0x83c Drivers\STM32L1xx_HAL_Driver\Src\stm32l1xx_hal_adc.o
 .debug_loc     0x000008a6      0x48c Drivers\STM32L1xx_HAL_Driver\Src\stm32l1xx_hal_cortex.o
 .debug_loc     0x00000d32      0x5c6 Drivers\STM32L1xx_HAL_Driver\Src\stm32l1xx_hal_dma.o
 .debug_loc     0x000012f8      0x2ff Drivers\STM32L1xx_HAL_Driver\Src\stm32l1xx_hal_gpio.o
 .debug_loc     0x000015f7     0x25b8 Drivers\STM32L1xx_HAL_Driver\Src\stm32l1xx_hal_i2c.o
 .debug_loc     0x00003baf      0xaf6 Drivers\STM32L1xx_HAL_Driver\Src\stm32l1xx_hal_rcc.o
 .debug_loc     0x000046a5      0x295 Drivers\STM32L1xx_HAL_Driver\Src\stm32l1xx_hal_rcc_ex.o
 .debug_loc     0x0000493a      0x440 Drivers\STM32L1xx_HAL_Driver\Src\stm32l1xx_hal_rtc.o
 .debug_loc     0x00004d7a     0x109b Drivers\STM32L1xx_HAL_Driver\Src\stm32l1xx_hal_rtc_ex.o
 .debug_loc     0x00005e15      0xdb4 Drivers\STM32L1xx_HAL_Driver\Src\stm32l1xx_hal_uart.o
 .debug_loc     0x00006bc9       0x63 Src\adc.o
 .debug_loc     0x00006c2c      0x133 Src\bh1750.o
 .debug_loc     0x00006d5f       0x86 Src\filter_sred.o
 .debug_loc     0x00006de5       0x58 Src\i2c.o
 .debug_loc     0x00006e3d      0x450 Src\main.o
 .debug_loc     0x0000728d       0x2c Src\rtc.o
 .debug_loc     0x000072b9      0x32b Src\sim7020.o
 .debug_loc     0x000075e4      0x3ef Src\syscalls.o
 .debug_loc     0x000079d3      0x135 Src\system_stm32l1xx.o
 .debug_loc     0x00007b08       0x3a Src\troykaI2CHub.o
 .debug_loc     0x00007b42       0x8a Src\usart.o

.debug_aranges  0x00000000      0xce8
 .debug_aranges
                0x00000000       0xa8 Drivers\STM32L1xx_HAL_Driver\Src\stm32l1xx_hal.o
 .debug_aranges
                0x000000a8       0xc8 Drivers\STM32L1xx_HAL_Driver\Src\stm32l1xx_hal_adc.o
 .debug_aranges
                0x00000170       0xa8 Drivers\STM32L1xx_HAL_Driver\Src\stm32l1xx_hal_cortex.o
 .debug_aranges
                0x00000218       0x78 Drivers\STM32L1xx_HAL_Driver\Src\stm32l1xx_hal_dma.o
 .debug_aranges
                0x00000290       0x58 Drivers\STM32L1xx_HAL_Driver\Src\stm32l1xx_hal_gpio.o
 .debug_aranges
                0x000002e8      0x190 Drivers\STM32L1xx_HAL_Driver\Src\stm32l1xx_hal_i2c.o
 .debug_aranges
                0x00000478       0x90 Drivers\STM32L1xx_HAL_Driver\Src\stm32l1xx_hal_rcc.o
 .debug_aranges
                0x00000508       0x58 Drivers\STM32L1xx_HAL_Driver\Src\stm32l1xx_hal_rcc_ex.o
 .debug_aranges
                0x00000560       0x80 Drivers\STM32L1xx_HAL_Driver\Src\stm32l1xx_hal_rtc.o
 .debug_aranges
                0x000005e0      0x148 Drivers\STM32L1xx_HAL_Driver\Src\stm32l1xx_hal_rtc_ex.o
 .debug_aranges
                0x00000728      0x108 Drivers\STM32L1xx_HAL_Driver\Src\stm32l1xx_hal_uart.o
 .debug_aranges
                0x00000830       0x30 Src\adc.o
 .debug_aranges
                0x00000860       0x58 Src\bh1750.o
 .debug_aranges
                0x000008b8       0x20 Src\dma.o
 .debug_aranges
                0x000008d8       0x20 Src\filter_sred.o
 .debug_aranges
                0x000008f8       0x20 Src\gpio.o
 .debug_aranges
                0x00000918       0x30 Src\i2c.o
 .debug_aranges
                0x00000948      0x130 Src\main.o
 .debug_aranges
                0x00000a78       0x30 Src\rtc.o
 .debug_aranges
                0x00000aa8       0x60 Src\sim7020.o
 .debug_aranges
                0x00000b08       0x20 Src\stm32l1xx_hal_msp.o
 .debug_aranges
                0x00000b28       0x60 Src\stm32l1xx_it.o
 .debug_aranges
                0x00000b88       0xb0 Src\syscalls.o
 .debug_aranges
                0x00000c38       0x28 Src\system_stm32l1xx.o
 .debug_aranges
                0x00000c60       0x28 Src\troykaI2CHub.o
 .debug_aranges
                0x00000c88       0x38 Src\usart.o
 .debug_aranges
                0x00000cc0       0x28 startup\startup_stm32l100xc.o

.debug_ranges   0x00000000     0x13a8
 .debug_ranges  0x00000000       0x98 Drivers\STM32L1xx_HAL_Driver\Src\stm32l1xx_hal.o
 .debug_ranges  0x00000098       0xd0 Drivers\STM32L1xx_HAL_Driver\Src\stm32l1xx_hal_adc.o
 .debug_ranges  0x00000168      0x140 Drivers\STM32L1xx_HAL_Driver\Src\stm32l1xx_hal_cortex.o
 .debug_ranges  0x000002a8       0xa8 Drivers\STM32L1xx_HAL_Driver\Src\stm32l1xx_hal_dma.o
 .debug_ranges  0x00000350       0x68 Drivers\STM32L1xx_HAL_Driver\Src\stm32l1xx_hal_gpio.o
 .debug_ranges  0x000003b8      0x418 Drivers\STM32L1xx_HAL_Driver\Src\stm32l1xx_hal_i2c.o
 .debug_ranges  0x000007d0      0x2a8 Drivers\STM32L1xx_HAL_Driver\Src\stm32l1xx_hal_rcc.o
 .debug_ranges  0x00000a78       0x90 Drivers\STM32L1xx_HAL_Driver\Src\stm32l1xx_hal_rcc_ex.o
 .debug_ranges  0x00000b08       0x70 Drivers\STM32L1xx_HAL_Driver\Src\stm32l1xx_hal_rtc.o
 .debug_ranges  0x00000b78      0x138 Drivers\STM32L1xx_HAL_Driver\Src\stm32l1xx_hal_rtc_ex.o
 .debug_ranges  0x00000cb0      0x140 Drivers\STM32L1xx_HAL_Driver\Src\stm32l1xx_hal_uart.o
 .debug_ranges  0x00000df0       0x58 Src\adc.o
 .debug_ranges  0x00000e48       0x48 Src\bh1750.o
 .debug_ranges  0x00000e90       0x40 Src\dma.o
 .debug_ranges  0x00000ed0       0x10 Src\filter_sred.o
 .debug_ranges  0x00000ee0       0xb0 Src\gpio.o
 .debug_ranges  0x00000f90       0x40 Src\i2c.o
 .debug_ranges  0x00000fd0      0x138 Src\main.o
 .debug_ranges  0x00001108       0x20 Src\rtc.o
 .debug_ranges  0x00001128       0x68 Src\sim7020.o
 .debug_ranges  0x00001190       0x28 Src\stm32l1xx_hal_msp.o
 .debug_ranges  0x000011b8       0x50 Src\stm32l1xx_it.o
 .debug_ranges  0x00001208       0xa0 Src\syscalls.o
 .debug_ranges  0x000012a8       0x18 Src\system_stm32l1xx.o
 .debug_ranges  0x000012c0       0x18 Src\troykaI2CHub.o
 .debug_ranges  0x000012d8       0xb0 Src\usart.o
 .debug_ranges  0x00001388       0x20 startup\startup_stm32l100xc.o

.debug_line     0x00000000     0x9218
 .debug_line    0x00000000      0x3ed Drivers\STM32L1xx_HAL_Driver\Src\stm32l1xx_hal.o
 .debug_line    0x000003ed      0x7ef Drivers\STM32L1xx_HAL_Driver\Src\stm32l1xx_hal_adc.o
 .debug_line    0x00000bdc      0x4e4 Drivers\STM32L1xx_HAL_Driver\Src\stm32l1xx_hal_cortex.o
 .debug_line    0x000010c0      0x56d Drivers\STM32L1xx_HAL_Driver\Src\stm32l1xx_hal_dma.o
 .debug_line    0x0000162d      0x460 Drivers\STM32L1xx_HAL_Driver\Src\stm32l1xx_hal_gpio.o
 .debug_line    0x00001a8d     0x19b1 Drivers\STM32L1xx_HAL_Driver\Src\stm32l1xx_hal_i2c.o
 .debug_line    0x0000343e      0xa34 Drivers\STM32L1xx_HAL_Driver\Src\stm32l1xx_hal_rcc.o
 .debug_line    0x00003e72      0x466 Drivers\STM32L1xx_HAL_Driver\Src\stm32l1xx_hal_rcc_ex.o
 .debug_line    0x000042d8      0x52d Drivers\STM32L1xx_HAL_Driver\Src\stm32l1xx_hal_rtc.o
 .debug_line    0x00004805      0xc41 Drivers\STM32L1xx_HAL_Driver\Src\stm32l1xx_hal_rtc_ex.o
 .debug_line    0x00005446      0xa73 Drivers\STM32L1xx_HAL_Driver\Src\stm32l1xx_hal_uart.o
 .debug_line    0x00005eb9      0x365 Src\adc.o
 .debug_line    0x0000621e      0x35c Src\bh1750.o
 .debug_line    0x0000657a      0x27d Src\dma.o
 .debug_line    0x000067f7       0x73 Src\filter_sred.o
 .debug_line    0x0000686a      0x2ec Src\gpio.o
 .debug_line    0x00006b56      0x31e Src\i2c.o
 .debug_line    0x00006e74      0x901 Src\main.o
 .debug_line    0x00007775      0x332 Src\rtc.o
 .debug_line    0x00007aa7      0x4c0 Src\sim7020.o
 .debug_line    0x00007f67      0x248 Src\stm32l1xx_hal_msp.o
 .debug_line    0x000081af      0x33e Src\stm32l1xx_it.o
 .debug_line    0x000084ed      0x3c0 Src\syscalls.o
 .debug_line    0x000088ad      0x282 Src\system_stm32l1xx.o
 .debug_line    0x00008b2f      0x2bf Src\troykaI2CHub.o
 .debug_line    0x00008dee      0x3ad Src\usart.o
 .debug_line    0x0000919b       0x7d startup\startup_stm32l100xc.o

.debug_str      0x00000000     0x4559
 .debug_str     0x00000000      0xb73 Drivers\STM32L1xx_HAL_Driver\Src\stm32l1xx_hal.o
                                0xc20 (size before relaxing)
 .debug_str     0x00000b73      0x6c7 Drivers\STM32L1xx_HAL_Driver\Src\stm32l1xx_hal_adc.o
                                0xdfc (size before relaxing)
 .debug_str     0x0000123a      0x3ef Drivers\STM32L1xx_HAL_Driver\Src\stm32l1xx_hal_cortex.o
                                0xec2 (size before relaxing)
 .debug_str     0x00001629      0x220 Drivers\STM32L1xx_HAL_Driver\Src\stm32l1xx_hal_dma.o
                                0xa85 (size before relaxing)
 .debug_str     0x00001849      0x1bb Drivers\STM32L1xx_HAL_Driver\Src\stm32l1xx_hal_gpio.o
                                0x898 (size before relaxing)
 .debug_str     0x00001a04      0xa1d Drivers\STM32L1xx_HAL_Driver\Src\stm32l1xx_hal_i2c.o
                               0x12cb (size before relaxing)
 .debug_str     0x00002421      0x352 Drivers\STM32L1xx_HAL_Driver\Src\stm32l1xx_hal_rcc.o
                                0xafa (size before relaxing)
 .debug_str     0x00002773      0x19a Drivers\STM32L1xx_HAL_Driver\Src\stm32l1xx_hal_rcc_ex.o
                                0x8c6 (size before relaxing)
 .debug_str     0x0000290d      0x383 Drivers\STM32L1xx_HAL_Driver\Src\stm32l1xx_hal_rtc.o
                                0xa7a (size before relaxing)
 .debug_str     0x00002c90      0x639 Drivers\STM32L1xx_HAL_Driver\Src\stm32l1xx_hal_rtc_ex.o
                                0xfa9 (size before relaxing)
 .debug_str     0x000032c9      0x50a Drivers\STM32L1xx_HAL_Driver\Src\stm32l1xx_hal_uart.o
                                0xe06 (size before relaxing)
 .debug_str     0x000037d3       0x51 Src\adc.o
                                0xba5 (size before relaxing)
 .debug_str     0x00003824      0x183 Src\bh1750.o
                                0xc5b (size before relaxing)
 .debug_str     0x000039a7       0x19 Src\dma.o
                                0x9f1 (size before relaxing)
 .debug_str     0x000039c0       0x4a Src\filter_sred.o
                                0x145 (size before relaxing)
 .debug_str     0x00003a0a       0x1b Src\gpio.o
                                0x752 (size before relaxing)
 .debug_str     0x00003a25       0x2a Src\i2c.o
                                0xbf7 (size before relaxing)
 .debug_str     0x00003a4f      0x5f3 Src\main.o
                               0x1ab2 (size before relaxing)
 .debug_str     0x00004042       0x17 Src\rtc.o
                                0x921 (size before relaxing)
 .debug_str     0x00004059       0xf8 Src\sim7020.o
                                0xb91 (size before relaxing)
 .debug_str     0x00004151       0x1b Src\stm32l1xx_hal_msp.o
                                0x69a (size before relaxing)
 .debug_str     0x0000416c       0xf0 Src\stm32l1xx_it.o
                                0xab8 (size before relaxing)
 .debug_str     0x0000425c      0x24c Src\syscalls.o
                                0x850 (size before relaxing)
 .debug_str     0x000044a8       0x5c Src\system_stm32l1xx.o
                                0x726 (size before relaxing)
 .debug_str     0x00004504       0x3b Src\troykaI2CHub.o
                                0xb22 (size before relaxing)
 .debug_str     0x0000453f       0x1a Src\usart.o
                                0xea6 (size before relaxing)

.comment        0x00000000       0x7c
 .comment       0x00000000       0x7c Drivers\STM32L1xx_HAL_Driver\Src\stm32l1xx_hal.o
                                 0x7d (size before relaxing)
 .comment       0x0000007c       0x7d Drivers\STM32L1xx_HAL_Driver\Src\stm32l1xx_hal_adc.o
 .comment       0x0000007c       0x7d Drivers\STM32L1xx_HAL_Driver\Src\stm32l1xx_hal_cortex.o
 .comment       0x0000007c       0x7d Drivers\STM32L1xx_HAL_Driver\Src\stm32l1xx_hal_dma.o
 .comment       0x0000007c       0x7d Drivers\STM32L1xx_HAL_Driver\Src\stm32l1xx_hal_gpio.o
 .comment       0x0000007c       0x7d Drivers\STM32L1xx_HAL_Driver\Src\stm32l1xx_hal_i2c.o
 .comment       0x0000007c       0x7d Drivers\STM32L1xx_HAL_Driver\Src\stm32l1xx_hal_rcc.o
 .comment       0x0000007c       0x7d Drivers\STM32L1xx_HAL_Driver\Src\stm32l1xx_hal_rcc_ex.o
 .comment       0x0000007c       0x7d Drivers\STM32L1xx_HAL_Driver\Src\stm32l1xx_hal_rtc.o
 .comment       0x0000007c       0x7d Drivers\STM32L1xx_HAL_Driver\Src\stm32l1xx_hal_rtc_ex.o
 .comment       0x0000007c       0x7d Drivers\STM32L1xx_HAL_Driver\Src\stm32l1xx_hal_uart.o
 .comment       0x0000007c       0x7d Src\adc.o
 .comment       0x0000007c       0x7d Src\bh1750.o
 .comment       0x0000007c       0x7d Src\dma.o
 .comment       0x0000007c       0x7d Src\filter_sred.o
 .comment       0x0000007c       0x7d Src\gpio.o
 .comment       0x0000007c       0x7d Src\i2c.o
 .comment       0x0000007c       0x7d Src\main.o
 .comment       0x0000007c       0x7d Src\rtc.o
 .comment       0x0000007c       0x7d Src\sim7020.o
 .comment       0x0000007c       0x7d Src\stm32l1xx_hal_msp.o
 .comment       0x0000007c       0x7d Src\stm32l1xx_it.o
 .comment       0x0000007c       0x7d Src\syscalls.o
 .comment       0x0000007c       0x7d Src\system_stm32l1xx.o
 .comment       0x0000007c       0x7d Src\troykaI2CHub.o
 .comment       0x0000007c       0x7d Src\usart.o

.debug_frame    0x00000000     0x2af4
 .debug_frame   0x00000000      0x164 Drivers\STM32L1xx_HAL_Driver\Src\stm32l1xx_hal.o
 .debug_frame   0x00000164      0x29c Drivers\STM32L1xx_HAL_Driver\Src\stm32l1xx_hal_adc.o
 .debug_frame   0x00000400      0x158 Drivers\STM32L1xx_HAL_Driver\Src\stm32l1xx_hal_cortex.o
 .debug_frame   0x00000558      0x13c Drivers\STM32L1xx_HAL_Driver\Src\stm32l1xx_hal_dma.o
 .debug_frame   0x00000694       0xd4 Drivers\STM32L1xx_HAL_Driver\Src\stm32l1xx_hal_gpio.o
 .debug_frame   0x00000768      0x678 Drivers\STM32L1xx_HAL_Driver\Src\stm32l1xx_hal_i2c.o
 .debug_frame   0x00000de0      0x160 Drivers\STM32L1xx_HAL_Driver\Src\stm32l1xx_hal_rcc.o
 .debug_frame   0x00000f40       0xb0 Drivers\STM32L1xx_HAL_Driver\Src\stm32l1xx_hal_rcc_ex.o
 .debug_frame   0x00000ff0      0x164 Drivers\STM32L1xx_HAL_Driver\Src\stm32l1xx_hal_rtc.o
 .debug_frame   0x00001154      0x418 Drivers\STM32L1xx_HAL_Driver\Src\stm32l1xx_hal_rtc_ex.o
 .debug_frame   0x0000156c      0x320 Drivers\STM32L1xx_HAL_Driver\Src\stm32l1xx_hal_uart.o
 .debug_frame   0x0000188c       0x70 Src\adc.o
 .debug_frame   0x000018fc       0xd8 Src\bh1750.o
 .debug_frame   0x000019d4       0x28 Src\dma.o
 .debug_frame   0x000019fc       0x2c Src\filter_sred.o
 .debug_frame   0x00001a28       0x3c Src\gpio.o
 .debug_frame   0x00001a64       0x60 Src\i2c.o
 .debug_frame   0x00001ac4      0x3c8 Src\main.o
 .debug_frame   0x00001e8c       0x48 Src\rtc.o
 .debug_frame   0x00001ed4      0x134 Src\sim7020.o
 .debug_frame   0x00002008       0x28 Src\stm32l1xx_hal_msp.o
 .debug_frame   0x00002030       0xd0 Src\stm32l1xx_it.o
 .debug_frame   0x00002100      0x1a8 Src\syscalls.o
 .debug_frame   0x000022a8       0x38 Src\system_stm32l1xx.o
 .debug_frame   0x000022e0       0x3c Src\troykaI2CHub.o
 .debug_frame   0x0000231c       0x98 Src\usart.o
 .debug_frame   0x000023b4       0x20 c:/program files (x86)/atollic/truestudio for stm32 9.3.0/armtools/bin/../lib/gcc/arm-atollic-eabi/6.3.1/../../../../arm-atollic-eabi/lib/armv7-m\libc_nano.a(lib_a-errno.o)
 .debug_frame   0x000023d4       0x28 c:/program files (x86)/atollic/truestudio for stm32 9.3.0/armtools/bin/../lib/gcc/arm-atollic-eabi/6.3.1/../../../../arm-atollic-eabi/lib/armv7-m\libc_nano.a(lib_a-exit.o)
 .debug_frame   0x000023fc       0x2c c:/program files (x86)/atollic/truestudio for stm32 9.3.0/armtools/bin/../lib/gcc/arm-atollic-eabi/6.3.1/../../../../arm-atollic-eabi/lib/armv7-m\libc_nano.a(lib_a-init.o)
 .debug_frame   0x00002428       0x30 c:/program files (x86)/atollic/truestudio for stm32 9.3.0/armtools/bin/../lib/gcc/arm-atollic-eabi/6.3.1/../../../../arm-atollic-eabi/lib/armv7-m\libc_nano.a(lib_a-malloc.o)
 .debug_frame   0x00002458       0x20 c:/program files (x86)/atollic/truestudio for stm32 9.3.0/armtools/bin/../lib/gcc/arm-atollic-eabi/6.3.1/../../../../arm-atollic-eabi/lib/armv7-m\libc_nano.a(lib_a-memset.o)
 .debug_frame   0x00002478       0x38 c:/program files (x86)/atollic/truestudio for stm32 9.3.0/armtools/bin/../lib/gcc/arm-atollic-eabi/6.3.1/../../../../arm-atollic-eabi/lib/armv7-m\libc_nano.a(lib_a-nano-freer.o)
 .debug_frame   0x000024b0       0x2c c:/program files (x86)/atollic/truestudio for stm32 9.3.0/armtools/bin/../lib/gcc/arm-atollic-eabi/6.3.1/../../../../arm-atollic-eabi/lib/armv7-m\libc_nano.a(lib_a-nano-mallocr.o)
 .debug_frame   0x000024dc       0x2c c:/program files (x86)/atollic/truestudio for stm32 9.3.0/armtools/bin/../lib/gcc/arm-atollic-eabi/6.3.1/../../../../arm-atollic-eabi/lib/armv7-m\libc_nano.a(lib_a-sbrkr.o)
 .debug_frame   0x00002508       0x7c c:/program files (x86)/atollic/truestudio for stm32 9.3.0/armtools/bin/../lib/gcc/arm-atollic-eabi/6.3.1/../../../../arm-atollic-eabi/lib/armv7-m\libc_nano.a(lib_a-snprintf.o)
 .debug_frame   0x00002584       0x70 c:/program files (x86)/atollic/truestudio for stm32 9.3.0/armtools/bin/../lib/gcc/arm-atollic-eabi/6.3.1/../../../../arm-atollic-eabi/lib/armv7-m\libc_nano.a(lib_a-sprintf.o)
 .debug_frame   0x000025f4       0x30 c:/program files (x86)/atollic/truestudio for stm32 9.3.0/armtools/bin/../lib/gcc/arm-atollic-eabi/6.3.1/../../../../arm-atollic-eabi/lib/armv7-m\libc_nano.a(lib_a-mlock.o)
 .debug_frame   0x00002624       0x90 c:/program files (x86)/atollic/truestudio for stm32 9.3.0/armtools/bin/../lib/gcc/arm-atollic-eabi/6.3.1/../../../../arm-atollic-eabi/lib/armv7-m\libc_nano.a(lib_a-nano-svfprintf.o)
 .debug_frame   0x000026b4       0x60 c:/program files (x86)/atollic/truestudio for stm32 9.3.0/armtools/bin/../lib/gcc/arm-atollic-eabi/6.3.1/../../../../arm-atollic-eabi/lib/armv7-m\libc_nano.a(lib_a-nano-vfprintf_i.o)
 .debug_frame   0x00002714       0x5c c:/program files (x86)/atollic/truestudio for stm32 9.3.0/armtools/bin/../lib/gcc/arm-atollic-eabi/6.3.1/../../../../arm-atollic-eabi/lib/armv7-m\libc_nano.a(lib_a-reent.o)
 .debug_frame   0x00002770       0x28 c:/program files (x86)/atollic/truestudio for stm32 9.3.0/armtools/bin/../lib/gcc/arm-atollic-eabi/6.3.1/../../../../arm-atollic-eabi/lib/armv7-m\libc_nano.a(lib_a-memchr-stub.o)
 .debug_frame   0x00002798       0x28 c:/program files (x86)/atollic/truestudio for stm32 9.3.0/armtools/bin/../lib/gcc/arm-atollic-eabi/6.3.1/../../../../arm-atollic-eabi/lib/armv7-m\libc_nano.a(lib_a-memcpy-stub.o)
 .debug_frame   0x000027c0       0x28 c:/program files (x86)/atollic/truestudio for stm32 9.3.0/armtools/bin/../lib/gcc/arm-atollic-eabi/6.3.1/../../../../arm-atollic-eabi/lib/armv7-m\libc_nano.a(lib_a-memmove.o)
 .debug_frame   0x000027e8       0x3c c:/program files (x86)/atollic/truestudio for stm32 9.3.0/armtools/bin/../lib/gcc/arm-atollic-eabi/6.3.1/../../../../arm-atollic-eabi/lib/armv7-m\libc_nano.a(lib_a-nano-reallocr.o)
 .debug_frame   0x00002824       0x20 c:/program files (x86)/atollic/truestudio for stm32 9.3.0/armtools/bin/../lib/gcc/arm-atollic-eabi/6.3.1/../../../../arm-atollic-eabi/lib/armv7-m\libc_nano.a(lib_a-nano-msizer.o)
 .debug_frame   0x00002844       0xac c:/program files (x86)/atollic/truestudio for stm32 9.3.0/armtools/bin/../lib/gcc/arm-atollic-eabi/6.3.1/armv7-m\libgcc.a(_arm_addsubdf3.o)
 .debug_frame   0x000028f0       0x50 c:/program files (x86)/atollic/truestudio for stm32 9.3.0/armtools/bin/../lib/gcc/arm-atollic-eabi/6.3.1/armv7-m\libgcc.a(_arm_muldivdf3.o)
 .debug_frame   0x00002940       0xc4 c:/program files (x86)/atollic/truestudio for stm32 9.3.0/armtools/bin/../lib/gcc/arm-atollic-eabi/6.3.1/armv7-m\libgcc.a(_arm_cmpdf2.o)
 .debug_frame   0x00002a04       0x24 c:/program files (x86)/atollic/truestudio for stm32 9.3.0/armtools/bin/../lib/gcc/arm-atollic-eabi/6.3.1/armv7-m\libgcc.a(_arm_fixdfsi.o)
 .debug_frame   0x00002a28       0x24 c:/program files (x86)/atollic/truestudio for stm32 9.3.0/armtools/bin/../lib/gcc/arm-atollic-eabi/6.3.1/armv7-m\libgcc.a(_arm_truncdfsf2.o)
 .debug_frame   0x00002a4c       0x4c c:/program files (x86)/atollic/truestudio for stm32 9.3.0/armtools/bin/../lib/gcc/arm-atollic-eabi/6.3.1/armv7-m\libgcc.a(_arm_addsubsf3.o)
 .debug_frame   0x00002a98       0x38 c:/program files (x86)/atollic/truestudio for stm32 9.3.0/armtools/bin/../lib/gcc/arm-atollic-eabi/6.3.1/armv7-m\libgcc.a(_arm_muldivsf3.o)
 .debug_frame   0x00002ad0       0x24 c:/program files (x86)/atollic/truestudio for stm32 9.3.0/armtools/bin/../lib/gcc/arm-atollic-eabi/6.3.1/armv7-m\libgcc.a(_arm_fixsfsi.o)
