stm32l1xx_hal_adc_ex.c:128:19:HAL_ADCEx_InjectedStart	8	static
stm32l1xx_hal_adc_ex.c:200:19:HAL_ADCEx_InjectedStop	8	static
stm32l1xx_hal_adc_ex.c:253:19:HAL_ADCEx_InjectedPollForConversion	24	static
stm32l1xx_hal_adc_ex.c:388:19:HAL_ADCEx_InjectedStart_IT	8	static
stm32l1xx_hal_adc_ex.c:463:19:HAL_ADCEx_InjectedStop_IT	8	static
stm32l1xx_hal_adc_ex.c:541:10:HAL_ADCEx_InjectedGetValue	0	static
stm32l1xx_hal_adc_ex.c:576:13:HAL_ADCEx_InjectedConvCpltCallback	0	static
stm32l1xx_hal_adc_ex.c:618:19:HAL_ADCEx_InjectedConfigChannel	32	static
