stm32l1xx_hal_i2c.c:5309:26:I2C_IsAcknowledgeFailed	0	static
stm32l1xx_hal_i2c.c:5111:26:I2C_WaitOnMasterAddressFlagUntilTimeout	32	static
stm32l1xx_hal_i2c.c:5080:26:I2C_WaitOnFlagUntilTimeout	32	static
stm32l1xx_hal_i2c.c:5159:26:I2C_WaitOnTXEFlagUntilTimeout	16	static
stm32l1xx_hal_i2c.c:4730:26:I2C_RequestMemoryWrite	40	static
stm32l1xx_hal_i2c.c:4821:26:I2C_RequestMemoryRead	40	static
stm32l1xx_hal_i2c.c:5267:26:I2C_WaitOnRXNEFlagUntilTimeout	16	static
stm32l1xx_hal_i2c.c:5196:26:I2C_WaitOnBTFFlagUntilTimeout	16	static
stm32l1xx_hal_i2c.c:490:14:HAL_I2C_MspInit	0	static
stm32l1xx_hal_i2c.c:365:19:HAL_I2C_Init	16	static
stm32l1xx_hal_i2c.c:506:14:HAL_I2C_MspDeInit	0	static
stm32l1xx_hal_i2c.c:454:19:HAL_I2C_DeInit	8	static
stm32l1xx_hal_i2c.c:595:19:HAL_I2C_Master_Transmit	40	static
stm32l1xx_hal_i2c.c:727:19:HAL_I2C_Master_Receive	64	static
stm32l1xx_hal_i2c.c:958:19:HAL_I2C_Slave_Transmit	40	static
stm32l1xx_hal_i2c.c:1086:19:HAL_I2C_Slave_Receive	40	static
stm32l1xx_hal_i2c.c:1212:19:HAL_I2C_Master_Transmit_IT	24	static
stm32l1xx_hal_i2c.c:1289:19:HAL_I2C_Master_Receive_IT	24	static
stm32l1xx_hal_i2c.c:1372:19:HAL_I2C_Master_Sequential_Transmit_IT	24	static
stm32l1xx_hal_i2c.c:1472:19:HAL_I2C_Master_Sequential_Receive_IT	24	static
stm32l1xx_hal_i2c.c:1573:19:HAL_I2C_Slave_Transmit_IT	8	static
stm32l1xx_hal_i2c.c:1634:19:HAL_I2C_Slave_Receive_IT	8	static
stm32l1xx_hal_i2c.c:1697:19:HAL_I2C_Slave_Sequential_Transmit_IT	24	static
stm32l1xx_hal_i2c.c:1763:19:HAL_I2C_Slave_Sequential_Receive_IT	24	static
stm32l1xx_hal_i2c.c:1825:19:HAL_I2C_EnableListen_IT	0	static
stm32l1xx_hal_i2c.c:1858:19:HAL_I2C_DisableListen_IT	0	static
stm32l1xx_hal_i2c.c:1895:19:HAL_I2C_Master_Transmit_DMA	24	static
stm32l1xx_hal_i2c.c:2013:19:HAL_I2C_Master_Receive_DMA	24	static
stm32l1xx_hal_i2c.c:2176:19:HAL_I2C_Slave_Transmit_DMA	16	static
stm32l1xx_hal_i2c.c:2252:19:HAL_I2C_Slave_Receive_DMA	16	static
stm32l1xx_hal_i2c.c:2332:19:HAL_I2C_Mem_Write	48	static
stm32l1xx_hal_i2c.c:2471:19:HAL_I2C_Mem_Read	64	static
stm32l1xx_hal_i2c.c:2702:19:HAL_I2C_Mem_Write_IT	48	static
stm32l1xx_hal_i2c.c:2795:19:HAL_I2C_Mem_Read_IT	64	static
stm32l1xx_hal_i2c.c:2919:19:HAL_I2C_Mem_Write_DMA	56	static
stm32l1xx_hal_i2c.c:3030:19:HAL_I2C_Mem_Read_DMA	56	static
stm32l1xx_hal_i2c.c:3151:19:HAL_I2C_IsDeviceReady	48	static
stm32l1xx_hal_i2c.c:3448:14:HAL_I2C_MasterTxCpltCallback	0	static
stm32l1xx_hal_i2c.c:3464:13:HAL_I2C_MasterRxCpltCallback	0	static
stm32l1xx_hal_i2c.c:3479:14:HAL_I2C_SlaveTxCpltCallback	0	static
stm32l1xx_hal_i2c.c:3495:13:HAL_I2C_SlaveRxCpltCallback	0	static
stm32l1xx_hal_i2c.c:3513:13:HAL_I2C_AddrCallback	0	static
stm32l1xx_hal_i2c.c:3531:13:HAL_I2C_ListenCpltCallback	0	static
stm32l1xx_hal_i2c.c:3547:14:HAL_I2C_MemTxCpltCallback	0	static
stm32l1xx_hal_i2c.c:3563:13:HAL_I2C_MemRxCpltCallback	0	static
stm32l1xx_hal_i2c.c:3579:14:HAL_I2C_ErrorCallback	0	static
stm32l1xx_hal_i2c.c:5008:13:I2C_DMAError	8	static
stm32l1xx_hal_i2c.c:4948:13:I2C_DMAXferCplt	8	static
stm32l1xx_hal_i2c.c:3595:13:HAL_I2C_AbortCpltCallback	0	static
stm32l1xx_hal_i2c.c:4424:13:I2C_ITError	8	static
stm32l1xx_hal_i2c.c:2130:19:HAL_I2C_Master_Abort_IT	8	static
stm32l1xx_hal_i2c.c:3273:6:HAL_I2C_EV_IRQHandler	64	static
stm32l1xx_hal_i2c.c:3378:6:HAL_I2C_ER_IRQHandler	16	static
stm32l1xx_hal_i2c.c:5031:13:I2C_DMAAbort	8	static
stm32l1xx_hal_i2c.c:3630:22:HAL_I2C_GetState	0	static
stm32l1xx_hal_i2c.c:3642:21:HAL_I2C_GetMode	0	static
stm32l1xx_hal_i2c.c:3653:10:HAL_I2C_GetError	0	static
