stm32l1xx_hal_tim.c:4455:13:TIM_Base_SetConfig	0	static
stm32l1xx_hal_tim.c:4493:13:TIM_OC1_SetConfig	12	static
stm32l1xx_hal_tim.c:4540:13:TIM_OC2_SetConfig	12	static
stm32l1xx_hal_tim.c:4829:13:TIM_TI1_SetConfig	16	static
stm32l1xx_hal_tim.c:5153:13:TIM_CCxChannelCmd	8	static
stm32l1xx_hal_tim.c:4685:13:TIM_SlaveTimer_SetConfig	12	static
stm32l1xx_hal_tim.c:273:13:HAL_TIM_Base_MspInit	0	static
stm32l1xx_hal_tim.c:207:19:HAL_TIM_Base_Init	8	static
stm32l1xx_hal_tim.c:288:13:HAL_TIM_Base_MspDeInit	0	static
stm32l1xx_hal_tim.c:246:19:HAL_TIM_Base_DeInit	8	static
stm32l1xx_hal_tim.c:304:19:HAL_TIM_Base_Start	0	static
stm32l1xx_hal_tim.c:327:19:HAL_TIM_Base_Stop	0	static
stm32l1xx_hal_tim.c:350:19:HAL_TIM_Base_Start_IT	0	static
stm32l1xx_hal_tim.c:370:19:HAL_TIM_Base_Stop_IT	0	static
stm32l1xx_hal_tim.c:391:19:HAL_TIM_Base_Start_DMA	8	static
stm32l1xx_hal_tim.c:440:19:HAL_TIM_Base_Stop_DMA	0	static
stm32l1xx_hal_tim.c:555:13:HAL_TIM_OC_MspInit	0	static
stm32l1xx_hal_tim.c:489:19:HAL_TIM_OC_Init	8	static
stm32l1xx_hal_tim.c:570:13:HAL_TIM_OC_MspDeInit	0	static
stm32l1xx_hal_tim.c:528:19:HAL_TIM_OC_DeInit	8	static
stm32l1xx_hal_tim.c:1030:13:HAL_TIM_PWM_MspInit	0	static
stm32l1xx_hal_tim.c:964:19:HAL_TIM_PWM_Init	8	static
stm32l1xx_hal_tim.c:1045:13:HAL_TIM_PWM_MspDeInit	0	static
stm32l1xx_hal_tim.c:1003:19:HAL_TIM_PWM_DeInit	8	static
stm32l1xx_hal_tim.c:1092:19:HAL_TIM_PWM_Stop	8	static
stm32l1xx_hal_tim.c:1244:19:HAL_TIM_PWM_Start_DMA	16	static
stm32l1xx_hal_tim.c:765:19:HAL_TIM_OC_Start_DMA	0	static
stm32l1xx_hal_tim.c:1509:13:HAL_TIM_IC_MspInit	0	static
stm32l1xx_hal_tim.c:1443:19:HAL_TIM_IC_Init	8	static
stm32l1xx_hal_tim.c:1524:13:HAL_TIM_IC_MspDeInit	0	static
stm32l1xx_hal_tim.c:1482:19:HAL_TIM_IC_DeInit	8	static
stm32l1xx_hal_tim.c:1545:19:HAL_TIM_IC_Start	8	static
stm32l1xx_hal_tim.c:1066:19:HAL_TIM_PWM_Start	0	static
stm32l1xx_hal_tim.c:591:19:HAL_TIM_OC_Start	0	static
stm32l1xx_hal_tim.c:1571:19:HAL_TIM_IC_Stop	8	static
stm32l1xx_hal_tim.c:617:19:HAL_TIM_OC_Stop	0	static
stm32l1xx_hal_tim.c:1597:19:HAL_TIM_IC_Start_IT	8	static
stm32l1xx_hal_tim.c:1121:19:HAL_TIM_PWM_Start_IT	0	static
stm32l1xx_hal_tim.c:643:19:HAL_TIM_OC_Start_IT	0	static
stm32l1xx_hal_tim.c:1656:19:HAL_TIM_IC_Stop_IT	8	static
stm32l1xx_hal_tim.c:1181:19:HAL_TIM_PWM_Stop_IT	0	static
stm32l1xx_hal_tim.c:703:19:HAL_TIM_OC_Stop_IT	0	static
stm32l1xx_hal_tim.c:1718:19:HAL_TIM_IC_Start_DMA	16	static
stm32l1xx_hal_tim.c:1835:19:HAL_TIM_IC_Stop_DMA	8	static
stm32l1xx_hal_tim.c:1360:19:HAL_TIM_PWM_Stop_DMA	0	static
stm32l1xx_hal_tim.c:881:19:HAL_TIM_OC_Stop_DMA	0	static
stm32l1xx_hal_tim.c:1995:13:HAL_TIM_OnePulse_MspInit	0	static
stm32l1xx_hal_tim.c:1922:19:HAL_TIM_OnePulse_Init	16	static
stm32l1xx_hal_tim.c:2010:13:HAL_TIM_OnePulse_MspDeInit	0	static
stm32l1xx_hal_tim.c:1968:19:HAL_TIM_OnePulse_DeInit	8	static
stm32l1xx_hal_tim.c:2029:19:HAL_TIM_OnePulse_Start	0	static
stm32l1xx_hal_tim.c:2056:19:HAL_TIM_OnePulse_Stop	0	static
stm32l1xx_hal_tim.c:2083:19:HAL_TIM_OnePulse_Start_IT	0	static
stm32l1xx_hal_tim.c:2116:19:HAL_TIM_OnePulse_Stop_IT	0	static
stm32l1xx_hal_tim.c:2287:13:HAL_TIM_Encoder_MspInit	0	static
stm32l1xx_hal_tim.c:2170:19:HAL_TIM_Encoder_Init	24	static
stm32l1xx_hal_tim.c:2302:13:HAL_TIM_Encoder_MspDeInit	0	static
stm32l1xx_hal_tim.c:2260:19:HAL_TIM_Encoder_DeInit	8	static
stm32l1xx_hal_tim.c:2322:19:HAL_TIM_Encoder_Start	0	static
stm32l1xx_hal_tim.c:2364:19:HAL_TIM_Encoder_Stop	0	static
stm32l1xx_hal_tim.c:2408:19:HAL_TIM_Encoder_Start_IT	0	static
stm32l1xx_hal_tim.c:2456:19:HAL_TIM_Encoder_Stop_IT	0	static
stm32l1xx_hal_tim.c:2510:19:HAL_TIM_Encoder_Start_DMA	24	static
stm32l1xx_hal_tim.c:2631:19:HAL_TIM_Encoder_Stop_DMA	0	static
stm32l1xx_hal_tim.c:2838:19:HAL_TIM_OC_ConfigChannel	16	static
stm32l1xx_hal_tim.c:2907:19:HAL_TIM_IC_ConfigChannel	24	static
stm32l1xx_hal_tim.c:3003:19:HAL_TIM_PWM_ConfigChannel	16	static
stm32l1xx_hal_tim.c:3103:19:HAL_TIM_OnePulse_ConfigChannel	40	static
stm32l1xx_hal_tim.c:3234:19:HAL_TIM_DMABurst_WriteStart	24	static
stm32l1xx_hal_tim.c:3442:19:HAL_TIM_DMABurst_ReadStart	24	static
stm32l1xx_hal_tim.c:3567:19:HAL_TIM_DMABurst_ReadStop	16	static
stm32l1xx_hal_tim.c:3358:19:HAL_TIM_DMABurst_WriteStop	0	static
stm32l1xx_hal_tim.c:3631:19:HAL_TIM_GenerateEvent	0	static
stm32l1xx_hal_tim.c:3668:19:HAL_TIM_ConfigOCrefClear	16	static
stm32l1xx_hal_tim.c:3799:19:HAL_TIM_ConfigClockSource	16	static
stm32l1xx_hal_tim.c:3973:19:HAL_TIM_ConfigTI1Input	0	static
stm32l1xx_hal_tim.c:4005:19:HAL_TIM_SlaveConfigSynchronization	16	static
stm32l1xx_hal_tim.c:4040:19:HAL_TIM_SlaveConfigSynchronization_IT	16	static
stm32l1xx_hal_tim.c:4078:10:HAL_TIM_ReadCapturedValue	0	static
stm32l1xx_hal_tim.c:4165:13:HAL_TIM_PeriodElapsedCallback	0	static
stm32l1xx_hal_tim.c:4426:13:TIM_DMAPeriodElapsedCplt	8	static
stm32l1xx_hal_tim.c:4180:13:HAL_TIM_OC_DelayElapsedCallback	0	static
stm32l1xx_hal_tim.c:4194:13:HAL_TIM_IC_CaptureCallback	0	static
stm32l1xx_hal_tim.c:4380:6:TIM_DMACaptureCplt	8	static
stm32l1xx_hal_tim.c:4209:13:HAL_TIM_PWM_PulseFinishedCallback	0	static
stm32l1xx_hal_tim.c:4347:6:TIM_DMADelayPulseCplt	8	static
stm32l1xx_hal_tim.c:4224:13:HAL_TIM_TriggerCallback	0	static
stm32l1xx_hal_tim.c:2693:6:HAL_TIM_IRQHandler	8	static
stm32l1xx_hal_tim.c:4440:13:TIM_DMATriggerCplt	8	static
stm32l1xx_hal_tim.c:4239:13:HAL_TIM_ErrorCallback	0	static
stm32l1xx_hal_tim.c:4333:6:TIM_DMAError	8	static
stm32l1xx_hal_tim.c:4273:22:HAL_TIM_Base_GetState	0	static
stm32l1xx_hal_tim.c:4283:22:HAL_TIM_OC_GetState	0	static
stm32l1xx_hal_tim.c:4293:22:HAL_TIM_PWM_GetState	0	static
stm32l1xx_hal_tim.c:4303:22:HAL_TIM_IC_GetState	0	static
stm32l1xx_hal_tim.c:4313:22:HAL_TIM_OnePulse_GetState	0	static
stm32l1xx_hal_tim.c:4323:22:HAL_TIM_Encoder_GetState	0	static
