main.c:220:10:createBuffer	16	static
main.c:228:6:getDateTime	32	static
main.c:247:7:RTC_Set	48	static
main.c:277:6:batKey1Handler	0	static
main.c:286:6:batKey2Handler	0	static
main.c:295:6:chrKey1Handler	0	static
main.c:304:6:chrKey2Handler	0	static
main.c:313:6:key3VBusHandler	0	static
main.c:322:6:adcRead	16	static
main.c:335:6:readLs	32	static
main.c:358:6:resetLs	8	static
main.c:370:6:sunTrackControl	12	static
main.c:417:6:calculateVBat0	16	static
main.c:433:6:calculateVBat1	16	static
main.c:449:6:I2C_Scan	112	static
main.c:466:6:motor0PositionControl	0	static
main.c:488:6:motor1PositionControl	0	static
main.c:510:6:motor0Handler	16	static
main.c:527:6:motor1Handler	16	static
main.c:544:6:motor2Handler	16	static
main.c:561:6:motor3Handler	16	static
main.c:578:6:motor4Handler	16	static
main.c:595:6:endstop0Control	0	static
main.c:608:6:endstop1Control	0	static
main.c:621:6:endstop00Handler	8	static
main.c:630:6:endstop01Handler	8	static
main.c:639:6:endstop10Handler	8	static
main.c:648:6:endstop11Handler	8	static
main.c:658:6:statusPrint	256	static
main.c:744:6:buttonsHandler	8	static
main.c:932:6:SystemClock_Config	104	static
main.c:793:5:main	24	static
main.c:990:6:HAL_UART_RxCpltCallback	8	static
main.c:1058:6:Error_Handler	0	static
