main.c:242:10:createBuffer	16	static
main.c:250:6:getDateTime	32	static
main.c:269:7:RTC_Set	48	static
main.c:299:6:batKey1Handler	0	static
main.c:308:6:batKey2Handler	0	static
main.c:317:6:key3VBusHandler	0	static
main.c:326:6:adcRead	16	static
main.c:339:6:readLs	32	static
main.c:362:6:resetLs	8	static
main.c:374:6:calculateVBat0	16	static
main.c:390:6:calculateVBat1	16	static
main.c:406:6:I2C_Scan	112	static
main.c:423:6:leftFarmPositionControl	0	static
main.c:447:6:rightFarmPositionControl	0	static
main.c:471:6:liftPositionControl	0	static
main.c:495:6:refreshStateControl	0	static
main.c:552:6:sunTrackControl	12	static
main.c:600:6:mechWakeUpControl	0	static
main.c:620:6:mechSleepControl	8	static
main.c:653:6:motor0Handler	16	static
main.c:670:6:motor1Handler	16	static
main.c:687:6:motor2Handler	16	static
main.c:704:6:motor3Handler	16	static
main.c:721:6:motor4Handler	16	static
main.c:738:6:motor5Handler	16	static
main.c:756:6:endstop0Control	0	static
main.c:769:6:endstop1Control	0	static
main.c:782:6:endstop2Control	0	static
main.c:795:6:endstop00Handler	8	static
main.c:804:6:endstop01Handler	8	static
main.c:813:6:endstop10Handler	8	static
main.c:822:6:endstop11Handler	8	static
main.c:831:6:endstop20Handler	8	static
main.c:840:6:endstop21Handler	8	static
main.c:849:6:endstop30Handler	8	static
main.c:858:6:endstop31Handler	8	static
main.c:867:6:debugPrint0	256	static
main.c:953:6:debugPrint1	320	static
main.c:1123:6:buttonsHandler	8	static
main.c:1351:6:SystemClock_Config	104	static
main.c:1197:5:main	24	static
main.c:1409:6:HAL_UART_RxCpltCallback	8	static
main.c:1454:6:Error_Handler	0	static
