main.c:220:10:createBuffer	16	static
main.c:228:6:getDateTime	32	static
main.c:247:7:RTC_Set	48	static
main.c:277:6:batKey1Handler	0	static
main.c:286:6:batKey2Handler	0	static
main.c:295:6:chrKey1Handler	0	static
main.c:304:6:chrKey2Handler	0	static
main.c:313:6:key3VBusHandler	0	static
main.c:322:6:adcRead	16	static
main.c:335:6:readLs	32	static
main.c:358:6:resetLs	8	static
main.c:370:6:sunTrackControl	12	static
main.c:409:6:calculateVBat0	16	static
main.c:425:6:calculateVBat1	16	static
main.c:441:6:I2C_Scan	112	static
main.c:458:6:motor0PositionControl	0	static
main.c:480:6:motor1PositionControl	0	static
main.c:502:6:motor0Handler	16	static
main.c:519:6:motor1Handler	16	static
main.c:536:6:motor2Handler	16	static
main.c:553:6:motor3Handler	16	static
main.c:570:6:motor4Handler	16	static
main.c:587:6:endstop0Control	0	static
main.c:600:6:endstop1Control	0	static
main.c:613:6:endstop00Handler	8	static
main.c:622:6:endstop01Handler	8	static
main.c:631:6:endstop10Handler	8	static
main.c:640:6:endstop11Handler	8	static
main.c:650:6:statusPrint	256	static
main.c:736:6:buttonsHandler	8	static
main.c:931:6:SystemClock_Config	104	static
main.c:785:5:main	24	static
main.c:989:6:HAL_UART_RxCpltCallback	8	static
main.c:1057:6:Error_Handler	0	static
