main.c:265:10:createBuffer	16	static
main.c:273:6:getDateTime	32	static
main.c:292:7:RTC_Set	48	static
main.c:322:6:batKey1Handler	0	static
main.c:331:6:batKey2Handler	0	static
main.c:340:6:key3VBusHandler	0	static
main.c:349:6:adcRead	24	static
main.c:367:6:readLs	32	static
main.c:390:6:readRain	8	static
main.c:410:6:resetLs	8	static
main.c:422:6:calculateVBat0	16	static
main.c:438:6:calculateVBat1	16	static
main.c:454:6:I2C_Scan	112	static
main.c:471:6:leftFarmPositionControl	0	static
main.c:495:6:rightFarmPositionControl	0	static
main.c:519:6:liftPositionControl	0	static
main.c:543:6:refreshStateControl	0	static
main.c:600:6:sunTrackControl	12	static
main.c:648:6:mechWakeUpControl	0	static
main.c:668:6:mechSleepControl	8	static
main.c:701:6:motor0Handler	16	static
main.c:718:6:motor1Handler	16	static
main.c:735:6:motor2Handler	16	static
main.c:752:6:motor3Handler	16	static
main.c:769:6:motor4Handler	16	static
main.c:786:6:motor5Handler	16	static
main.c:804:6:endstop0Control	0	static
main.c:817:6:endstop1Control	0	static
main.c:830:6:endstop2Control	0	static
main.c:843:6:endstop00Handler	8	static
main.c:852:6:endstop01Handler	8	static
main.c:861:6:endstop10Handler	8	static
main.c:870:6:endstop11Handler	8	static
main.c:879:6:endstop20Handler	8	static
main.c:888:6:endstop21Handler	8	static
main.c:897:6:endstop30Handler	8	static
main.c:906:6:endstop31Handler	8	static
main.c:915:6:debugPrint0	288	static
main.c:1031:6:debugPrint1	320	static
main.c:1203:6:buttonsHandler	8	static
main.c:1220:6:relictMqttReportEstop	896	static
main.c:1276:6:relictMqttReportMechState	384	static
main.c:1384:6:relictMqttReportHandler	8	static
main.c:1577:6:SystemClock_Config	104	static
main.c:1408:5:main	24	static
main.c:1635:6:HAL_UART_RxCpltCallback	8	static
main.c:1680:6:Error_Handler	0	static
