main.c:211:10:createBuffer	16	static
main.c:219:6:getDateTime	32	static
main.c:238:7:RTC_Set	48	static
main.c:268:6:batKey1Handler	0	static
main.c:277:6:batKey2Handler	0	static
main.c:286:6:chrKey1Handler	0	static
main.c:295:6:chrKey2Handler	0	static
main.c:304:6:key3VBusHandler	0	static
main.c:313:6:adcRead	16	static
main.c:326:6:readLs	32	static
main.c:349:6:resetLs	8	static
main.c:361:6:sunTrackControl	12	static
main.c:400:6:calculateVBat0	16	static
main.c:416:6:calculateVBat1	16	static
main.c:432:6:I2C_Scan	112	static
main.c:451:6:motor0PositionControl	0	static
main.c:473:6:motor1PositionControl	0	static
main.c:495:6:motor0Handler	16	static
main.c:512:6:motor1Handler	16	static
main.c:529:6:motor2Handler	16	static
main.c:546:6:motor3Handler	16	static
main.c:563:6:motor4Handler	16	static
main.c:580:6:endstop0Control	0	static
main.c:593:6:endstop1Control	0	static
main.c:606:6:endstop00Handler	8	static
main.c:615:6:endstop01Handler	8	static
main.c:624:6:endstop10Handler	8	static
main.c:633:6:endstop11Handler	8	static
main.c:643:6:statusPrint	256	static
main.c:729:6:buttonsHandler	8	static
main.c:923:6:SystemClock_Config	104	static
main.c:778:5:main	24	static
main.c:969:6:HAL_UART_TxCpltCallback	0	static
main.c:975:6:HAL_UART_RxHalfCpltCallback	0	static
main.c:981:6:HAL_UART_RxCpltCallback	0	static
main.c:996:6:Error_Handler	0	static
